Component: ARM Compiler 5.06 update 6 (build 750) Tool: armlink [4d35ed]

==============================================================================

Section Cross References

    startup_stm32f407xx.o(RESET) refers to startup_stm32f407xx.o(STACK) for __initial_sp
    startup_stm32f407xx.o(RESET) refers to startup_stm32f407xx.o(.text) for Reset_Handler
    startup_stm32f407xx.o(RESET) refers to stm32f4xx_it.o(i.NMI_Handler) for NMI_Handler
    startup_stm32f407xx.o(RESET) refers to stm32f4xx_it.o(i.HardFault_Handler) for HardFault_Handler
    startup_stm32f407xx.o(RESET) refers to stm32f4xx_it.o(i.MemManage_Handler) for MemManage_Handler
    startup_stm32f407xx.o(RESET) refers to stm32f4xx_it.o(i.BusFault_Handler) for BusFault_Handler
    startup_stm32f407xx.o(RESET) refers to stm32f4xx_it.o(i.UsageFault_Handler) for UsageFault_Handler
    startup_stm32f407xx.o(RESET) refers to port.o(.emb_text) for SVC_Handler
    startup_stm32f407xx.o(RESET) refers to stm32f4xx_it.o(i.DebugMon_Handler) for DebugMon_Handler
    startup_stm32f407xx.o(RESET) refers to port.o(i.SysTick_Handler) for SysTick_Handler
    startup_stm32f407xx.o(RESET) refers to stm32f4xx_it.o(i.DMA1_Stream5_IRQHandler) for DMA1_Stream5_IRQHandler
    startup_stm32f407xx.o(RESET) refers to stm32f4xx_it.o(i.CAN1_TX_IRQHandler) for CAN1_TX_IRQHandler
    startup_stm32f407xx.o(RESET) refers to stm32f4xx_it.o(i.CAN1_RX0_IRQHandler) for CAN1_RX0_IRQHandler
    startup_stm32f407xx.o(RESET) refers to stm32f4xx_it.o(i.USART2_IRQHandler) for USART2_IRQHandler
    startup_stm32f407xx.o(RESET) refers to stm32f4xx_it.o(i.TIM6_DAC_IRQHandler) for TIM6_DAC_IRQHandler
    startup_stm32f407xx.o(.text) refers to system_stm32f4xx.o(i.SystemInit) for SystemInit
    startup_stm32f407xx.o(.text) refers to entry.o(.ARM.Collect$$$$00000000) for __main
    main.o(i.HAL_TIM_PeriodElapsedCallback) refers to stm32f4xx_hal.o(i.HAL_IncTick) for HAL_IncTick
    main.o(i.SystemClock_Config) refers to memseta.o(.text) for __aeabi_memclr4
    main.o(i.SystemClock_Config) refers to stm32f4xx_hal_rcc.o(i.HAL_RCC_OscConfig) for HAL_RCC_OscConfig
    main.o(i.SystemClock_Config) refers to stm32f4xx_hal_rcc.o(i.HAL_RCC_ClockConfig) for HAL_RCC_ClockConfig
    main.o(i.main) refers to stm32f4xx_hal.o(i.HAL_Init) for HAL_Init
    main.o(i.main) refers to main.o(i.SystemClock_Config) for SystemClock_Config
    main.o(i.main) refers to gpio.o(i.MX_GPIO_Init) for MX_GPIO_Init
    main.o(i.main) refers to dma.o(i.MX_DMA_Init) for MX_DMA_Init
    main.o(i.main) refers to can.o(i.MX_CAN1_Init) for MX_CAN1_Init
    main.o(i.main) refers to usart.o(i.MX_USART2_UART_Init) for MX_USART2_UART_Init
    main.o(i.main) refers to tim.o(i.MX_TIM3_Init) for MX_TIM3_Init
    main.o(i.main) refers to can.o(i.CAN1_FilterInit) for CAN1_FilterInit
    main.o(i.main) refers to usart.o(i.UART2_RxStart) for UART2_RxStart
    main.o(i.main) refers to stm32f4xx_hal.o(i.HAL_Delay) for HAL_Delay
    main.o(i.main) refers to freertos.o(i.MX_FREERTOS_Init) for MX_FREERTOS_Init
    main.o(i.main) refers to cmsis_os.o(i.osKernelStart) for osKernelStart
    gpio.o(i.MX_GPIO_Init) refers to memseta.o(.text) for __aeabi_memclr4
    gpio.o(i.MX_GPIO_Init) refers to stm32f4xx_hal_gpio.o(i.HAL_GPIO_WritePin) for HAL_GPIO_WritePin
    gpio.o(i.MX_GPIO_Init) refers to stm32f4xx_hal_gpio.o(i.HAL_GPIO_Init) for HAL_GPIO_Init
    freertos.o(i.MX_FREERTOS_Init) refers to cmsis_os.o(i.osMessageCreate) for osMessageCreate
    freertos.o(i.MX_FREERTOS_Init) refers to memcpya.o(.text) for __aeabi_memcpy4
    freertos.o(i.MX_FREERTOS_Init) refers to cmsis_os.o(i.osThreadCreate) for osThreadCreate
    freertos.o(i.MX_FREERTOS_Init) refers to freertos.o(.constdata) for .constdata
    freertos.o(i.MX_FREERTOS_Init) refers to freertos.o(.data) for .data
    freertos.o(i.TaskMSG) refers to windmill.o(i.queue_insert) for queue_insert
    freertos.o(i.TaskMSG) refers to cmsis_os.o(i.osDelay) for osDelay
    freertos.o(i.TaskMSG) refers to usart.o(.data) for uart2_buf
    freertos.o(i.TaskRUN) refers to windmill.o(i.param_init) for param_init
    freertos.o(i.TaskRUN) refers to windmill.o(i.WS2812_reset) for WS2812_reset
    freertos.o(i.TaskRUN) refers to windmill.o(i.windmill_Process) for windmill_Process
    freertos.o(i.TaskRUN) refers to cmsis_os.o(i.osDelay) for osDelay
    freertos.o(i.Task_flow_arrow) refers to windmill.o(i.Run_led) for Run_led
    freertos.o(i.Task_flow_arrow) refers to cmsis_os.o(i.osDelay) for osDelay
    freertos.o(i.Task_flow_arrow) refers to windmill.o(.data) for flow_state
    freertos.o(i.vApplicationGetIdleTaskMemory) refers to freertos.o(.bss) for .bss
    freertos.o(.constdata) refers to freertos.o(.conststring) for .conststring
    freertos.o(.constdata) refers to freertos.o(i.TaskRUN) for TaskRUN
    freertos.o(.constdata) refers to freertos.o(i.TaskMSG) for TaskMSG
    freertos.o(.constdata) refers to freertos.o(i.Task_flow_arrow) for Task_flow_arrow
[...]
    ..\Drivers\STM32F4xx_HAL_Driver\Src\stm32f4xx_hal_rcc.c 0x00000000   Number         0  stm32f4xx_hal_rcc.o ABSOLUTE
    ..\Drivers\STM32F4xx_HAL_Driver\Src\stm32f4xx_hal_rcc_ex.c 0x00000000   Number         0  stm32f4xx_hal_rcc_ex.o ABSOLUTE
    ..\Drivers\STM32F4xx_HAL_Driver\Src\stm32f4xx_hal_tim.c 0x00000000   Number         0  stm32f4xx_hal_tim.o ABSOLUTE
    ..\Drivers\STM32F4xx_HAL_Driver\Src\stm32f4xx_hal_tim_ex.c 0x00000000   Number         0  stm32f4xx_hal_tim_ex.o ABSOLUTE
    ..\Drivers\STM32F4xx_HAL_Driver\Src\stm32f4xx_hal_uart.c 0x00000000   Number         0  stm32f4xx_hal_uart.o ABSOLUTE
    ..\Middlewares\Third_Party\FreeRTOS\Source\CMSIS_RTOS\cmsis_os.c 0x00000000   Number         0  cmsis_os.o ABSOLUTE
    ..\Middlewares\Third_Party\FreeRTOS\Source\portable\RVDS\ARM_CM4F\port.c 0x00000000   Number         0  port.o ABSOLUTE
    ..\\project_1\\M6020_motor.c             0x00000000   Number         0  m6020_motor.o ABSOLUTE
    ..\\project_1\\windmill.c                0x00000000   Number         0  windmill.o ABSOLUTE
    ..\\project_1\\ws2812.c                  0x00000000   Number         0  ws2812.o ABSOLUTE
    ..\project_1\M6020_motor.c               0x00000000   Number         0  m6020_motor.o ABSOLUTE
    ..\project_1\motor.c                     0x00000000   Number         0  motor.o ABSOLUTE
    ..\project_1\pid.c                       0x00000000   Number         0  pid.o ABSOLUTE
    ..\project_1\windmill.c                  0x00000000   Number         0  windmill.o ABSOLUTE
    ..\project_1\ws2812.c                    0x00000000   Number         0  ws2812.o ABSOLUTE
    dc.s                                     0x00000000   Number         0  dc.o ABSOLUTE
    handlers.s                               0x00000000   Number         0  handlers.o ABSOLUTE
    init.s                                   0x00000000   Number         0  init.o ABSOLUTE
    startup_stm32f407xx.s                    0x00000000   Number         0  startup_stm32f407xx.o ABSOLUTE
    RESET                                    0x08000000   Section      392  startup_stm32f407xx.o(RESET)
    .ARM.Collect$$$$00000000                 0x08000188   Section        0  entry.o(.ARM.Collect$$$$00000000)
    .ARM.Collect$$$$00000001                 0x08000188   Section        4  entry2.o(.ARM.Collect$$$$00000001)
    .ARM.Collect$$$$00000004                 0x0800018c   Section        4  entry5.o(.ARM.Collect$$$$00000004)
    .ARM.Collect$$$$00000008                 0x08000190   Section        0  entry7b.o(.ARM.Collect$$$$00000008)
    .ARM.Collect$$$$0000000A                 0x08000190   Section        0  entry8b.o(.ARM.Collect$$$$0000000A)
    .ARM.Collect$$$$0000000B                 0x08000190   Section        8  entry9a.o(.ARM.Collect$$$$0000000B)
    .ARM.Collect$$$$0000000D                 0x08000198   Section        0  entry10a.o(.ARM.Collect$$$$0000000D)
    .ARM.Collect$$$$0000000F                 0x08000198   Section        0  entry11a.o(.ARM.Collect$$$$0000000F)
    .ARM.Collect$$$$00002712                 0x08000198   Section        4  entry2.o(.ARM.Collect$$$$00002712)
    __lit__00000000                          0x08000198   Data           4  entry2.o(.ARM.Collect$$$$00002712)
    .emb_text                                0x0800019c   Section      190  port.o(.emb_text)
    $v0                                      0x0800019c   Number         0  port.o(.emb_text)
    .text                                    0x0800025c   Section       36  startup_stm32f407xx.o(.text)
    $v0                                      0x0800025c   Number         0  startup_stm32f407xx.o(.text)
    .text                                    0x08000280   Section        0  uldiv.o(.text)
    .text                                    0x080002e2   Section        0  memcpya.o(.text)
    .text                                    0x08000306   Section        0  memseta.o(.text)
    .text                                    0x0800032a   Section        0  llshl.o(.text)
    .text                                    0x08000348   Section        0  llushr.o(.text)
    .text                                    0x08000368   Section       36  init.o(.text)
    i.BusFault_Handler                       0x0800038c   Section        0  stm32f4xx_it.o(i.BusFault_Handler)
    i.CAN1_FilterInit                        0x08000390   Section        0  can.o(i.CAN1_FilterInit)
    i.CAN1_RX0_IRQHandler                    0x080003cc   Section        0  stm32f4xx_it.o(i.CAN1_RX0_IRQHandler)
    i.CAN1_TX_IRQHandler                     0x080003d8   Section        0  stm32f4xx_it.o(i.CAN1_TX_IRQHandler)
    i.DMA1_Stream5_IRQHandler                0x080003e4   Section        0  stm32f4xx_it.o(i.DMA1_Stream5_IRQHandler)
    i.DMA_CalcBaseAndBitshift                0x080003f0   Section        0  stm32f4xx_hal_dma.o(i.DMA_CalcBaseAndBitshift)
    DMA_CalcBaseAndBitshift                  0x080003f1   Thumb Code    34  stm32f4xx_hal_dma.o(i.DMA_CalcBaseAndBitshift)
    i.DMA_CheckFifoParam                     0x08000418   Section        0  stm32f4xx_hal_dma.o(i.DMA_CheckFifoParam)
    DMA_CheckFifoParam                       0x08000419   Thumb Code    84  stm32f4xx_hal_dma.o(i.DMA_CheckFifoParam)
    i.DMA_SetConfig                          0x0800046c   Section        0  stm32f4xx_hal_dma.o(i.DMA_SetConfig)
    DMA_SetConfig                            0x0800046d   Thumb Code    40  stm32f4xx_hal_dma.o(i.DMA_SetConfig)
    i.DebugMon_Handler                       0x08000494   Section        0  stm32f4xx_it.o(i.DebugMon_Handler)
    i.Error_Handler                          0x08000496   Section        0  main.o(i.Error_Handler)
    i.Finish_target                          0x08000498   Section        0  windmill.o(i.Finish_target)
    i.Get_next_lamp                          0x08000518   Section        0  windmill.o(i.Get_next_lamp)
    i.HAL_CAN_ActivateNotification           0x08000604   Section        0  stm32f4xx_hal_can.o(i.HAL_CAN_ActivateNotification)
    i.HAL_CAN_ConfigFilter                   0x08000628   Section        0  stm32f4xx_hal_can.o(i.HAL_CAN_ConfigFilter)
    i.HAL_CAN_ErrorCallback                  0x08000734   Section        0  stm32f4xx_hal_can.o(i.HAL_CAN_ErrorCallback)
    i.HAL_CAN_GetRxMessage                   0x08000736   Section        0  stm32f4xx_hal_can.o(i.HAL_CAN_GetRxMessage)
    i.HAL_CAN_IRQHandler                     0x0800081e   Section        0  stm32f4xx_hal_can.o(i.HAL_CAN_IRQHandler)
    i.HAL_CAN_Init                           0x08000a1a   Section        0  stm32f4xx_hal_can.o(i.HAL_CAN_Init)
    i.HAL_CAN_MspInit                        0x08000b34   Section        0  can.o(i.HAL_CAN_MspInit)
    i.HAL_CAN_RxFifo0FullCallback            0x08000bc0   Section        0  stm32f4xx_hal_can.o(i.HAL_CAN_RxFifo0FullCallback)
    i.HAL_CAN_RxFifo0MsgPendingCallback      0x08000bc4   Section        0  can.o(i.HAL_CAN_RxFifo0MsgPendingCallback)
    i.HAL_CAN_RxFifo1FullCallback            0x08000be4   Section        0  stm32f4xx_hal_can.o(i.HAL_CAN_RxFifo1FullCallback)
    i.HAL_CAN_RxFifo1MsgPendingCallback      0x08000be6   Section        0  stm32f4xx_hal_can.o(i.HAL_CAN_RxFifo1MsgPendingCallback)
    i.HAL_CAN_SleepCallback                  0x08000be8   Section        0  stm32f4xx_hal_can.o(i.HAL_CAN_SleepCallback)
    i.HAL_CAN_Start                          0x08000bec   Section        0  stm32f4xx_hal_can.o(i.HAL_CAN_Start)
    i.HAL_CAN_TxMailbox0AbortCallback        0x08000c44   Section        0  stm32f4xx_hal_can.o(i.HAL_CAN_TxMailbox0AbortCallback)
    i.HAL_CAN_TxMailbox0CompleteCallback     0x08000c46   Section        0  stm32f4xx_hal_can.o(i.HAL_CAN_TxMailbox0CompleteCallback)
    i.HAL_CAN_TxMailbox1AbortCallback        0x08000c48   Section        0  stm32f4xx_hal_can.o(i.HAL_CAN_TxMailbox1AbortCallback)
    i.HAL_CAN_TxMailbox1CompleteCallback     0x08000c4a   Section        0  stm32f4xx_hal_can.o(i.HAL_CAN_TxMailbox1CompleteCallback)
    i.HAL_CAN_TxMailbox2AbortCallback        0x08000c4c   Section        0  stm32f4xx_hal_can.o(i.HAL_CAN_TxMailbox2AbortCallback)
    i.HAL_CAN_TxMailbox2CompleteCallback     0x08000c4e   Section        0  stm32f4xx_hal_can.o(i.HAL_CAN_TxMailbox2CompleteCallback)
    i.HAL_CAN_WakeUpFromRxMsgCallback        0x08000c50   Section        0  stm32f4xx_hal_can.o(i.HAL_CAN_WakeUpFromRxMsgCallback)
    i.HAL_DMA_Abort_IT                       0x08000c52   Section        0  stm32f4xx_hal_dma.o(i.HAL_DMA_Abort_IT)
    i.HAL_DMA_IRQHandler                     0x08000c78   Section        0  stm32f4xx_hal_dma.o(i.HAL_DMA_IRQHandler)
    i.HAL_DMA_Init                           0x08000e18   Section        0  stm32f4xx_hal_dma.o(i.HAL_DMA_Init)
    i.HAL_DMA_Start_IT                       0x08000eec   Section        0  stm32f4xx_hal_dma.o(i.HAL_DMA_Start_IT)
    i.HAL_Delay                              0x08000f5c   Section        0  stm32f4xx_hal.o(i.HAL_Delay)
    i.HAL_GPIO_Init                          0x08000f80   Section        0  stm32f4xx_hal_gpio.o(i.HAL_GPIO_Init)
    i.HAL_GPIO_WritePin                      0x08001138   Section        0  stm32f4xx_hal_gpio.o(i.HAL_GPIO_WritePin)
    i.HAL_GetTick                            0x08001144   Section        0  stm32f4xx_hal.o(i.HAL_GetTick)
    i.HAL_IncTick                            0x08001150   Section        0  stm32f4xx_hal.o(i.HAL_IncTick)
    i.HAL_Init                               0x08001160   Section        0  stm32f4xx_hal.o(i.HAL_Init)
    i.HAL_InitTick                           0x08001194   Section        0  stm32f4xx_hal_timebase_tim.o(i.HAL_InitTick)
    i.HAL_MspInit                            0x08001208   Section        0  stm32f4xx_hal_msp.o(i.HAL_MspInit)
    i.HAL_NVIC_EnableIRQ                     0x08001238   Section        0  stm32f4xx_hal_cortex.o(i.HAL_NVIC_EnableIRQ)
    i.HAL_NVIC_SetPriority                   0x08001254   Section        0  stm32f4xx_hal_cortex.o(i.HAL_NVIC_SetPriority)
    i.HAL_NVIC_SetPriorityGrouping           0x08001294   Section        0  stm32f4xx_hal_cortex.o(i.HAL_NVIC_SetPriorityGrouping)
    i.HAL_RCC_ClockConfig                    0x080012b8   Section        0  stm32f4xx_hal_rcc.o(i.HAL_RCC_ClockConfig)
    i.HAL_RCC_GetClockConfig                 0x080013ec   Section        0  stm32f4xx_hal_rcc.o(i.HAL_RCC_GetClockConfig)
    i.HAL_RCC_GetPCLK1Freq                   0x0800142c   Section        0  stm32f4xx_hal_rcc.o(i.HAL_RCC_GetPCLK1Freq)
    i.HAL_RCC_GetPCLK2Freq                   0x0800144c   Section        0  stm32f4xx_hal_rcc.o(i.HAL_RCC_GetPCLK2Freq)
    i.HAL_RCC_GetSysClockFreq                0x0800146c   Section        0  stm32f4xx_hal_rcc.o(i.HAL_RCC_GetSysClockFreq)
    i.HAL_RCC_OscConfig                      0x080014d0   Section        0  stm32f4xx_hal_rcc.o(i.HAL_RCC_OscConfig)
    i.HAL_TIMEx_BreakCallback                0x0800182c   Section        0  stm32f4xx_hal_tim_ex.o(i.HAL_TIMEx_BreakCallback)
    i.HAL_TIMEx_CommutCallback               0x0800182e   Section        0  stm32f4xx_hal_tim_ex.o(i.HAL_TIMEx_CommutCallback)
    i.HAL_TIMEx_MasterConfigSynchronization  0x08001830   Section        0  stm32f4xx_hal_tim_ex.o(i.HAL_TIMEx_MasterConfigSynchronization)
    i.HAL_TIM_Base_Init                      0x080018c0   Section        0  stm32f4xx_hal_tim.o(i.HAL_TIM_Base_Init)
    i.HAL_TIM_Base_MspInit                   0x080018f8   Section        0  tim.o(i.HAL_TIM_Base_MspInit)
    i.HAL_TIM_Base_Start_IT                  0x08001920   Section        0  stm32f4xx_hal_tim.o(i.HAL_TIM_Base_Start_IT)
    i.HAL_TIM_ConfigClockSource              0x08001942   Section        0  stm32f4xx_hal_tim.o(i.HAL_TIM_ConfigClockSource)
    i.HAL_TIM_IC_CaptureCallback             0x08001a18   Section        0  stm32f4xx_hal_tim.o(i.HAL_TIM_IC_CaptureCallback)
    i.HAL_TIM_IRQHandler                     0x08001a1a   Section        0  stm32f4xx_hal_tim.o(i.HAL_TIM_IRQHandler)
    i.HAL_TIM_OC_DelayElapsedCallback        0x08001b80   Section        0  stm32f4xx_hal_tim.o(i.HAL_TIM_OC_DelayElapsedCallback)
    i.HAL_TIM_PWM_PulseFinishedCallback      0x08001b82   Section        0  stm32f4xx_hal_tim.o(i.HAL_TIM_PWM_PulseFinishedCallback)
    i.HAL_TIM_PeriodElapsedCallback          0x08001b84   Section        0  main.o(i.HAL_TIM_PeriodElapsedCallback)
    i.HAL_TIM_TriggerCallback                0x08001b98   Section        0  stm32f4xx_hal_tim.o(i.HAL_TIM_TriggerCallback)
    i.HAL_UART_ErrorCallback                 0x08001b9a   Section        0  stm32f4xx_hal_uart.o(i.HAL_UART_ErrorCallback)
    i.HAL_UART_IRQHandler                    0x08001b9c   Section        0  stm32f4xx_hal_uart.o(i.HAL_UART_IRQHandler)
    i.HAL_UART_Init                          0x08001cb0   Section        0  stm32f4xx_hal_uart.o(i.HAL_UART_Init)
    i.HAL_UART_MspInit                       0x08001d14   Section        0  usart.o(i.HAL_UART_MspInit)
    i.HAL_UART_Receive_DMA                   0x08001dc8   Section        0  stm32f4xx_hal_uart.o(i.HAL_UART_Receive_DMA)
    i.HAL_UART_RxCpltCallback                0x08001e60   Section        0  stm32f4xx_hal_uart.o(i.HAL_UART_RxCpltCallback)
    i.HAL_UART_RxHalfCpltCallback            0x08001e62   Section        0  stm32f4xx_hal_uart.o(i.HAL_UART_RxHalfCpltCallback)
    i.HAL_UART_TxCpltCallback                0x08001e64   Section        0  stm32f4xx_hal_uart.o(i.HAL_UART_TxCpltCallback)
    i.HardFault_Handler                      0x08001e66   Section        0  stm32f4xx_it.o(i.HardFault_Handler)
    i.MX_CAN1_Init                           0x08001e68   Section        0  can.o(i.MX_CAN1_Init)
    i.MX_DMA_Init                            0x08001ea4   Section        0  dma.o(i.MX_DMA_Init)
    i.MX_FREERTOS_Init                       0x08001ed0   Section        0  freertos.o(i.MX_FREERTOS_Init)
    i.MX_GPIO_Init                           0x08001f38   Section        0  gpio.o(i.MX_GPIO_Init)
    i.MX_TIM3_Init                           0x08002058   Section        0  tim.o(i.MX_TIM3_Init)
    i.MX_USART2_UART_Init                    0x080020c0   Section        0  usart.o(i.MX_USART2_UART_Init)
    i.MemManage_Handler                      0x080020f8   Section        0  stm32f4xx_it.o(i.MemManage_Handler)
    i.NMI_Handler                            0x080020fa   Section        0  stm32f4xx_it.o(i.NMI_Handler)
    i.RGB_LED1_Write0                        0x080020fc   Section        0  ws2812.o(i.RGB_LED1_Write0)
    i.RGB_LED1_Write1                        0x08002128   Section        0  ws2812.o(i.RGB_LED1_Write1)
    i.RGB_LED1_Write_24Bits                  0x08002154   Section        0  ws2812.o(i.RGB_LED1_Write_24Bits)
    i.RGB_LED1_Write_Byte                    0x0800216e   Section        0  ws2812.o(i.RGB_LED1_Write_Byte)
    i.RGB_LED2_Write0                        0x08002190   Section        0  ws2812.o(i.RGB_LED2_Write0)
    i.RGB_LED2_Write1                        0x080021bc   Section        0  ws2812.o(i.RGB_LED2_Write1)
    i.RGB_LED2_Write_24Bits                  0x080021e8   Section        0  ws2812.o(i.RGB_LED2_Write_24Bits)
    i.RGB_LED2_Write_Byte                    0x08002202   Section        0  ws2812.o(i.RGB_LED2_Write_Byte)
    i.RGB_LED3_Write0                        0x08002224   Section        0  ws2812.o(i.RGB_LED3_Write0)
    i.RGB_LED3_Write1                        0x08002250   Section        0  ws2812.o(i.RGB_LED3_Write1)
    i.RGB_LED3_Write_24Bits                  0x0800227c   Section        0  ws2812.o(i.RGB_LED3_Write_24Bits)
    i.RGB_LED3_Write_Byte                    0x08002296   Section        0  ws2812.o(i.RGB_LED3_Write_Byte)
    i.Run_led                                0x080022b8   Section        0  windmill.o(i.Run_led)
    i.SysTick_Handler                        0x08002380   Section        0  port.o(i.SysTick_Handler)
    i.SystemClock_Config                     0x080023ac   Section        0  main.o(i.SystemClock_Config)
    i.SystemInit                             0x08002434   Section        0  system_stm32f4xx.o(i.SystemInit)
    i.TIM6_DAC_IRQHandler                    0x08002450   Section        0  stm32f4xx_it.o(i.TIM6_DAC_IRQHandler)
    i.TIM_Base_SetConfig                     0x0800245c   Section        0  stm32f4xx_hal_tim.o(i.TIM_Base_SetConfig)
    i.TIM_ETR_SetConfig                      0x08002524   Section        0  stm32f4xx_hal_tim.o(i.TIM_ETR_SetConfig)
    i.TIM_ITRx_SetConfig                     0x08002538   Section        0  stm32f4xx_hal_tim.o(i.TIM_ITRx_SetConfig)
    TIM_ITRx_SetConfig                       0x08002539   Thumb Code    16  stm32f4xx_hal_tim.o(i.TIM_ITRx_SetConfig)
    i.TIM_TI1_ConfigInputStage               0x08002548   Section        0  stm32f4xx_hal_tim.o(i.TIM_TI1_ConfigInputStage)
    TIM_TI1_ConfigInputStage                 0x08002549   Thumb Code    34  stm32f4xx_hal_tim.o(i.TIM_TI1_ConfigInputStage)
    i.TIM_TI2_ConfigInputStage               0x0800256a   Section        0  stm32f4xx_hal_tim.o(i.TIM_TI2_ConfigInputStage)
    TIM_TI2_ConfigInputStage                 0x0800256b   Thumb Code    36  stm32f4xx_hal_tim.o(i.TIM_TI2_ConfigInputStage)
    i.TaskMSG                                0x08002590   Section        0  freertos.o(i.TaskMSG)
    i.TaskRUN                                0x080025ac   Section        0  freertos.o(i.TaskRUN)
    i.Task_flow_arrow                        0x080025c0   Section        0  freertos.o(i.Task_flow_arrow)
    i.UART2_RxStart                          0x080025d8   Section        0  usart.o(i.UART2_RxStart)
    i.UART_DMAAbortOnError                   0x080025ec   Section        0  stm32f4xx_hal_uart.o(i.UART_DMAAbortOnError)
    UART_DMAAbortOnError                     0x080025ed   Thumb Code    16  stm32f4xx_hal_uart.o(i.UART_DMAAbortOnError)
    i.UART_DMAError                          0x080025fc   Section        0  stm32f4xx_hal_uart.o(i.UART_DMAError)
    UART_DMAError                            0x080025fd   Thumb Code    74  stm32f4xx_hal_uart.o(i.UART_DMAError)
    i.UART_DMAReceiveCplt                    0x08002646   Section        0  stm32f4xx_hal_uart.o(i.UART_DMAReceiveCplt)
    UART_DMAReceiveCplt                      0x08002647   Thumb Code    60  stm32f4xx_hal_uart.o(i.UART_DMAReceiveCplt)
    i.UART_DMARxHalfCplt                     0x08002682   Section        0  stm32f4xx_hal_uart.o(i.UART_DMARxHalfCplt)
    UART_DMARxHalfCplt                       0x08002683   Thumb Code    10  stm32f4xx_hal_uart.o(i.UART_DMARxHalfCplt)
    i.UART_EndRxTransfer                     0x0800268c   Section        0  stm32f4xx_hal_uart.o(i.UART_EndRxTransfer)
    UART_EndRxTransfer                       0x0800268d   Thumb Code    28  stm32f4xx_hal_uart.o(i.UART_EndRxTransfer)
    i.UART_EndTxTransfer                     0x080026a8   Section        0  stm32f4xx_hal_uart.o(i.UART_EndTxTransfer)
    UART_EndTxTransfer                       0x080026a9   Thumb Code    18  stm32f4xx_hal_uart.o(i.UART_EndTxTransfer)
    i.UART_Receive_IT                        0x080026ba   Section        0  stm32f4xx_hal_uart.o(i.UART_Receive_IT)
    UART_Receive_IT                          0x080026bb   Thumb Code   150  stm32f4xx_hal_uart.o(i.UART_Receive_IT)
    i.UART_SetConfig                         0x08002750   Section        0  stm32f4xx_hal_uart.o(i.UART_SetConfig)
    UART_SetConfig                           0x08002751   Thumb Code   286  stm32f4xx_hal_uart.o(i.UART_SetConfig)
    i.UART_Transmit_IT                       0x08002878   Section        0  stm32f4xx_hal_uart.o(i.UART_Transmit_IT)
    UART_Transmit_IT                         0x08002879   Thumb Code    98  stm32f4xx_hal_uart.o(i.UART_Transmit_IT)
    i.USART2_IRQHandler                      0x080028dc   Section        0  stm32f4xx_it.o(i.USART2_IRQHandler)
    i.UsageFault_Handler                     0x080028e8   Section        0  stm32f4xx_it.o(i.UsageFault_Handler)
    i.WS2812_reset                           0x080028ec   Section        0  windmill.o(i.WS2812_reset)
    i.__NVIC_SetPriority                     0x0800294c   Section        0  stm32f4xx_hal_cortex.o(i.__NVIC_SetPriority)
    __NVIC_SetPriority                       0x0800294d   Thumb Code    32  stm32f4xx_hal_cortex.o(i.__NVIC_SetPriority)
    i.__scatterload_copy                     0x0800296c   Section       14  handlers.o(i.__scatterload_copy)
    i.__scatterload_null                     0x0800297a   Section        2  handlers.o(i.__scatterload_null)
    i.__scatterload_zeroinit                 0x0800297c   Section       14  handlers.o(i.__scatterload_zeroinit)
    i.armour                                 0x0800298c   Section        0  windmill.o(i.armour)
    i.change_lamp                            0x080029f8   Section        0  windmill.o(i.change_lamp)
    i.delay_us                               0x08002ab4   Section        0  ws2812.o(i.delay_us)
    i.main                                   0x08002ac0   Section        0  main.o(i.main)
    i.makeFreeRtosPriority                   0x08002af4   Section        0  cmsis_os.o(i.makeFreeRtosPriority)
    makeFreeRtosPriority                     0x08002af5   Thumb Code    12  cmsis_os.o(i.makeFreeRtosPriority)
    i.osDelay                                0x08002b00   Section        0  cmsis_os.o(i.osDelay)
    i.osKernelStart                          0x08002b0e   Section        0  cmsis_os.o(i.osKernelStart)
    i.osMessageCreate                        0x08002b18   Section        0  cmsis_os.o(i.osMessageCreate)
    i.osThreadCreate                         0x08002b3e   Section        0  cmsis_os.o(i.osThreadCreate)
    i.param_init                             0x08002b94   Section        0  windmill.o(i.param_init)
    i.prvAddCurrentTaskToDelayedList         0x08002bc0   Section        0  tasks.o(i.prvAddCurrentTaskToDelayedList)
    prvAddCurrentTaskToDelayedList           0x08002bc1   Thumb Code   102  tasks.o(i.prvAddCurrentTaskToDelayedList)
    i.prvAddNewTaskToReadyList               0x08002c30   Section        0  tasks.o(i.prvAddNewTaskToReadyList)
    prvAddNewTaskToReadyList                 0x08002c31   Thumb Code   194  tasks.o(i.prvAddNewTaskToReadyList)
    i.prvDeleteTCB                           0x08002d00   Section        0  tasks.o(i.prvDeleteTCB)
    prvDeleteTCB                             0x08002d01   Thumb Code    52  tasks.o(i.prvDeleteTCB)
    i.prvHeapInit                            0x08002d34   Section        0  heap_4.o(i.prvHeapInit)
    prvHeapInit                              0x08002d35   Thumb Code    66  heap_4.o(i.prvHeapInit)
    i.prvIdleTask                            0x08002d80   Section        0  tasks.o(i.prvIdleTask)
    prvIdleTask                              0x08002d81   Thumb Code    82  tasks.o(i.prvIdleTask)
    i.prvInitialiseNewQueue                  0x08002de0   Section        0  queue.o(i.prvInitialiseNewQueue)
    prvInitialiseNewQueue                    0x08002de1   Thumb Code    22  queue.o(i.prvInitialiseNewQueue)
    i.prvInitialiseNewTask                   0x08002df6   Section        0  tasks.o(i.prvInitialiseNewTask)
    prvInitialiseNewTask                     0x08002df7   Thumb Code   152  tasks.o(i.prvInitialiseNewTask)
    i.prvInsertBlockIntoFreeList             0x08002e90   Section        0  heap_4.o(i.prvInsertBlockIntoFreeList)
    prvInsertBlockIntoFreeList               0x08002e91   Thumb Code    72  heap_4.o(i.prvInsertBlockIntoFreeList)
    i.prvResetNextTaskUnblockTime            0x08002edc   Section        0  tasks.o(i.prvResetNextTaskUnblockTime)
    prvResetNextTaskUnblockTime              0x08002edd   Thumb Code    26  tasks.o(i.prvResetNextTaskUnblockTime)
    i.prvTaskExitError                       0x08002efc   Section        0  port.o(i.prvTaskExitError)
    prvTaskExitError                         0x08002efd   Thumb Code    36  port.o(i.prvTaskExitError)
    i.pvPortMalloc                           0x08002f24   Section        0  heap_4.o(i.pvPortMalloc)
    i.pxPortInitialiseStack                  0x08002ffc   Section        0  port.o(i.pxPortInitialiseStack)
    i.queue_get                              0x08003028   Section        0  windmill.o(i.queue_get)
    i.queue_insert                           0x08003054   Section        0  windmill.o(i.queue_insert)
    i.uxListRemove                           0x0800307c   Section        0  list.o(i.uxListRemove)
    i.vApplicationGetIdleTaskMemory          0x080030a4   Section        0  freertos.o(i.vApplicationGetIdleTaskMemory)
    i.vListInitialise                        0x080030b8   Section        0  list.o(i.vListInitialise)
    i.vListInitialiseItem                    0x080030ce   Section        0  list.o(i.vListInitialiseItem)
    i.vListInsert                            0x080030d4   Section        0  list.o(i.vListInsert)
    i.vListInsertEnd                         0x08003104   Section        0  list.o(i.vListInsertEnd)
    i.vPortEnterCritical                     0x0800311c   Section        0  port.o(i.vPortEnterCritical)
    i.vPortExitCritical                      0x0800315c   Section        0  port.o(i.vPortExitCritical)
    i.vPortFree                              0x08003184   Section        0  heap_4.o(i.vPortFree)
    i.vPortSetupTimerInterrupt               0x080031e0   Section        0  port.o(i.vPortSetupTimerInterrupt)
    i.vTaskDelay                             0x08003204   Section        0  tasks.o(i.vTaskDelay)
    i.vTaskStartScheduler                    0x08003250   Section        0  tasks.o(i.vTaskStartScheduler)
    i.vTaskSuspendAll                        0x080032bc   Section        0  tasks.o(i.vTaskSuspendAll)
    i.vTaskSwitchContext                     0x080032cc   Section        0  tasks.o(i.vTaskSwitchContext)
    i.windmill_Process                       0x08003328   Section        0  windmill.o(i.windmill_Process)
    i.xPortStartScheduler                    0x0800336c   Section        0  port.o(i.xPortStartScheduler)
    i.xQueueGenericCreate                    0x08003460   Section        0  queue.o(i.xQueueGenericCreate)
    i.xQueueGenericCreateStatic              0x080034a8   Section        0  queue.o(i.xQueueGenericCreateStatic)
    i.xQueueGenericReset                     0x08003510   Section        0  queue.o(i.xQueueGenericReset)
    i.xTaskCreate                            0x08003598   Section        0  tasks.o(i.xTaskCreate)
    i.xTaskCreateStatic                      0x080035f2   Section        0  tasks.o(i.xTaskCreateStatic)
    i.xTaskIncrementTick                     0x08003648   Section        0  tasks.o(i.xTaskIncrementTick)
    i.xTaskRemoveFromEventList               0x08003710   Section        0  tasks.o(i.xTaskRemoveFromEventList)
    i.xTaskResumeAll                         0x08003784   Section        0  tasks.o(i.xTaskResumeAll)
    .constdata                               0x08003848   Section      100  freertos.o(.constdata)
    .constdata                               0x080038ac   Section        8  stm32f4xx_hal_dma.o(.constdata)
    flagBitshiftOffset                       0x080038ac   Data           8  stm32f4xx_hal_dma.o(.constdata)
    .constdata                               0x080038b4   Section       16  system_stm32f4xx.o(.constdata)
    .constdata                               0x080038c4   Section        8  system_stm32f4xx.o(.constdata)
    .conststring                             0x080038cc   Section       19  freertos.o(.conststring)
    .data                                    0x20000000   Section       16  freertos.o(.data)
    .data                                    0x20000010   Section        1  usart.o(.data)
    .data                                    0x20000014   Section       12  stm32f4xx_hal.o(.data)
    .data                                    0x20000020   Section        4  system_stm32f4xx.o(.data)
    .data                                    0x20000024   Section       29  windmill.o(.data)
    .data                                    0x20000044   Section       20  ws2812.o(.data)
    .data                                    0x20000058   Section       60  tasks.o(.data)
    pxDelayedTaskList                        0x2000005c   Data           4  tasks.o(.data)
    pxOverflowDelayedTaskList                0x20000060   Data           4  tasks.o(.data)
    uxDeletedTasksWaitingCleanUp             0x20000064   Data           4  tasks.o(.data)
    uxCurrentNumberOfTasks                   0x20000068   Data           4  tasks.o(.data)
    xTickCount                               0x2000006c   Data           4  tasks.o(.data)
    uxTopReadyPriority                       0x20000070   Data           4  tasks.o(.data)
    xSchedulerRunning                        0x20000074   Data           4  tasks.o(.data)
    uxPendedTicks                            0x20000078   Data           4  tasks.o(.data)
    xYieldPending                            0x2000007c   Data           4  tasks.o(.data)
    xNumOfOverflows                          0x20000080   Data           4  tasks.o(.data)
    uxTaskNumber                             0x20000084   Data           4  tasks.o(.data)
    xNextTaskUnblockTime                     0x20000088   Data           4  tasks.o(.data)
    xIdleTaskHandle                          0x2000008c   Data           4  tasks.o(.data)
    uxSchedulerSuspended                     0x20000090   Data           4  tasks.o(.data)
    .data                                    0x20000094   Section       24  heap_4.o(.data)
    pxEnd                                    0x20000094   Data           4  heap_4.o(.data)
    xFreeBytesRemaining                      0x20000098   Data           4  heap_4.o(.data)
    xMinimumEverFreeBytesRemaining           0x2000009c   Data           4  heap_4.o(.data)
    xBlockAllocatedBit                       0x200000a0   Data           4  heap_4.o(.data)
    xStart                                   0x200000a4   Data           8  heap_4.o(.data)
    .data                                    0x200000ac   Section       12  port.o(.data)
    ucMaxSysCallPriority                     0x200000ac   Data           1  port.o(.data)
    uxCriticalNesting                        0x200000b0   Data           4  port.o(.data)
    ulMaxPRIGROUPValue                       0x200000b4   Data           4  port.o(.data)
    .bss                                     0x200000b8   Section      596  freertos.o(.bss)
    xIdleTaskTCBBuffer                       0x200000b8   Data          84  freertos.o(.bss)
    xIdleStack                               0x2000010c   Data         512  freertos.o(.bss)
    .bss                                     0x2000030c   Section       40  can.o(.bss)
    .bss                                     0x20000334   Section       64  tim.o(.bss)
    .bss                                     0x20000374   Section      160  usart.o(.bss)
    .bss                                     0x20000414   Section       64  stm32f4xx_hal_timebase_tim.o(.bss)
    .bss                                     0x20000454   Section       20  windmill.o(.bss)
    .bss                                     0x20000468   Section      240  tasks.o(.bss)
    pxReadyTasksLists                        0x20000468   Data         140  tasks.o(.bss)
    xDelayedTaskList1                        0x200004f4   Data          20  tasks.o(.bss)
    xDelayedTaskList2                        0x20000508   Data          20  tasks.o(.bss)
    xPendingReadyList                        0x2000051c   Data          20  tasks.o(.bss)
    xTasksWaitingTermination                 0x20000530   Data          20  tasks.o(.bss)
    xSuspendedTaskList                       0x20000544   Data          20  tasks.o(.bss)
    .bss                                     0x20000558   Section    15360  heap_4.o(.bss)
    ucHeap                                   0x20000558   Data       15360  heap_4.o(.bss)
    STACK                                    0x20004158   Section     1024  startup_stm32f407xx.o(STACK)

    Global Symbols

    Symbol Name                              Value     Ov Type        Size  Object(Section)

    BuildAttributes$$THM_ISAv4$E$P$D$K$B$S$7EM$VFPi3$EXTD16$VFPS$VFMA$PE$A:L22UL41UL21$X:L11$S22US41US21$IEEE1$IW$USESV6$~STKCKD$USESV7$~SHL$OSPACE$ROPI$EBA8$MICROLIB$REQ8$PRES8$EABIv2 0x00000000   Number         0  anon$$obj.o ABSOLUTE
    __ARM_use_no_argv                        0x00000000   Number         0  main.o ABSOLUTE
    __cpp_initialize__aeabi_                  - Undefined Weak Reference
    __cxa_finalize                            - Undefined Weak Reference
    __decompress                              - Undefined Weak Reference
    _clock_init                               - Undefined Weak Reference
    _microlib_exit                            - Undefined Weak Reference
    __Vectors_Size                           0x00000188   Number         0  startup_stm32f407xx.o ABSOLUTE
    __Vectors                                0x08000000   Data           4  startup_stm32f407xx.o(RESET)
    __Vectors_End                            0x08000188   Data           0  startup_stm32f407xx.o(RESET)
    __main                                   0x08000189   Thumb Code     0  entry.o(.ARM.Collect$$$$00000000)
    _main_stk                                0x08000189   Thumb Code     0  entry2.o(.ARM.Collect$$$$00000001)
    _main_scatterload                        0x0800018d   Thumb Code     0  entry5.o(.ARM.Collect$$$$00000004)
    __main_after_scatterload                 0x08000191   Thumb Code     0  entry5.o(.ARM.Collect$$$$00000004)
    _main_clock                              0x08000191   Thumb Code     0  entry7b.o(.ARM.Collect$$$$00000008)
    _main_cpp_init                           0x08000191   Thumb Code     0  entry8b.o(.ARM.Collect$$$$0000000A)
    _main_init                               0x08000191   Thumb Code     0  entry9a.o(.ARM.Collect$$$$0000000B)
    __rt_final_cpp                           0x08000199   Thumb Code     0  entry10a.o(.ARM.Collect$$$$0000000D)
    __rt_final_exit                          0x08000199   Thumb Code     0  entry11a.o(.ARM.Collect$$$$0000000F)
    SVC_Handler                              0x0800019d   Thumb Code    28  port.o(.emb_text)
    __asm___6_port_c_39a90d8d__prvStartFirstTask 0x080001bd   Thumb Code    36  port.o(.emb_text)
    __asm___6_port_c_39a90d8d__prvEnableVFP  0x080001e5   Thumb Code    16  port.o(.emb_text)
    PendSV_Handler                           0x080001f9   Thumb Code    88  port.o(.emb_text)
    vPortGetIPSR                             0x08000255   Thumb Code     6  port.o(.emb_text)
    Reset_Handler                            0x0800025d   Thumb Code     8  startup_stm32f407xx.o(.text)
    ADC_IRQHandler                           0x08000277   Thumb Code     0  startup_stm32f407xx.o(.text)
    CAN1_RX1_IRQHandler                      0x08000277   Thumb Code     0  startup_stm32f407xx.o(.text)
    CAN1_SCE_IRQHandler                      0x08000277   Thumb Code     0  startup_stm32f407xx.o(.text)
    CAN2_RX0_IRQHandler                      0x08000277   Thumb Code     0  startup_stm32f407xx.o(.text)
    CAN2_RX1_IRQHandler                      0x08000277   Thumb Code     0  startup_stm32f407xx.o(.text)
    CAN2_SCE_IRQHandler                      0x08000277   Thumb Code     0  startup_stm32f407xx.o(.text)
    CAN2_TX_IRQHandler                       0x08000277   Thumb Code     0  startup_stm32f407xx.o(.text)
    DCMI_IRQHandler                          0x08000277   Thumb Code     0  startup_stm32f407xx.o(.text)
    DMA1_Stream0_IRQHandler                  0x08000277   Thumb Code     0  startup_stm32f407xx.o(.text)
    DMA1_Stream1_IRQHandler                  0x08000277   Thumb Code     0  startup_stm32f407xx.o(.text)
    DMA1_Stream2_IRQHandler                  0x08000277   Thumb Code     0  startup_stm32f407xx.o(.text)
    DMA1_Stream3_IRQHandler                  0x08000277   Thumb Code     0  startup_stm32f407xx.o(.text)
    DMA1_Stream4_IRQHandler                  0x08000277   Thumb Code     0  startup_stm32f407xx.o(.text)
    DMA1_Stream6_IRQHandler                  0x08000277   Thumb Code     0  startup_stm32f407xx.o(.text)
    DMA1_Stream7_IRQHandler                  0x08000277   Thumb Code     0  startup_stm32f407xx.o(.text)
    DMA2_Stream0_IRQHandler                  0x08000277   Thumb Code     0  startup_stm32f407xx.o(.text)
    DMA2_Stream1_IRQHandler                  0x08000277   Thumb Code     0  startup_stm32f407xx.o(.text)
    DMA2_Stream2_IRQHandler                  0x08000277   Thumb Code     0  startup_stm32f407xx.o(.text)
    DMA2_Stream3_IRQHandler                  0x08000277   Thumb Code     0  startup_stm32f407xx.o(.text)
    DMA2_Stream4_IRQHandler                  0x08000277   Thumb Code     0  startup_stm32f407xx.o(.text)
    DMA2_Stream5_IRQHandler                  0x08000277   Thumb Code     0  startup_stm32f407xx.o(.text)
    DMA2_Stream6_IRQHandler                  0x08000277   Thumb Code     0  startup_stm32f407xx.o(.text)
    DMA2_Stream7_IRQHandler                  0x08000277   Thumb Code     0  startup_stm32f407xx.o(.text)
    ETH_IRQHandler                           0x08000277   Thumb Code     0  startup_stm32f407xx.o(.text)
    ETH_WKUP_IRQHandler                      0x08000277   Thumb Code     0  startup_stm32f407xx.o(.text)
    EXTI0_IRQHandler                         0x08000277   Thumb Code     0  startup_stm32f407xx.o(.text)
    EXTI15_10_IRQHandler                     0x08000277   Thumb Code     0  startup_stm32f407xx.o(.text)
    EXTI1_IRQHandler                         0x08000277   Thumb Code     0  startup_stm32f407xx.o(.text)
    EXTI2_IRQHandler                         0x08000277   Thumb Code     0  startup_stm32f407xx.o(.text)
    EXTI3_IRQHandler                         0x08000277   Thumb Code     0  startup_stm32f407xx.o(.text)
    EXTI4_IRQHandler                         0x08000277   Thumb Code     0  startup_stm32f407xx.o(.text)
    EXTI9_5_IRQHandler                       0x08000277   Thumb Code     0  startup_stm32f407xx.o(.text)
    FLASH_IRQHandler                         0x08000277   Thumb Code     0  startup_stm32f407xx.o(.text)
    FMC_IRQHandler                           0x08000277   Thumb Code     0  startup_stm32f407xx.o(.text)
    FPU_IRQHandler                           0x08000277   Thumb Code     0  startup_stm32f407xx.o(.text)
    HASH_RNG_IRQHandler                      0x08000277   Thumb Code     0  startup_stm32f407xx.o(.text)
    I2C1_ER_IRQHandler                       0x08000277   Thumb Code     0  startup_stm32f407xx.o(.text)
    I2C1_EV_IRQHandler                       0x08000277   Thumb Code     0  startup_stm32f407xx.o(.text)
    I2C2_ER_IRQHandler                       0x08000277   Thumb Code     0  startup_stm32f407xx.o(.text)
    I2C2_EV_IRQHandler                       0x08000277   Thumb Code     0  startup_stm32f407xx.o(.text)
    I2C3_ER_IRQHandler                       0x08000277   Thumb Code     0  startup_stm32f407xx.o(.text)
    I2C3_EV_IRQHandler                       0x08000277   Thumb Code     0  startup_stm32f407xx.o(.text)
    OTG_FS_IRQHandler                        0x08000277   Thumb Code     0  startup_stm32f407xx.o(.text)
    OTG_FS_WKUP_IRQHandler                   0x08000277   Thumb Code     0  startup_stm32f407xx.o(.text)
    OTG_HS_EP1_IN_IRQHandler                 0x08000277   Thumb Code     0  startup_stm32f407xx.o(.text)
    OTG_HS_EP1_OUT_IRQHandler                0x08000277   Thumb Code     0  startup_stm32f407xx.o(.text)
    OTG_HS_IRQHandler                        0x08000277   Thumb Code     0  startup_stm32f407xx.o(.text)
    OTG_HS_WKUP_IRQHandler                   0x08000277   Thumb Code     0  startup_stm32f407xx.o(.text)
    PVD_IRQHandler                           0x08000277   Thumb Code     0  startup_stm32f407xx.o(.text)
    RCC_IRQHandler                           0x08000277   Thumb Code     0  startup_stm32f407xx.o(.text)
    RTC_Alarm_IRQHandler                     0x08000277   Thumb Code     0  startup_stm32f407xx.o(.text)
    RTC_WKUP_IRQHandler                      0x08000277   Thumb Code     0  startup_stm32f407xx.o(.text)
    SDIO_IRQHandler                          0x08000277   Thumb Code     0  startup_stm32f407xx.o(.text)
    SPI1_IRQHandler                          0x08000277   Thumb Code     0  startup_stm32f407xx.o(.text)
    SPI2_IRQHandler                          0x08000277   Thumb Code     0  startup_stm32f407xx.o(.text)
    SPI3_IRQHandler                          0x08000277   Thumb Code     0  startup_stm32f407xx.o(.text)
    TAMP_STAMP_IRQHandler                    0x08000277   Thumb Code     0  startup_stm32f407xx.o(.text)
    TIM1_BRK_TIM9_IRQHandler                 0x08000277   Thumb Code     0  startup_stm32f407xx.o(.text)
    TIM1_CC_IRQHandler                       0x08000277   Thumb Code     0  startup_stm32f407xx.o(.text)
    TIM1_TRG_COM_TIM11_IRQHandler            0x08000277   Thumb Code     0  startup_stm32f407xx.o(.text)
    TIM1_UP_TIM10_IRQHandler                 0x08000277   Thumb Code     0  startup_stm32f407xx.o(.text)
    TIM2_IRQHandler                          0x08000277   Thumb Code     0  startup_stm32f407xx.o(.text)
    TIM3_IRQHandler                          0x08000277   Thumb Code     0  startup_stm32f407xx.o(.text)
    TIM4_IRQHandler                          0x08000277   Thumb Code     0  startup_stm32f407xx.o(.text)
    TIM5_IRQHandler                          0x08000277   Thumb Code     0  startup_stm32f407xx.o(.text)
    TIM7_IRQHandler                          0x08000277   Thumb Code     0  startup_stm32f407xx.o(.text)
    TIM8_BRK_TIM12_IRQHandler                0x08000277   Thumb Code     0  startup_stm32f407xx.o(.text)
    TIM8_CC_IRQHandler                       0x08000277   Thumb Code     0  startup_stm32f407xx.o(.text)
    TIM8_TRG_COM_TIM14_IRQHandler            0x08000277   Thumb Code     0  startup_stm32f407xx.o(.text)
    TIM8_UP_TIM13_IRQHandler                 0x08000277   Thumb Code     0  startup_stm32f407xx.o(.text)
    UART4_IRQHandler                         0x08000277   Thumb Code     0  startup_stm32f407xx.o(.text)
    UART5_IRQHandler                         0x08000277   Thumb Code     0  startup_stm32f407xx.o(.text)
    USART1_IRQHandler                        0x08000277   Thumb Code     0  startup_stm32f407xx.o(.text)
    USART3_IRQHandler                        0x08000277   Thumb Code     0  startup_stm32f407xx.o(.text)
    USART6_IRQHandler                        0x08000277   Thumb Code     0  startup_stm32f407xx.o(.text)
    WWDG_IRQHandler                          0x08000277   Thumb Code     0  startup_stm32f407xx.o(.text)
    __aeabi_uldivmod                         0x08000281   Thumb Code    98  uldiv.o(.text)
    __aeabi_memcpy                           0x080002e3   Thumb Code    36  memcpya.o(.text)
    __aeabi_memcpy4                          0x080002e3   Thumb Code     0  memcpya.o(.text)
    __aeabi_memcpy8                          0x080002e3   Thumb Code     0  memcpya.o(.text)
    __aeabi_memset                           0x08000307   Thumb Code    14  memseta.o(.text)
    __aeabi_memset4                          0x08000307   Thumb Code     0  memseta.o(.text)
    __aeabi_memset8                          0x08000307   Thumb Code     0  memseta.o(.text)
    __aeabi_memclr                           0x08000315   Thumb Code     4  memseta.o(.text)
    __aeabi_memclr4                          0x08000315   Thumb Code     0  memseta.o(.text)
    __aeabi_memclr8                          0x08000315   Thumb Code     0  memseta.o(.text)
    memset                                   0x08000319   Thumb Code    18  memseta.o(.text)
    __aeabi_llsl                             0x0800032b   Thumb Code    30  llshl.o(.text)
    _ll_shift_l                              0x0800032b   Thumb Code     0  llshl.o(.text)
    __aeabi_llsr                             0x08000349   Thumb Code    32  llushr.o(.text)
    _ll_ushift_r                             0x08000349   Thumb Code     0  llushr.o(.text)
    __scatterload                            0x08000369   Thumb Code    28  init.o(.text)
    __scatterload_rt2                        0x08000369   Thumb Code     0  init.o(.text)
    BusFault_Handler                         0x0800038d   Thumb Code     2  stm32f4xx_it.o(i.BusFault_Handler)
    CAN1_FilterInit                          0x08000391   Thumb Code    54  can.o(i.CAN1_FilterInit)
    CAN1_RX0_IRQHandler                      0x080003cd   Thumb Code     6  stm32f4xx_it.o(i.CAN1_RX0_IRQHandler)
    CAN1_TX_IRQHandler                       0x080003d9   Thumb Code     6  stm32f4xx_it.o(i.CAN1_TX_IRQHandler)
    DMA1_Stream5_IRQHandler                  0x080003e5   Thumb Code     6  stm32f4xx_it.o(i.DMA1_Stream5_IRQHandler)
    DebugMon_Handler                         0x08000495   Thumb Code     2  stm32f4xx_it.o(i.DebugMon_Handler)
    Error_Handler                            0x08000497   Thumb Code     2  main.o(i.Error_Handler)
    Finish_target                            0x08000499   Thumb Code   124  windmill.o(i.Finish_target)
    Get_next_lamp                            0x08000519   Thumb Code   190  windmill.o(i.Get_next_lamp)
    HAL_CAN_ActivateNotification             0x08000605   Thumb Code    36  stm32f4xx_hal_can.o(i.HAL_CAN_ActivateNotification)
    HAL_CAN_ConfigFilter                     0x08000629   Thumb Code   262  stm32f4xx_hal_can.o(i.HAL_CAN_ConfigFilter)
    HAL_CAN_ErrorCallback                    0x08000735   Thumb Code     2  stm32f4xx_hal_can.o(i.HAL_CAN_ErrorCallback)
    HAL_CAN_GetRxMessage                     0x08000737   Thumb Code   232  stm32f4xx_hal_can.o(i.HAL_CAN_GetRxMessage)
    HAL_CAN_IRQHandler                       0x0800081f   Thumb Code   508  stm32f4xx_hal_can.o(i.HAL_CAN_IRQHandler)
    HAL_CAN_Init                             0x08000a1b   Thumb Code   282  stm32f4xx_hal_can.o(i.HAL_CAN_Init)
    HAL_CAN_MspInit                          0x08000b35   Thumb Code   126  can.o(i.HAL_CAN_MspInit)
    HAL_CAN_RxFifo0FullCallback              0x08000bc1   Thumb Code     2  stm32f4xx_hal_can.o(i.HAL_CAN_RxFifo0FullCallback)
    HAL_CAN_RxFifo0MsgPendingCallback        0x08000bc5   Thumb Code    26  can.o(i.HAL_CAN_RxFifo0MsgPendingCallback)
    HAL_CAN_RxFifo1FullCallback              0x08000be5   Thumb Code     2  stm32f4xx_hal_can.o(i.HAL_CAN_RxFifo1FullCallback)
    HAL_CAN_RxFifo1MsgPendingCallback        0x08000be7   Thumb Code     2  stm32f4xx_hal_can.o(i.HAL_CAN_RxFifo1MsgPendingCallback)
    HAL_CAN_SleepCallback                    0x08000be9   Thumb Code     2  stm32f4xx_hal_can.o(i.HAL_CAN_SleepCallback)
    HAL_CAN_Start                            0x08000bed   Thumb Code    88  stm32f4xx_hal_can.o(i.HAL_CAN_Start)
    HAL_CAN_TxMailbox0AbortCallback          0x08000c45   Thumb Code     2  stm32f4xx_hal_can.o(i.HAL_CAN_TxMailbox0AbortCallback)
    HAL_CAN_TxMailbox0CompleteCallback       0x08000c47   Thumb Code     2  stm32f4xx_hal_can.o(i.HAL_CAN_TxMailbox0CompleteCallback)
    HAL_CAN_TxMailbox1AbortCallback          0x08000c49   Thumb Code     2  stm32f4xx_hal_can.o(i.HAL_CAN_TxMailbox1AbortCallback)
    HAL_CAN_TxMailbox1CompleteCallback       0x08000c4b   Thumb Code     2  stm32f4xx_hal_can.o(i.HAL_CAN_TxMailbox1CompleteCallback)
    HAL_CAN_TxMailbox2AbortCallback          0x08000c4d   Thumb Code     2  stm32f4xx_hal_can.o(i.HAL_CAN_TxMailbox2AbortCallback)
    HAL_CAN_TxMailbox2CompleteCallback       0x08000c4f   Thumb Code     2  stm32f4xx_hal_can.o(i.HAL_CAN_TxMailbox2CompleteCallback)
    HAL_CAN_WakeUpFromRxMsgCallback          0x08000c51   Thumb Code     2  stm32f4xx_hal_can.o(i.HAL_CAN_WakeUpFromRxMsgCallback)
    HAL_DMA_Abort_IT                         0x08000c53   Thumb Code    36  stm32f4xx_hal_dma.o(i.HAL_DMA_Abort_IT)
    HAL_DMA_IRQHandler                       0x08000c79   Thumb Code   412  stm32f4xx_hal_dma.o(i.HAL_DMA_IRQHandler)
    HAL_DMA_Init                             0x08000e19   Thumb Code   206  stm32f4xx_hal_dma.o(i.HAL_DMA_Init)
    HAL_DMA_Start_IT                         0x08000eed   Thumb Code   110  stm32f4xx_hal_dma.o(i.HAL_DMA_Start_IT)
    HAL_Delay                                0x08000f5d   Thumb Code    32  stm32f4xx_hal.o(i.HAL_Delay)
    HAL_GPIO_Init                            0x08000f81   Thumb Code   394  stm32f4xx_hal_gpio.o(i.HAL_GPIO_Init)
    HAL_GPIO_WritePin                        0x08001139   Thumb Code    10  stm32f4xx_hal_gpio.o(i.HAL_GPIO_WritePin)
    HAL_GetTick                              0x08001145   Thumb Code     6  stm32f4xx_hal.o(i.HAL_GetTick)
    HAL_IncTick                              0x08001151   Thumb Code    12  stm32f4xx_hal.o(i.HAL_IncTick)
    HAL_Init                                 0x08001161   Thumb Code    48  stm32f4xx_hal.o(i.HAL_Init)
    HAL_InitTick                             0x08001195   Thumb Code   100  stm32f4xx_hal_timebase_tim.o(i.HAL_InitTick)
    HAL_MspInit                              0x08001209   Thumb Code    42  stm32f4xx_hal_msp.o(i.HAL_MspInit)
    HAL_NVIC_EnableIRQ                       0x08001239   Thumb Code    26  stm32f4xx_hal_cortex.o(i.HAL_NVIC_EnableIRQ)
    HAL_NVIC_SetPriority                     0x08001255   Thumb Code    60  stm32f4xx_hal_cortex.o(i.HAL_NVIC_SetPriority)
    HAL_NVIC_SetPriorityGrouping             0x08001295   Thumb Code    26  stm32f4xx_hal_cortex.o(i.HAL_NVIC_SetPriorityGrouping)
    HAL_RCC_ClockConfig                      0x080012b9   Thumb Code   288  stm32f4xx_hal_rcc.o(i.HAL_RCC_ClockConfig)
    HAL_RCC_GetClockConfig                   0x080013ed   Thumb Code    54  stm32f4xx_hal_rcc.o(i.HAL_RCC_GetClockConfig)
    HAL_RCC_GetPCLK1Freq                     0x0800142d   Thumb Code    20  stm32f4xx_hal_rcc.o(i.HAL_RCC_GetPCLK1Freq)
    HAL_RCC_GetPCLK2Freq                     0x0800144d   Thumb Code    20  stm32f4xx_hal_rcc.o(i.HAL_RCC_GetPCLK2Freq)
    HAL_RCC_GetSysClockFreq                  0x0800146d   Thumb Code    88  stm32f4xx_hal_rcc.o(i.HAL_RCC_GetSysClockFreq)
    HAL_RCC_OscConfig                        0x080014d1   Thumb Code   840  stm32f4xx_hal_rcc.o(i.HAL_RCC_OscConfig)
    HAL_TIMEx_BreakCallback                  0x0800182d   Thumb Code     2  stm32f4xx_hal_tim_ex.o(i.HAL_TIMEx_BreakCallback)
    HAL_TIMEx_CommutCallback                 0x0800182f   Thumb Code     2  stm32f4xx_hal_tim_ex.o(i.HAL_TIMEx_CommutCallback)
    HAL_TIMEx_MasterConfigSynchronization    0x08001831   Thumb Code   116  stm32f4xx_hal_tim_ex.o(i.HAL_TIMEx_MasterConfigSynchronization)
    HAL_TIM_Base_Init                        0x080018c1   Thumb Code    54  stm32f4xx_hal_tim.o(i.HAL_TIM_Base_Init)
    HAL_TIM_Base_MspInit                     0x080018f9   Thumb Code    30  tim.o(i.HAL_TIM_Base_MspInit)
    HAL_TIM_Base_Start_IT                    0x08001921   Thumb Code    34  stm32f4xx_hal_tim.o(i.HAL_TIM_Base_Start_IT)
    HAL_TIM_ConfigClockSource                0x08001943   Thumb Code   214  stm32f4xx_hal_tim.o(i.HAL_TIM_ConfigClockSource)
    HAL_TIM_IC_CaptureCallback               0x08001a19   Thumb Code     2  stm32f4xx_hal_tim.o(i.HAL_TIM_IC_CaptureCallback)
    HAL_TIM_IRQHandler                       0x08001a1b   Thumb Code   358  stm32f4xx_hal_tim.o(i.HAL_TIM_IRQHandler)
    HAL_TIM_OC_DelayElapsedCallback          0x08001b81   Thumb Code     2  stm32f4xx_hal_tim.o(i.HAL_TIM_OC_DelayElapsedCallback)
    HAL_TIM_PWM_PulseFinishedCallback        0x08001b83   Thumb Code     2  stm32f4xx_hal_tim.o(i.HAL_TIM_PWM_PulseFinishedCallback)
    HAL_TIM_PeriodElapsedCallback            0x08001b85   Thumb Code    14  main.o(i.HAL_TIM_PeriodElapsedCallback)
    HAL_TIM_TriggerCallback                  0x08001b99   Thumb Code     2  stm32f4xx_hal_tim.o(i.HAL_TIM_TriggerCallback)
    HAL_UART_ErrorCallback                   0x08001b9b   Thumb Code     2  stm32f4xx_hal_uart.o(i.HAL_UART_ErrorCallback)
    HAL_UART_IRQHandler                      0x08001b9d   Thumb Code   270  stm32f4xx_hal_uart.o(i.HAL_UART_IRQHandler)
    HAL_UART_Init                            0x08001cb1   Thumb Code    98  stm32f4xx_hal_uart.o(i.HAL_UART_Init)
    HAL_UART_MspInit                         0x08001d15   Thumb Code   160  usart.o(i.HAL_UART_MspInit)
    HAL_UART_Receive_DMA                     0x08001dc9   Thumb Code   138  stm32f4xx_hal_uart.o(i.HAL_UART_Receive_DMA)
    HAL_UART_RxCpltCallback                  0x08001e61   Thumb Code     2  stm32f4xx_hal_uart.o(i.HAL_UART_RxCpltCallback)
    HAL_UART_RxHalfCpltCallback              0x08001e63   Thumb Code     2  stm32f4xx_hal_uart.o(i.HAL_UART_RxHalfCpltCallback)
    HAL_UART_TxCpltCallback                  0x08001e65   Thumb Code     2  stm32f4xx_hal_uart.o(i.HAL_UART_TxCpltCallback)
    HardFault_Handler                        0x08001e67   Thumb Code     2  stm32f4xx_it.o(i.HardFault_Handler)
    MX_CAN1_Init                             0x08001e69   Thumb Code    52  can.o(i.MX_CAN1_Init)
    MX_DMA_Init                              0x08001ea5   Thumb Code    40  dma.o(i.MX_DMA_Init)
    MX_FREERTOS_Init                         0x08001ed1   Thumb Code    96  freertos.o(i.MX_FREERTOS_Init)
    MX_GPIO_Init                             0x08001f39   Thumb Code   268  gpio.o(i.MX_GPIO_Init)
    MX_TIM3_Init                             0x08002059   Thumb Code    94  tim.o(i.MX_TIM3_Init)
    MX_USART2_UART_Init                      0x080020c1   Thumb Code    48  usart.o(i.MX_USART2_UART_Init)
    MemManage_Handler                        0x080020f9   Thumb Code     2  stm32f4xx_it.o(i.MemManage_Handler)
    NMI_Handler                              0x080020fb   Thumb Code     2  stm32f4xx_it.o(i.NMI_Handler)
    RGB_LED1_Write0                          0x080020fd   Thumb Code    40  ws2812.o(i.RGB_LED1_Write0)
    RGB_LED1_Write1                          0x08002129   Thumb Code    40  ws2812.o(i.RGB_LED1_Write1)
    RGB_LED1_Write_24Bits                    0x08002155   Thumb Code    26  ws2812.o(i.RGB_LED1_Write_24Bits)
    RGB_LED1_Write_Byte                      0x0800216f   Thumb Code    34  ws2812.o(i.RGB_LED1_Write_Byte)
    RGB_LED2_Write0                          0x08002191   Thumb Code    40  ws2812.o(i.RGB_LED2_Write0)
    RGB_LED2_Write1                          0x080021bd   Thumb Code    40  ws2812.o(i.RGB_LED2_Write1)
    RGB_LED2_Write_24Bits                    0x080021e9   Thumb Code    26  ws2812.o(i.RGB_LED2_Write_24Bits)
    RGB_LED2_Write_Byte                      0x08002203   Thumb Code    34  ws2812.o(i.RGB_LED2_Write_Byte)
    RGB_LED3_Write0                          0x08002225   Thumb Code    40  ws2812.o(i.RGB_LED3_Write0)
    RGB_LED3_Write1                          0x08002251   Thumb Code    40  ws2812.o(i.RGB_LED3_Write1)
    RGB_LED3_Write_24Bits                    0x0800227d   Thumb Code    26  ws2812.o(i.RGB_LED3_Write_24Bits)
    RGB_LED3_Write_Byte                      0x08002297   Thumb Code    34  ws2812.o(i.RGB_LED3_Write_Byte)
    Run_led                                  0x080022b9   Thumb Code   196  windmill.o(i.Run_led)
    SysTick_Handler                          0x08002381   Thumb Code    38  port.o(i.SysTick_Handler)
    SystemClock_Config                       0x080023ad   Thumb Code   126  main.o(i.SystemClock_Config)
    SystemInit                               0x08002435   Thumb Code    22  system_stm32f4xx.o(i.SystemInit)
    TIM6_DAC_IRQHandler                      0x08002451   Thumb Code     6  stm32f4xx_it.o(i.TIM6_DAC_IRQHandler)
    TIM_Base_SetConfig                       0x0800245d   Thumb Code   156  stm32f4xx_hal_tim.o(i.TIM_Base_SetConfig)
    TIM_ETR_SetConfig                        0x08002525   Thumb Code    20  stm32f4xx_hal_tim.o(i.TIM_ETR_SetConfig)
    TaskMSG                                  0x08002591   Thumb Code    24  freertos.o(i.TaskMSG)
    TaskRUN                                  0x080025ad   Thumb Code    20  freertos.o(i.TaskRUN)
    Task_flow_arrow                          0x080025c1   Thumb Code    18  freertos.o(i.Task_flow_arrow)
    UART2_RxStart                            0x080025d9   Thumb Code    10  usart.o(i.UART2_RxStart)
    USART2_IRQHandler                        0x080028dd   Thumb Code     6  stm32f4xx_it.o(i.USART2_IRQHandler)
    UsageFault_Handler                       0x080028e9   Thumb Code     2  stm32f4xx_it.o(i.UsageFault_Handler)
    WS2812_reset                             0x080028ed   Thumb Code    90  windmill.o(i.WS2812_reset)
    __scatterload_copy                       0x0800296d   Thumb Code    14  handlers.o(i.__scatterload_copy)
    __scatterload_null                       0x0800297b   Thumb Code     2  handlers.o(i.__scatterload_null)
    __scatterload_zeroinit                   0x0800297d   Thumb Code    14  handlers.o(i.__scatterload_zeroinit)
    armour                                   0x0800298d   Thumb Code   104  windmill.o(i.armour)
    change_lamp                              0x080029f9   Thumb Code   146  windmill.o(i.change_lamp)
    delay_us                                 0x08002ab5   Thumb Code    12  ws2812.o(i.delay_us)
    main                                     0x08002ac1   Thumb Code    52  main.o(i.main)
    osDelay                                  0x08002b01   Thumb Code    14  cmsis_os.o(i.osDelay)
    osKernelStart                            0x08002b0f   Thumb Code    10  cmsis_os.o(i.osKernelStart)
    osMessageCreate                          0x08002b19   Thumb Code    38  cmsis_os.o(i.osMessageCreate)
    osThreadCreate                           0x08002b3f   Thumb Code    84  cmsis_os.o(i.osThreadCreate)
    param_init                               0x08002b95   Thumb Code    36  windmill.o(i.param_init)
    pvPortMalloc                             0x08002f25   Thumb Code   210  heap_4.o(i.pvPortMalloc)
    pxPortInitialiseStack                    0x08002ffd   Thumb Code    40  port.o(i.pxPortInitialiseStack)
    queue_get                                0x08003029   Thumb Code    34  windmill.o(i.queue_get)
    queue_insert                             0x08003055   Thumb Code    30  windmill.o(i.queue_insert)
    uxListRemove                             0x0800307d   Thumb Code    38  list.o(i.uxListRemove)
    vApplicationGetIdleTaskMemory            0x080030a5   Thumb Code    16  freertos.o(i.vApplicationGetIdleTaskMemory)
    vListInitialise                          0x080030b9   Thumb Code    22  list.o(i.vListInitialise)
    vListInitialiseItem                      0x080030cf   Thumb Code     6  list.o(i.vListInitialiseItem)
    vListInsert                              0x080030d5   Thumb Code    48  list.o(i.vListInsert)
    vListInsertEnd                           0x08003105   Thumb Code    24  list.o(i.vListInsertEnd)
    vPortEnterCritical                       0x0800311d   Thumb Code    54  port.o(i.vPortEnterCritical)
    vPortExitCritical                        0x0800315d   Thumb Code    34  port.o(i.vPortExitCritical)
    vPortFree                                0x08003185   Thumb Code    88  heap_4.o(i.vPortFree)
    vPortSetupTimerInterrupt                 0x080031e1   Thumb Code    32  port.o(i.vPortSetupTimerInterrupt)
    vTaskDelay                               0x08003205   Thumb Code    66  tasks.o(i.vTaskDelay)
    vTaskStartScheduler                      0x08003251   Thumb Code    90  tasks.o(i.vTaskStartScheduler)
    vTaskSuspendAll                          0x080032bd   Thumb Code    10  tasks.o(i.vTaskSuspendAll)
    vTaskSwitchContext                       0x080032cd   Thumb Code    82  tasks.o(i.vTaskSwitchContext)
    windmill_Process                         0x08003329   Thumb Code    62  windmill.o(i.windmill_Process)
    xPortStartScheduler                      0x0800336d   Thumb Code   222  port.o(i.xPortStartScheduler)
    xQueueGenericCreate                      0x08003461   Thumb Code    72  queue.o(i.xQueueGenericCreate)
    xQueueGenericCreateStatic                0x080034a9   Thumb Code   102  queue.o(i.xQueueGenericCreateStatic)
    xQueueGenericReset                       0x08003511   Thumb Code   132  queue.o(i.xQueueGenericReset)
    xTaskCreate                              0x08003599   Thumb Code    90  tasks.o(i.xTaskCreate)
    xTaskCreateStatic                        0x080035f3   Thumb Code    86  tasks.o(i.xTaskCreateStatic)
    xTaskIncrementTick                       0x08003649   Thumb Code   192  tasks.o(i.xTaskIncrementTick)
    xTaskRemoveFromEventList                 0x08003711   Thumb Code   108  tasks.o(i.xTaskRemoveFromEventList)
    xTaskResumeAll                           0x08003785   Thumb Code   182  tasks.o(i.xTaskResumeAll)
    AHBPrescTable                            0x080038b4   Data          16  system_stm32f4xx.o(.constdata)
    APBPrescTable                            0x080038c4   Data           8  system_stm32f4xx.o(.constdata)
    Region$$Table$$Base                      0x080038e0   Number         0  anon$$obj.o(Region$$Table)
    Region$$Table$$Limit                     0x08003900   Number         0  anon$$obj.o(Region$$Table)
    RUNHandle                                0x20000000   Data           4  freertos.o(.data)
    MSGHandle                                0x20000004   Data           4  freertos.o(.data)
    flow_arrowHandle                         0x20000008   Data           4  freertos.o(.data)
    RDHandle                                 0x2000000c   Data           4  freertos.o(.data)
    uart2_buf                                0x20000010   Data           1  usart.o(.data)
    uwTickFreq                               0x20000014   Data           1  stm32f4xx_hal.o(.data)
    uwTickPrio                               0x20000018   Data           4  stm32f4xx_hal.o(.data)
    uwTick                                   0x2000001c   Data           4  stm32f4xx_hal.o(.data)
    SystemCoreClock                          0x20000020   Data           4  system_stm32f4xx.o(.data)
    target                                   0x20000024   Data           1  windmill.o(.data)
    success_count                            0x20000025   Data           1  windmill.o(.data)
    Random_Num                               0x20000026   Data           1  windmill.o(.data)
    st                                       0x20000027   Data           1  windmill.o(.data)
    ed                                       0x20000028   Data           1  windmill.o(.data)
    queue_num                                0x20000029   Data           1  windmill.o(.data)
    color_id                                 0x2000002a   Data           1  windmill.o(.data)
    flow_state                               0x2000002b   Data           1  windmill.o(.data)
    Start                                    0x2000002c   Data           2  windmill.o(.data)
    run_time_num                             0x2000002e   Data           2  windmill.o(.data)
    flow_num                                 0x20000030   Data           2  windmill.o(.data)
    start0                                   0x20000034   Data           4  windmill.o(.data)
    period_count                             0x20000038   Data           4  windmill.o(.data)
    number                                   0x2000003c   Data           5  windmill.o(.data)
    LED_Pin_1                                0x20000044   Data           2  ws2812.o(.data)
    LED_Pin_2                                0x20000046   Data           2  ws2812.o(.data)
    LED_Pin_3                                0x20000048   Data           2  ws2812.o(.data)
    LED_PORT_1                               0x2000004c   Data           4  ws2812.o(.data)
    LED_PORT_2                               0x20000050   Data           4  ws2812.o(.data)
    LED_PORT_3                               0x20000054   Data           4  ws2812.o(.data)
    pxCurrentTCB                             0x20000058   Data           4  tasks.o(.data)
    hcan1                                    0x2000030c   Data          40  can.o(.bss)
    htim3                                    0x20000334   Data          64  tim.o(.bss)
    huart2                                   0x20000374   Data          64  usart.o(.bss)
    hdma_usart2_rx                           0x200003b4   Data          96  usart.o(.bss)
    htim6                                    0x20000414   Data          64  stm32f4xx_hal_timebase_tim.o(.bss)
    queue                                    0x20000454   Data          20  windmill.o(.bss)
    __initial_sp                             0x20004558   Data           0  startup_stm32f407xx.o(STACK)



==============================================================================

Memory Map of the image

  Image Entry point : 0x08000189

  Load Region LR_IROM1 (Base: 0x08000000, Size: 0x000039b8, Max: 0x00100000, ABSOLUTE)

    Execution Region ER_IROM1 (Exec base: 0x08000000, Load base: 0x08000000, Size: 0x00003900, Max: 0x00100000, ABSOLUTE)

    Exec Addr    Load Addr    Size         Type   Attr      Idx    E Section Name        Object

    0x08000000   0x08000000   0x00000188   Data   RO            3    RESET               startup_stm32f407xx.o
    0x08000188   0x08000188   0x00000000   Code   RO         4905  * .ARM.Collect$$$$00000000  mc_w.l(entry.o)
    0x08000188   0x08000188   0x00000004   Code   RO         4926    .ARM.Collect$$$$00000001  mc_w.l(entry2.o)
    0x0800018c   0x0800018c   0x00000004   Code   RO         4929    .ARM.Collect$$$$00000004  mc_w.l(entry5.o)
    0x08000190   0x08000190   0x00000000   Code   RO         4931    .ARM.Collect$$$$00000008  mc_w.l(entry7b.o)
    0x08000190   0x08000190   0x00000000   Code   RO         4933    .ARM.Collect$$$$0000000A  mc_w.l(entry8b.o)
    0x08000190   0x08000190   0x00000008   Code   RO         4934    .ARM.Collect$$$$0000000B  mc_w.l(entry9a.o)
    0x08000198   0x08000198   0x00000000   Code   RO         4936    .ARM.Collect$$$$0000000D  mc_w.l(entry10a.o)
    0x08000198   0x08000198   0x00000000   Code   RO         4938    .ARM.Collect$$$$0000000F  mc_w.l(entry11a.o)
    0x08000198   0x08000198   0x00000004   Code   RO         4927    .ARM.Collect$$$$00002712  mc_w.l(entry2.o)
    0x0800019c   0x0800019c   0x000000be   Code   RO         4828    .emb_text           port.o
    0x0800025a   0x0800025a   0x00000002   PAD
    0x0800025c   0x0800025c   0x00000024   Code   RO            4    .text               startup_stm32f407xx.o
    0x08000280   0x08000280   0x00000062   Code   RO         4908    .text               mc_w.l(uldiv.o)
    0x080002e2   0x080002e2   0x00000024   Code   RO         4910    .text               mc_w.l(memcpya.o)
    0x08000306   0x08000306   0x00000024   Code   RO         4914    .text               mc_w.l(memseta.o)
    0x0800032a   0x0800032a   0x0000001e   Code   RO         4940    .text               mc_w.l(llshl.o)
    0x08000348   0x08000348   0x00000020   Code   RO         4942    .text               mc_w.l(llushr.o)
    0x08000368   0x08000368   0x00000024   Code   RO         4949    .text               mc_w.l(init.o)
    0x0800038c   0x0800038c   0x00000002   Code   RO          523    i.BusFault_Handler  stm32f4xx_it.o
    0x0800038e   0x0800038e   0x00000002   PAD
    0x08000390   0x08000390   0x0000003c   Code   RO          336    i.CAN1_FilterInit   can.o
    0x080003cc   0x080003cc   0x0000000c   Code   RO          524    i.CAN1_RX0_IRQHandler  stm32f4xx_it.o
    0x080003d8   0x080003d8   0x0000000c   Code   RO          525    i.CAN1_TX_IRQHandler  stm32f4xx_it.o
    0x080003e4   0x080003e4   0x0000000c   Code   RO          526    i.DMA1_Stream5_IRQHandler  stm32f4xx_it.o
    0x080003f0   0x080003f0   0x00000028   Code   RO         1367    i.DMA_CalcBaseAndBitshift  stm32f4xx_hal_dma.o
    0x08000418   0x08000418   0x00000054   Code   RO         1368    i.DMA_CheckFifoParam  stm32f4xx_hal_dma.o
    0x0800046c   0x0800046c   0x00000028   Code   RO         1369    i.DMA_SetConfig     stm32f4xx_hal_dma.o
    0x08000494   0x08000494   0x00000002   Code   RO          527    i.DebugMon_Handler  stm32f4xx_it.o
    0x08000496   0x08000496   0x00000002   Code   RO           13    i.Error_Handler     main.o
    0x08000498   0x08000498   0x00000080   Code   RO         3378    i.Finish_target     windmill.o
    0x08000518   0x08000518   0x000000ec   Code   RO         3379    i.Get_next_lamp     windmill.o
    0x08000604   0x08000604   0x00000024   Code   RO          675    i.HAL_CAN_ActivateNotification  stm32f4xx_hal_can.o
    0x08000628   0x08000628   0x0000010c   Code   RO          677    i.HAL_CAN_ConfigFilter  stm32f4xx_hal_can.o
    0x08000734   0x08000734   0x00000002   Code   RO          680    i.HAL_CAN_ErrorCallback  stm32f4xx_hal_can.o
    0x08000736   0x08000736   0x000000e8   Code   RO          683    i.HAL_CAN_GetRxMessage  stm32f4xx_hal_can.o
    0x0800081e   0x0800081e   0x000001fc   Code   RO          687    i.HAL_CAN_IRQHandler  stm32f4xx_hal_can.o
    0x08000a1a   0x08000a1a   0x0000011a   Code   RO          688    i.HAL_CAN_Init      stm32f4xx_hal_can.o
    0x08000b34   0x08000b34   0x0000008c   Code   RO          339    i.HAL_CAN_MspInit   can.o
    0x08000bc0   0x08000bc0   0x00000002   Code   RO          695    i.HAL_CAN_RxFifo0FullCallback  stm32f4xx_hal_can.o
    0x08000bc2   0x08000bc2   0x00000002   PAD
    0x08000bc4   0x08000bc4   0x00000020   Code   RO          340    i.HAL_CAN_RxFifo0MsgPendingCallback  can.o
    0x08000be4   0x08000be4   0x00000002   Code   RO          697    i.HAL_CAN_RxFifo1FullCallback  stm32f4xx_hal_can.o
    0x08000be6   0x08000be6   0x00000002   Code   RO          698    i.HAL_CAN_RxFifo1MsgPendingCallback  stm32f4xx_hal_can.o
    0x08000be8   0x08000be8   0x00000002   Code   RO          699    i.HAL_CAN_SleepCallback  stm32f4xx_hal_can.o
    0x08000bea   0x08000bea   0x00000002   PAD
    0x08000bec   0x08000bec   0x00000058   Code   RO          700    i.HAL_CAN_Start     stm32f4xx_hal_can.o
    0x08000c44   0x08000c44   0x00000002   Code   RO          702    i.HAL_CAN_TxMailbox0AbortCallback  stm32f4xx_hal_can.o
    0x08000c46   0x08000c46   0x00000002   Code   RO          703    i.HAL_CAN_TxMailbox0CompleteCallback  stm32f4xx_hal_can.o
    0x08000c48   0x08000c48   0x00000002   Code   RO          704    i.HAL_CAN_TxMailbox1AbortCallback  stm32f4xx_hal_can.o
    0x08000c4a   0x08000c4a   0x00000002   Code   RO          705    i.HAL_CAN_TxMailbox1CompleteCallback  stm32f4xx_hal_can.o
    0x08000c4c   0x08000c4c   0x00000002   Code   RO          706    i.HAL_CAN_TxMailbox2AbortCallback  stm32f4xx_hal_can.o
    0x08000c4e   0x08000c4e   0x00000002   Code   RO          707    i.HAL_CAN_TxMailbox2CompleteCallback  stm32f4xx_hal_can.o
    0x08000c50   0x08000c50   0x00000002   Code   RO          709    i.HAL_CAN_WakeUpFromRxMsgCallback  stm32f4xx_hal_can.o
    0x08000c52   0x08000c52   0x00000024   Code   RO         1371    i.HAL_DMA_Abort_IT  stm32f4xx_hal_dma.o
    0x08000c76   0x08000c76   0x00000002   PAD
    0x08000c78   0x08000c78   0x000001a0   Code   RO         1375    i.HAL_DMA_IRQHandler  stm32f4xx_hal_dma.o
    0x08000e18   0x08000e18   0x000000d4   Code   RO         1376    i.HAL_DMA_Init      stm32f4xx_hal_dma.o
    0x08000eec   0x08000eec   0x0000006e   Code   RO         1380    i.HAL_DMA_Start_IT  stm32f4xx_hal_dma.o
    0x08000f5a   0x08000f5a   0x00000002   PAD
    0x08000f5c   0x08000f5c   0x00000024   Code   RO         1789    i.HAL_Delay         stm32f4xx_hal.o
    0x08000f80   0x08000f80   0x000001b8   Code   RO         1263    i.HAL_GPIO_Init     stm32f4xx_hal_gpio.o
    0x08001138   0x08001138   0x0000000a   Code   RO         1267    i.HAL_GPIO_WritePin  stm32f4xx_hal_gpio.o
    0x08001142   0x08001142   0x00000002   PAD
    0x08001144   0x08001144   0x0000000c   Code   RO         1795    i.HAL_GetTick       stm32f4xx_hal.o
    0x08001150   0x08001150   0x00000010   Code   RO         1801    i.HAL_IncTick       stm32f4xx_hal.o
    0x08001160   0x08001160   0x00000034   Code   RO         1802    i.HAL_Init          stm32f4xx_hal.o
    0x08001194   0x08001194   0x00000074   Code   RO          635    i.HAL_InitTick      stm32f4xx_hal_timebase_tim.o
    0x08001208   0x08001208   0x00000030   Code   RO          611    i.HAL_MspInit       stm32f4xx_hal_msp.o
    0x08001238   0x08001238   0x0000001a   Code   RO         1652    i.HAL_NVIC_EnableIRQ  stm32f4xx_hal_cortex.o
    0x08001252   0x08001252   0x00000002   PAD
    0x08001254   0x08001254   0x00000040   Code   RO         1658    i.HAL_NVIC_SetPriority  stm32f4xx_hal_cortex.o
    0x08001294   0x08001294   0x00000024   Code   RO         1659    i.HAL_NVIC_SetPriorityGrouping  stm32f4xx_hal_cortex.o
    0x080012b8   0x080012b8   0x00000134   Code   RO          909    i.HAL_RCC_ClockConfig  stm32f4xx_hal_rcc.o
    0x080013ec   0x080013ec   0x00000040   Code   RO          913    i.HAL_RCC_GetClockConfig  stm32f4xx_hal_rcc.o
    0x0800142c   0x0800142c   0x00000020   Code   RO          916    i.HAL_RCC_GetPCLK1Freq  stm32f4xx_hal_rcc.o
    0x0800144c   0x0800144c   0x00000020   Code   RO          917    i.HAL_RCC_GetPCLK2Freq  stm32f4xx_hal_rcc.o
    0x0800146c   0x0800146c   0x00000064   Code   RO          918    i.HAL_RCC_GetSysClockFreq  stm32f4xx_hal_rcc.o
    0x080014d0   0x080014d0   0x0000035c   Code   RO          921    i.HAL_RCC_OscConfig  stm32f4xx_hal_rcc.o
    0x0800182c   0x0800182c   0x00000002   Code   RO         2717    i.HAL_TIMEx_BreakCallback  stm32f4xx_hal_tim_ex.o
    0x0800182e   0x0800182e   0x00000002   Code   RO         2718    i.HAL_TIMEx_CommutCallback  stm32f4xx_hal_tim_ex.o
    0x08001830   0x08001830   0x00000090   Code   RO         2735    i.HAL_TIMEx_MasterConfigSynchronization  stm32f4xx_hal_tim_ex.o
    0x080018c0   0x080018c0   0x00000036   Code   RO         2042    i.HAL_TIM_Base_Init  stm32f4xx_hal_tim.o
    0x080018f6   0x080018f6   0x00000002   PAD
    0x080018f8   0x080018f8   0x00000028   Code   RO          421    i.HAL_TIM_Base_MspInit  tim.o
    0x08001920   0x08001920   0x00000022   Code   RO         2047    i.HAL_TIM_Base_Start_IT  stm32f4xx_hal_tim.o
    0x08001942   0x08001942   0x000000d6   Code   RO         2051    i.HAL_TIM_ConfigClockSource  stm32f4xx_hal_tim.o
    0x08001a18   0x08001a18   0x00000002   Code   RO         2071    i.HAL_TIM_IC_CaptureCallback  stm32f4xx_hal_tim.o
    0x08001a1a   0x08001a1a   0x00000166   Code   RO         2085    i.HAL_TIM_IRQHandler  stm32f4xx_hal_tim.o
    0x08001b80   0x08001b80   0x00000002   Code   RO         2088    i.HAL_TIM_OC_DelayElapsedCallback  stm32f4xx_hal_tim.o
    0x08001b82   0x08001b82   0x00000002   Code   RO         2115    i.HAL_TIM_PWM_PulseFinishedCallback  stm32f4xx_hal_tim.o
    0x08001b84   0x08001b84   0x00000014   Code   RO           14    i.HAL_TIM_PeriodElapsedCallback  main.o
    0x08001b98   0x08001b98   0x00000002   Code   RO         2128    i.HAL_TIM_TriggerCallback  stm32f4xx_hal_tim.o
    0x08001b9a   0x08001b9a   0x00000002   Code   RO         2989    i.HAL_UART_ErrorCallback  stm32f4xx_hal_uart.o
    0x08001b9c   0x08001b9c   0x00000114   Code   RO         2992    i.HAL_UART_IRQHandler  stm32f4xx_hal_uart.o
    0x08001cb0   0x08001cb0   0x00000062   Code   RO         2993    i.HAL_UART_Init     stm32f4xx_hal_uart.o
    0x08001d12   0x08001d12   0x00000002   PAD
    0x08001d14   0x08001d14   0x000000b4   Code   RO          469    i.HAL_UART_MspInit  usart.o
    0x08001dc8   0x08001dc8   0x00000098   Code   RO         2997    i.HAL_UART_Receive_DMA  stm32f4xx_hal_uart.o
    0x08001e60   0x08001e60   0x00000002   Code   RO         2999    i.HAL_UART_RxCpltCallback  stm32f4xx_hal_uart.o
    0x08001e62   0x08001e62   0x00000002   Code   RO         3000    i.HAL_UART_RxHalfCpltCallback  stm32f4xx_hal_uart.o
    0x08001e64   0x08001e64   0x00000002   Code   RO         3004    i.HAL_UART_TxCpltCallback  stm32f4xx_hal_uart.o
    0x08001e66   0x08001e66   0x00000002   Code   RO          528    i.HardFault_Handler  stm32f4xx_it.o
    0x08001e68   0x08001e68   0x0000003c   Code   RO          341    i.MX_CAN1_Init      can.o
    0x08001ea4   0x08001ea4   0x0000002c   Code   RO          396    i.MX_DMA_Init       dma.o
    0x08001ed0   0x08001ed0   0x00000068   Code   RO          271    i.MX_FREERTOS_Init  freertos.o
    0x08001f38   0x08001f38   0x00000120   Code   RO          247    i.MX_GPIO_Init      gpio.o
    0x08002058   0x08002058   0x00000068   Code   RO          422    i.MX_TIM3_Init      tim.o
    0x080020c0   0x080020c0   0x00000038   Code   RO          471    i.MX_USART2_UART_Init  usart.o
    0x080020f8   0x080020f8   0x00000002   Code   RO          529    i.MemManage_Handler  stm32f4xx_it.o
    0x080020fa   0x080020fa   0x00000002   Code   RO          530    i.NMI_Handler       stm32f4xx_it.o
    0x080020fc   0x080020fc   0x0000002c   Code   RO         3470    i.RGB_LED1_Write0   ws2812.o
    0x08002128   0x08002128   0x0000002c   Code   RO         3471    i.RGB_LED1_Write1   ws2812.o
    0x08002154   0x08002154   0x0000001a   Code   RO         3472    i.RGB_LED1_Write_24Bits  ws2812.o
    0x0800216e   0x0800216e   0x00000022   Code   RO         3473    i.RGB_LED1_Write_Byte  ws2812.o
    0x08002190   0x08002190   0x0000002c   Code   RO         3474    i.RGB_LED2_Write0   ws2812.o
    0x080021bc   0x080021bc   0x0000002c   Code   RO         3475    i.RGB_LED2_Write1   ws2812.o
    0x080021e8   0x080021e8   0x0000001a   Code   RO         3476    i.RGB_LED2_Write_24Bits  ws2812.o
    0x08002202   0x08002202   0x00000022   Code   RO         3477    i.RGB_LED2_Write_Byte  ws2812.o
    0x08002224   0x08002224   0x0000002c   Code   RO         3478    i.RGB_LED3_Write0   ws2812.o
    0x08002250   0x08002250   0x0000002c   Code   RO         3479    i.RGB_LED3_Write1   ws2812.o
    0x0800227c   0x0800227c   0x0000001a   Code   RO         3480    i.RGB_LED3_Write_24Bits  ws2812.o
    0x08002296   0x08002296   0x00000022   Code   RO         3481    i.RGB_LED3_Write_Byte  ws2812.o
    0x080022b8   0x080022b8   0x000000c8   Code   RO         3380    i.Run_led           windmill.o
    0x08002380   0x08002380   0x0000002c   Code   RO         4829    i.SysTick_Handler   port.o
    0x080023ac   0x080023ac   0x00000088   Code   RO           15    i.SystemClock_Config  main.o
    0x08002434   0x08002434   0x0000001c   Code   RO         3295    i.SystemInit        system_stm32f4xx.o
    0x08002450   0x08002450   0x0000000c   Code   RO          531    i.TIM6_DAC_IRQHandler  stm32f4xx_it.o
    0x0800245c   0x0800245c   0x000000c8   Code   RO         2130    i.TIM_Base_SetConfig  stm32f4xx_hal_tim.o
    0x08002524   0x08002524   0x00000014   Code   RO         2141    i.TIM_ETR_SetConfig  stm32f4xx_hal_tim.o
    0x08002538   0x08002538   0x00000010   Code   RO         2142    i.TIM_ITRx_SetConfig  stm32f4xx_hal_tim.o
    0x08002548   0x08002548   0x00000022   Code   RO         2148    i.TIM_TI1_ConfigInputStage  stm32f4xx_hal_tim.o
    0x0800256a   0x0800256a   0x00000024   Code   RO         2150    i.TIM_TI2_ConfigInputStage  stm32f4xx_hal_tim.o
    0x0800258e   0x0800258e   0x00000002   PAD
    0x08002590   0x08002590   0x0000001c   Code   RO          272    i.TaskMSG           freertos.o
    0x080025ac   0x080025ac   0x00000014   Code   RO          273    i.TaskRUN           freertos.o
    0x080025c0   0x080025c0   0x00000018   Code   RO          274    i.Task_flow_arrow   freertos.o
    0x080025d8   0x080025d8   0x00000014   Code   RO          472    i.UART2_RxStart     usart.o
    0x080025ec   0x080025ec   0x00000010   Code   RO         3006    i.UART_DMAAbortOnError  stm32f4xx_hal_uart.o
    0x080025fc   0x080025fc   0x0000004a   Code   RO         3007    i.UART_DMAError     stm32f4xx_hal_uart.o
    0x08002646   0x08002646   0x0000003c   Code   RO         3008    i.UART_DMAReceiveCplt  stm32f4xx_hal_uart.o
    0x08002682   0x08002682   0x0000000a   Code   RO         3010    i.UART_DMARxHalfCplt  stm32f4xx_hal_uart.o
    0x0800268c   0x0800268c   0x0000001c   Code   RO         3016    i.UART_EndRxTransfer  stm32f4xx_hal_uart.o
    0x080026a8   0x080026a8   0x00000012   Code   RO         3017    i.UART_EndTxTransfer  stm32f4xx_hal_uart.o
    0x080026ba   0x080026ba   0x00000096   Code   RO         3018    i.UART_Receive_IT   stm32f4xx_hal_uart.o
    0x08002750   0x08002750   0x00000128   Code   RO         3019    i.UART_SetConfig    stm32f4xx_hal_uart.o
    0x08002878   0x08002878   0x00000062   Code   RO         3020    i.UART_Transmit_IT  stm32f4xx_hal_uart.o
    0x080028da   0x080028da   0x00000002   PAD
    0x080028dc   0x080028dc   0x0000000c   Code   RO          532    i.USART2_IRQHandler  stm32f4xx_it.o
    0x080028e8   0x080028e8   0x00000002   Code   RO          533    i.UsageFault_Handler  stm32f4xx_it.o
    0x080028ea   0x080028ea   0x00000002   PAD
    0x080028ec   0x080028ec   0x00000060   Code   RO         3381    i.WS2812_reset      windmill.o
    0x0800294c   0x0800294c   0x00000020   Code   RO         1665    i.__NVIC_SetPriority  stm32f4xx_hal_cortex.o
    0x0800296c   0x0800296c   0x0000000e   Code   RO         4953    i.__scatterload_copy  mc_w.l(handlers.o)
    0x0800297a   0x0800297a   0x00000002   Code   RO         4954    i.__scatterload_null  mc_w.l(handlers.o)
    0x0800297c   0x0800297c   0x0000000e   Code   RO         4955    i.__scatterload_zeroinit  mc_w.l(handlers.o)
    0x0800298a   0x0800298a   0x00000002   PAD
    0x0800298c   0x0800298c   0x0000006c   Code   RO         3382    i.armour            windmill.o
    0x080029f8   0x080029f8   0x000000bc   Code   RO         3383    i.change_lamp       windmill.o
    0x08002ab4   0x08002ab4   0x0000000c   Code   RO         3482    i.delay_us          ws2812.o
    0x08002ac0   0x08002ac0   0x00000034   Code   RO           16    i.main              main.o
    0x08002af4   0x08002af4   0x0000000c   Code   RO         4400    i.makeFreeRtosPriority  cmsis_os.o
    0x08002b00   0x08002b00   0x0000000e   Code   RO         4402    i.osDelay           cmsis_os.o
    0x08002b0e   0x08002b0e   0x0000000a   Code   RO         4405    i.osKernelStart     cmsis_os.o
    0x08002b18   0x08002b18   0x00000026   Code   RO         4414    i.osMessageCreate   cmsis_os.o
    0x08002b3e   0x08002b3e   0x00000054   Code   RO         4439    i.osThreadCreate    cmsis_os.o
    0x08002b92   0x08002b92   0x00000002   PAD
    0x08002b94   0x08002b94   0x0000002c   Code   RO         3384    i.param_init        windmill.o
    0x08002bc0   0x08002bc0   0x00000070   Code   RO         4094    i.prvAddCurrentTaskToDelayedList  tasks.o
    0x08002c30   0x08002c30   0x000000d0   Code   RO         4095    i.prvAddNewTaskToReadyList  tasks.o
    0x08002d00   0x08002d00   0x00000034   Code   RO         4096    i.prvDeleteTCB      tasks.o
    0x08002d34   0x08002d34   0x0000004c   Code   RO         4767    i.prvHeapInit       heap_4.o
    0x08002d80   0x08002d80   0x00000060   Code   RO         4097    i.prvIdleTask       tasks.o
    0x08002de0   0x08002de0   0x00000016   Code   RO         3773    i.prvInitialiseNewQueue  queue.o
    0x08002df6   0x08002df6   0x00000098   Code   RO         4098    i.prvInitialiseNewTask  tasks.o
    0x08002e8e   0x08002e8e   0x00000002   PAD
    0x08002e90   0x08002e90   0x0000004c   Code   RO         4768    i.prvInsertBlockIntoFreeList  heap_4.o
    0x08002edc   0x08002edc   0x00000020   Code   RO         4099    i.prvResetNextTaskUnblockTime  tasks.o
    0x08002efc   0x08002efc   0x00000028   Code   RO         4830    i.prvTaskExitError  port.o
    0x08002f24   0x08002f24   0x000000d8   Code   RO         4769    i.pvPortMalloc      heap_4.o
    0x08002ffc   0x08002ffc   0x0000002c   Code   RO         4831    i.pxPortInitialiseStack  port.o
    0x08003028   0x08003028   0x0000002c   Code   RO         3386    i.queue_get         windmill.o
    0x08003054   0x08003054   0x00000028   Code   RO         3387    i.queue_insert      windmill.o
    0x0800307c   0x0800307c   0x00000026   Code   RO         3730    i.uxListRemove      list.o
    0x080030a2   0x080030a2   0x00000002   PAD
    0x080030a4   0x080030a4   0x00000014   Code   RO          275    i.vApplicationGetIdleTaskMemory  freertos.o
    0x080030b8   0x080030b8   0x00000016   Code   RO         3731    i.vListInitialise   list.o
    0x080030ce   0x080030ce   0x00000006   Code   RO         3732    i.vListInitialiseItem  list.o
    0x080030d4   0x080030d4   0x00000030   Code   RO         3733    i.vListInsert       list.o
    0x08003104   0x08003104   0x00000018   Code   RO         3734    i.vListInsertEnd    list.o
    0x0800311c   0x0800311c   0x00000040   Code   RO         4833    i.vPortEnterCritical  port.o
    0x0800315c   0x0800315c   0x00000028   Code   RO         4834    i.vPortExitCritical  port.o
    0x08003184   0x08003184   0x0000005c   Code   RO         4770    i.vPortFree         heap_4.o
    0x080031e0   0x080031e0   0x00000024   Code   RO         4835    i.vPortSetupTimerInterrupt  port.o
    0x08003204   0x08003204   0x0000004c   Code   RO         4107    i.vTaskDelay        tasks.o
    0x08003250   0x08003250   0x0000006c   Code   RO         4120    i.vTaskStartScheduler  tasks.o
    0x080032bc   0x080032bc   0x00000010   Code   RO         4122    i.vTaskSuspendAll   tasks.o
    0x080032cc   0x080032cc   0x0000005c   Code   RO         4123    i.vTaskSwitchContext  tasks.o
    0x08003328   0x08003328   0x00000044   Code   RO         3388    i.windmill_Process  windmill.o
    0x0800336c   0x0800336c   0x000000f4   Code   RO         4837    i.xPortStartScheduler  port.o
    0x08003460   0x08003460   0x00000048   Code   RO         3784    i.xQueueGenericCreate  queue.o
    0x080034a8   0x080034a8   0x00000066   Code   RO         3785    i.xQueueGenericCreateStatic  queue.o
    0x0800350e   0x0800350e   0x00000002   PAD
    0x08003510   0x08003510   0x00000088   Code   RO         3786    i.xQueueGenericReset  queue.o
    0x08003598   0x08003598   0x0000005a   Code   RO         4125    i.xTaskCreate       tasks.o
    0x080035f2   0x080035f2   0x00000056   Code   RO         4126    i.xTaskCreateStatic  tasks.o
    0x08003648   0x08003648   0x000000c8   Code   RO         4133    i.xTaskIncrementTick  tasks.o
    0x08003710   0x08003710   0x00000074   Code   RO         4138    i.xTaskRemoveFromEventList  tasks.o
    0x08003784   0x08003784   0x000000c4   Code   RO         4139    i.xTaskResumeAll    tasks.o
    0x08003848   0x08003848   0x00000064   Data   RO          277    .constdata          freertos.o
    0x080038ac   0x080038ac   0x00000008   Data   RO         1382    .constdata          stm32f4xx_hal_dma.o
    0x080038b4   0x080038b4   0x00000010   Data   RO         3296    .constdata          system_stm32f4xx.o
    0x080038c4   0x080038c4   0x00000008   Data   RO         3297    .constdata          system_stm32f4xx.o
    0x080038cc   0x080038cc   0x00000013   Data   RO          278    .conststring        freertos.o
    0x080038df   0x080038df   0x00000001   PAD
    0x080038e0   0x080038e0   0x00000020   Data   RO         4951    Region$$Table       anon$$obj.o


    Execution Region RW_IRAM2 (Exec base: 0x10000000, Load base: 0x080039b8, Size: 0x00000000, Max: 0x00010000, ABSOLUTE)

    **** No section assigned to this execution region ****


    Execution Region RW_IRAM1 (Exec base: 0x20000000, Load base: 0x08003900, Size: 0x00004558, Max: 0x00020000, ABSOLUTE)

    Exec Addr    Load Addr    Size         Type   Attr      Idx    E Section Name        Object

    0x20000000   0x08003900   0x00000010   Data   RW          279    .data               freertos.o
    0x20000010   0x08003910   0x00000001   Data   RW          474    .data               usart.o
    0x20000011   0x08003911   0x00000003   PAD
    0x20000014   0x08003914   0x0000000c   Data   RW         1809    .data               stm32f4xx_hal.o
    0x20000020   0x08003920   0x00000004   Data   RW         3298    .data               system_stm32f4xx.o
    0x20000024   0x08003924   0x0000001d   Data   RW         3390    .data               windmill.o
    0x20000041   0x08003941   0x00000003   PAD
    0x20000044   0x08003944   0x00000014   Data   RW         3483    .data               ws2812.o
    0x20000058   0x08003958   0x0000003c   Data   RW         4142    .data               tasks.o
    0x20000094   0x08003994   0x00000018   Data   RW         4775    .data               heap_4.o
    0x200000ac   0x080039ac   0x0000000c   Data   RW         4838    .data               port.o
    0x200000b8        -       0x00000254   Zero   RW          276    .bss                freertos.o
    0x2000030c        -       0x00000028   Zero   RW          342    .bss                can.o
    0x20000334        -       0x00000040   Zero   RW          424    .bss                tim.o
    0x20000374        -       0x000000a0   Zero   RW          473    .bss                usart.o
    0x20000414        -       0x00000040   Zero   RW          638    .bss                stm32f4xx_hal_timebase_tim.o
    0x20000454        -       0x00000014   Zero   RW         3389    .bss                windmill.o
    0x20000468        -       0x000000f0   Zero   RW         4141    .bss                tasks.o
    0x20000558        -       0x00003c00   Zero   RW         4774    .bss                heap_4.o
    0x20004158        -       0x00000400   Zero   RW            1    STACK               startup_stm32f407xx.o


==============================================================================

Image component sizes


      Code (inc. data)   RO Data    RW Data    ZI Data      Debug   Object Name

       292         34          0          0         40       2879   can.o
       158          0          0          0          0      23823   cmsis_os.o
        44          4          0          0          0        766   dma.o
         0          0          0          0          0      18864   event_groups.o
       196         22        119         16        596       3725   freertos.o
       288         20          0          0          0       1043   gpio.o
       460         24          0         24      15360       7291   heap_4.o
       138          0          0          0          0       3518   list.o
       210         16          0          0          0     729476   main.o
       702         72          0         12          0      11020   port.o
       332          4          0          0          0       8715   queue.o
        36          8        392          0       1024        832   startup_stm32f407xx.o
       116         18          0         12          0       8682   stm32f4xx_hal.o
      1438          6          0          0          0      13036   stm32f4xx_hal_can.o
       158         14          0          0          0      33134   stm32f4xx_hal_cortex.o
       938         16          8          0          0       6418   stm32f4xx_hal_dma.o
       450         46          0          0          0       2384   stm32f4xx_hal_gpio.o
        48          6          0          0          0        846   stm32f4xx_hal_msp.o
      1396         86          0          0          0       5849   stm32f4xx_hal_rcc.o
       974         44          0          0          0       9945   stm32f4xx_hal_tim.o
       148         28          0          0          0       2433   stm32f4xx_hal_tim_ex.o
       116         16          0          0         64       1407   stm32f4xx_hal_timebase_tim.o
      1284         30          0          0          0      11212   stm32f4xx_hal_uart.o
        72         30          0          0          0       5088   stm32f4xx_it.o
         0          0          0          0          0        408   stream_buffer.o
        28          6         24          4          0       1143   system_stm32f4xx.o
      1632        118          0         60        240      20353   tasks.o
       144         20          0          0         64       1634   tim.o
       256         38          0          1        160       2259   usart.o
      1152        158          0         29         20       7338   windmill.o
       456         24          0         20          0       8364   ws2812.o

    ----------------------------------------------------------------------
     13696        908        576        184      17568     953885   Object Totals
         0          0         32          0          0          0   (incl. Generated)
        34          0          1          6          0          0   (incl. Padding)

    ----------------------------------------------------------------------

      Code (inc. data)   RO Data    RW Data    ZI Data      Debug   Library Member Name

         0          0          0          0          0          0   entry.o
         0          0          0          0          0          0   entry10a.o
         0          0          0          0          0          0   entry11a.o
         8          4          0          0          0          0   entry2.o
         4          0          0          0          0          0   entry5.o
         0          0          0          0          0          0   entry7b.o
         0          0          0          0          0          0   entry8b.o
         8          4          0          0          0          0   entry9a.o
        30          0          0          0          0          0   handlers.o
        36          8          0          0          0         68   init.o
        30          0          0          0          0         68   llshl.o
        32          0          0          0          0         68   llushr.o
        36          0          0          0          0         68   memcpya.o
        36          0          0          0          0        108   memseta.o
        98          0          0          0          0         92   uldiv.o

    ----------------------------------------------------------------------
       320         16          0          0          0        472   Library Totals
         2          0          0          0          0          0   (incl. Padding)

    ----------------------------------------------------------------------

      Code (inc. data)   RO Data    RW Data    ZI Data      Debug   Library Name

       318         16          0          0          0        472   mc_w.l

    ----------------------------------------------------------------------
       320         16          0          0          0        472   Library Totals

    ----------------------------------------------------------------------

==============================================================================


      Code (inc. data)   RO Data    RW Data    ZI Data      Debug   

     14016        924        576        184      17568     938105   Grand Totals
     14016        924        576        184      17568     938105   ELF Image Totals
     14016        924        576        184          0          0   ROM Totals

==============================================================================

    Total RO  Size (Code + RO Data)                14592 (  14.25kB)
    Total RW  Size (RW Data + ZI Data)             17752 (  17.34kB)
    Total ROM Size (Code + RO Data + RW Data)      14776 (  14.43kB)

==============================================================================

