Component: ARM Compiler 5.06 update 6 (build 750) Tool: armlink [4d35ed]

==============================================================================

Section Cross References

    startup_stm32f407xx.o(RESET) refers to startup_stm32f407xx.o(STACK) for __initial_sp
    startup_stm32f407xx.o(RESET) refers to startup_stm32f407xx.o(.text) for Reset_Handler
    startup_stm32f407xx.o(RESET) refers to stm32f4xx_it.o(i.NMI_Handler) for NMI_Handler
    startup_stm32f407xx.o(RESET) refers to stm32f4xx_it.o(i.HardFault_Handler) for HardFault_Handler
    startup_stm32f407xx.o(RESET) refers to stm32f4xx_it.o(i.MemManage_Handler) for MemManage_Handler
    startup_stm32f407xx.o(RESET) refers to stm32f4xx_it.o(i.BusFault_Handler) for BusFault_Handler
    startup_stm32f407xx.o(RESET) refers to stm32f4xx_it.o(i.UsageFault_Handler) for UsageFault_Handler
    startup_stm32f407xx.o(RESET) refers to port.o(.emb_text) for SVC_Handler
    startup_stm32f407xx.o(RESET) refers to stm32f4xx_it.o(i.DebugMon_Handler) for DebugMon_Handler
    startup_stm32f407xx.o(RESET) refers to port.o(i.SysTick_Handler) for SysTick_Handler
    startup_stm32f407xx.o(RESET) refers to stm32f4xx_it.o(i.CAN1_TX_IRQHandler) for CAN1_TX_IRQHandler
    startup_stm32f407xx.o(RESET) refers to stm32f4xx_it.o(i.CAN1_RX0_IRQHandler) for CAN1_RX0_IRQHandler
    startup_stm32f407xx.o(RESET) refers to stm32f4xx_it.o(i.USART2_IRQHandler) for USART2_IRQHandler
    startup_stm32f407xx.o(RESET) refers to stm32f4xx_it.o(i.TIM6_DAC_IRQHandler) for TIM6_DAC_IRQHandler
    startup_stm32f407xx.o(.text) refers to system_stm32f4xx.o(i.SystemInit) for SystemInit
    startup_stm32f407xx.o(.text) refers to entry.o(.ARM.Collect$$$$00000000) for __main
    main.o(i.HAL_TIM_PeriodElapsedCallback) refers to stm32f4xx_hal.o(i.HAL_IncTick) for HAL_IncTick
    main.o(i.SystemClock_Config) refers to memseta.o(.text) for __aeabi_memclr4
    main.o(i.SystemClock_Config) refers to stm32f4xx_hal_rcc.o(i.HAL_RCC_OscConfig) for HAL_RCC_OscConfig
    main.o(i.SystemClock_Config) refers to stm32f4xx_hal_rcc.o(i.HAL_RCC_ClockConfig) for HAL_RCC_ClockConfig
    main.o(i.main) refers to stm32f4xx_hal.o(i.HAL_Init) for HAL_Init
    main.o(i.main) refers to main.o(i.SystemClock_Config) for SystemClock_Config
    main.o(i.main) refers to gpio.o(i.MX_GPIO_Init) for MX_GPIO_Init
    main.o(i.main) refers to can.o(i.MX_CAN1_Init) for MX_CAN1_Init
    main.o(i.main) refers to usart.o(i.MX_USART2_UART_Init) for MX_USART2_UART_Init
    main.o(i.main) refers to tim.o(i.MX_TIM3_Init) for MX_TIM3_Init
    main.o(i.main) refers to can.o(i.CAN1_FilterInit) for CAN1_FilterInit
    main.o(i.main) refers to usart.o(i.UART2_DMARxStart) for UART2_DMARxStart
    main.o(i.main) refers to stm32f4xx_hal.o(i.HAL_Delay) for HAL_Delay
    main.o(i.main) refers to freertos.o(i.MX_FREERTOS_Init) for MX_FREERTOS_Init
    main.o(i.main) refers to cmsis_os.o(i.osKernelStart) for osKernelStart
    main.o(i.main) refers to ws2812.o(i.RGB_LED_Write0) for RGB_LED_Write0
    gpio.o(i.MX_GPIO_Init) refers to memseta.o(.text) for __aeabi_memclr4
    gpio.o(i.MX_GPIO_Init) refers to stm32f4xx_hal_gpio.o(i.HAL_GPIO_WritePin) for HAL_GPIO_WritePin
    gpio.o(i.MX_GPIO_Init) refers to stm32f4xx_hal_gpio.o(i.HAL_GPIO_Init) for HAL_GPIO_Init
    freertos.o(i.MX_FREERTOS_Init) refers to cmsis_os.o(i.osPoolCreate) for osPoolCreate
    freertos.o(i.MX_FREERTOS_Init) refers to cmsis_os.o(i.osMessageCreate) for osMessageCreate
    freertos.o(i.MX_FREERTOS_Init) refers to memcpya.o(.text) for __aeabi_memcpy4
    freertos.o(i.MX_FREERTOS_Init) refers to cmsis_os.o(i.osThreadCreate) for osThreadCreate
    freertos.o(i.MX_FREERTOS_Init) refers to freertos.o(.constdata) for .constdata
    freertos.o(i.MX_FREERTOS_Init) refers to freertos.o(.data) for .data
    freertos.o(i.TaskMSG) refers to cmsis_os.o(i.osPoolAlloc) for osPoolAlloc
    freertos.o(i.TaskMSG) refers to dr16.o(i.RemoteDataMsg_Process) for RemoteDataMsg_Process
    freertos.o(i.TaskMSG) refers to cmsis_os.o(i.osMessagePut) for osMessagePut
    freertos.o(i.TaskMSG) refers to cmsis_os.o(i.osDelay) for osDelay
    freertos.o(i.TaskMSG) refers to freertos.o(.data) for .data
    freertos.o(i.TaskRUN) refers to windmill.o(i.param_init) for param_init
    freertos.o(i.TaskRUN) refers to windmill.o(i.fortest) for fortest
    freertos.o(i.TaskRUN) refers to windmill.o(i.windmill_Process) for windmill_Process
    freertos.o(i.TaskRUN) refers to windmill.o(i.queue_insert) for queue_insert
    freertos.o(i.TaskRUN) refers to cmsis_os.o(i.osDelay) for osDelay
    freertos.o(i.vApplicationGetIdleTaskMemory) refers to freertos.o(.bss) for .bss
    freertos.o(.constdata) refers to freertos.o(.conststring) for .conststring
    freertos.o(.constdata) refers to freertos.o(i.TaskRUN) for TaskRUN
    freertos.o(.constdata) refers to freertos.o(i.TaskMSG) for TaskMSG
    can.o(i.CAN1_FilterInit) refers to stm32f4xx_hal_can.o(i.HAL_CAN_ConfigFilter) for HAL_CAN_ConfigFilter
[...]
    dc.s                                     0x00000000   Number         0  dc.o ABSOLUTE
    handlers.s                               0x00000000   Number         0  handlers.o ABSOLUTE
    init.s                                   0x00000000   Number         0  init.o ABSOLUTE
    startup_stm32f407xx.s                    0x00000000   Number         0  startup_stm32f407xx.o ABSOLUTE
    RESET                                    0x08000000   Section      392  startup_stm32f407xx.o(RESET)
    .ARM.Collect$$$$00000000                 0x08000188   Section        0  entry.o(.ARM.Collect$$$$00000000)
    .ARM.Collect$$$$00000001                 0x08000188   Section        4  entry2.o(.ARM.Collect$$$$00000001)
    .ARM.Collect$$$$00000004                 0x0800018c   Section        4  entry5.o(.ARM.Collect$$$$00000004)
    .ARM.Collect$$$$00000008                 0x08000190   Section        0  entry7b.o(.ARM.Collect$$$$00000008)
    .ARM.Collect$$$$0000000A                 0x08000190   Section        0  entry8b.o(.ARM.Collect$$$$0000000A)
    .ARM.Collect$$$$0000000B                 0x08000190   Section        8  entry9a.o(.ARM.Collect$$$$0000000B)
    .ARM.Collect$$$$0000000D                 0x08000198   Section        0  entry10a.o(.ARM.Collect$$$$0000000D)
    .ARM.Collect$$$$0000000F                 0x08000198   Section        0  entry11a.o(.ARM.Collect$$$$0000000F)
    .ARM.Collect$$$$00002712                 0x08000198   Section        4  entry2.o(.ARM.Collect$$$$00002712)
    __lit__00000000                          0x08000198   Data           4  entry2.o(.ARM.Collect$$$$00002712)
    .emb_text                                0x0800019c   Section      190  port.o(.emb_text)
    $v0                                      0x0800019c   Number         0  port.o(.emb_text)
    .text                                    0x0800025c   Section       36  startup_stm32f407xx.o(.text)
    $v0                                      0x0800025c   Number         0  startup_stm32f407xx.o(.text)
    .text                                    0x08000280   Section        0  uldiv.o(.text)
    .text                                    0x080002e2   Section        0  memcpya.o(.text)
    .text                                    0x08000306   Section        0  memseta.o(.text)
    .text                                    0x0800032a   Section        0  llshl.o(.text)
    .text                                    0x08000348   Section        0  llushr.o(.text)
    .text                                    0x08000368   Section       36  init.o(.text)
    i.BusFault_Handler                       0x0800038c   Section        0  stm32f4xx_it.o(i.BusFault_Handler)
    i.CAN1_FilterInit                        0x08000390   Section        0  can.o(i.CAN1_FilterInit)
    i.CAN1_RX0_IRQHandler                    0x080003cc   Section        0  stm32f4xx_it.o(i.CAN1_RX0_IRQHandler)
    i.CAN1_TX_IRQHandler                     0x080003d8   Section        0  stm32f4xx_it.o(i.CAN1_TX_IRQHandler)
    i.DMA_SetConfig                          0x080003e4   Section        0  stm32f4xx_hal_dma.o(i.DMA_SetConfig)
    DMA_SetConfig                            0x080003e5   Thumb Code    40  stm32f4xx_hal_dma.o(i.DMA_SetConfig)
    i.DebugMon_Handler                       0x0800040c   Section        0  stm32f4xx_it.o(i.DebugMon_Handler)
    i.Error_Handler                          0x0800040e   Section        0  main.o(i.Error_Handler)
    i.Finish_target                          0x08000410   Section        0  windmill.o(i.Finish_target)
    i.Get_next_lamp                          0x080004c4   Section        0  windmill.o(i.Get_next_lamp)
    i.HAL_CAN_ActivateNotification           0x08000598   Section        0  stm32f4xx_hal_can.o(i.HAL_CAN_ActivateNotification)
    i.HAL_CAN_ConfigFilter                   0x080005bc   Section        0  stm32f4xx_hal_can.o(i.HAL_CAN_ConfigFilter)
    i.HAL_CAN_ErrorCallback                  0x080006c8   Section        0  stm32f4xx_hal_can.o(i.HAL_CAN_ErrorCallback)
    i.HAL_CAN_GetRxMessage                   0x080006ca   Section        0  stm32f4xx_hal_can.o(i.HAL_CAN_GetRxMessage)
    i.HAL_CAN_IRQHandler                     0x080007b2   Section        0  stm32f4xx_hal_can.o(i.HAL_CAN_IRQHandler)
    i.HAL_CAN_Init                           0x080009ae   Section        0  stm32f4xx_hal_can.o(i.HAL_CAN_Init)
    i.HAL_CAN_MspInit                        0x08000ac8   Section        0  can.o(i.HAL_CAN_MspInit)
    i.HAL_CAN_RxFifo0FullCallback            0x08000b54   Section        0  stm32f4xx_hal_can.o(i.HAL_CAN_RxFifo0FullCallback)
    i.HAL_CAN_RxFifo0MsgPendingCallback      0x08000b58   Section        0  can.o(i.HAL_CAN_RxFifo0MsgPendingCallback)
    i.HAL_CAN_RxFifo1FullCallback            0x08000b78   Section        0  stm32f4xx_hal_can.o(i.HAL_CAN_RxFifo1FullCallback)
    i.HAL_CAN_RxFifo1MsgPendingCallback      0x08000b7a   Section        0  stm32f4xx_hal_can.o(i.HAL_CAN_RxFifo1MsgPendingCallback)
    i.HAL_CAN_SleepCallback                  0x08000b7c   Section        0  stm32f4xx_hal_can.o(i.HAL_CAN_SleepCallback)
    i.HAL_CAN_Start                          0x08000b80   Section        0  stm32f4xx_hal_can.o(i.HAL_CAN_Start)
    i.HAL_CAN_TxMailbox0AbortCallback        0x08000bd8   Section        0  stm32f4xx_hal_can.o(i.HAL_CAN_TxMailbox0AbortCallback)
    i.HAL_CAN_TxMailbox0CompleteCallback     0x08000bda   Section        0  stm32f4xx_hal_can.o(i.HAL_CAN_TxMailbox0CompleteCallback)
    i.HAL_CAN_TxMailbox1AbortCallback        0x08000bdc   Section        0  stm32f4xx_hal_can.o(i.HAL_CAN_TxMailbox1AbortCallback)
    i.HAL_CAN_TxMailbox1CompleteCallback     0x08000bde   Section        0  stm32f4xx_hal_can.o(i.HAL_CAN_TxMailbox1CompleteCallback)
    i.HAL_CAN_TxMailbox2AbortCallback        0x08000be0   Section        0  stm32f4xx_hal_can.o(i.HAL_CAN_TxMailbox2AbortCallback)
    i.HAL_CAN_TxMailbox2CompleteCallback     0x08000be2   Section        0  stm32f4xx_hal_can.o(i.HAL_CAN_TxMailbox2CompleteCallback)
    i.HAL_CAN_WakeUpFromRxMsgCallback        0x08000be4   Section        0  stm32f4xx_hal_can.o(i.HAL_CAN_WakeUpFromRxMsgCallback)
    i.HAL_DMA_Abort_IT                       0x08000be6   Section        0  stm32f4xx_hal_dma.o(i.HAL_DMA_Abort_IT)
    i.HAL_DMA_Start_IT                       0x08000c0a   Section        0  stm32f4xx_hal_dma.o(i.HAL_DMA_Start_IT)
    i.HAL_Delay                              0x08000c78   Section        0  stm32f4xx_hal.o(i.HAL_Delay)
    i.HAL_GPIO_Init                          0x08000c9c   Section        0  stm32f4xx_hal_gpio.o(i.HAL_GPIO_Init)
    i.HAL_GPIO_WritePin                      0x08000e54   Section        0  stm32f4xx_hal_gpio.o(i.HAL_GPIO_WritePin)
    i.HAL_GetTick                            0x08000e60   Section        0  stm32f4xx_hal.o(i.HAL_GetTick)
    i.HAL_IncTick                            0x08000e6c   Section        0  stm32f4xx_hal.o(i.HAL_IncTick)
    i.HAL_Init                               0x08000e7c   Section        0  stm32f4xx_hal.o(i.HAL_Init)
    i.HAL_InitTick                           0x08000eb0   Section        0  stm32f4xx_hal_timebase_tim.o(i.HAL_InitTick)
    i.HAL_MspInit                            0x08000f24   Section        0  stm32f4xx_hal_msp.o(i.HAL_MspInit)
    i.HAL_NVIC_EnableIRQ                     0x08000f54   Section        0  stm32f4xx_hal_cortex.o(i.HAL_NVIC_EnableIRQ)
    i.HAL_NVIC_SetPriority                   0x08000f70   Section        0  stm32f4xx_hal_cortex.o(i.HAL_NVIC_SetPriority)
    i.HAL_NVIC_SetPriorityGrouping           0x08000fb0   Section        0  stm32f4xx_hal_cortex.o(i.HAL_NVIC_SetPriorityGrouping)
    i.HAL_RCC_ClockConfig                    0x08000fd4   Section        0  stm32f4xx_hal_rcc.o(i.HAL_RCC_ClockConfig)
    i.HAL_RCC_GetClockConfig                 0x08001108   Section        0  stm32f4xx_hal_rcc.o(i.HAL_RCC_GetClockConfig)
    i.HAL_RCC_GetPCLK1Freq                   0x08001148   Section        0  stm32f4xx_hal_rcc.o(i.HAL_RCC_GetPCLK1Freq)
    i.HAL_RCC_GetPCLK2Freq                   0x08001168   Section        0  stm32f4xx_hal_rcc.o(i.HAL_RCC_GetPCLK2Freq)
    i.HAL_RCC_GetSysClockFreq                0x08001188   Section        0  stm32f4xx_hal_rcc.o(i.HAL_RCC_GetSysClockFreq)
    i.HAL_RCC_OscConfig                      0x080011ec   Section        0  stm32f4xx_hal_rcc.o(i.HAL_RCC_OscConfig)
    i.HAL_TIMEx_BreakCallback                0x08001548   Section        0  stm32f4xx_hal_tim_ex.o(i.HAL_TIMEx_BreakCallback)
    i.HAL_TIMEx_CommutCallback               0x0800154a   Section        0  stm32f4xx_hal_tim_ex.o(i.HAL_TIMEx_CommutCallback)
    i.HAL_TIMEx_MasterConfigSynchronization  0x0800154c   Section        0  stm32f4xx_hal_tim_ex.o(i.HAL_TIMEx_MasterConfigSynchronization)
    i.HAL_TIM_Base_Init                      0x080015dc   Section        0  stm32f4xx_hal_tim.o(i.HAL_TIM_Base_Init)
    i.HAL_TIM_Base_MspInit                   0x08001614   Section        0  tim.o(i.HAL_TIM_Base_MspInit)
    i.HAL_TIM_Base_Start                     0x0800163c   Section        0  stm32f4xx_hal_tim.o(i.HAL_TIM_Base_Start)
    i.HAL_TIM_Base_Start_IT                  0x08001660   Section        0  stm32f4xx_hal_tim.o(i.HAL_TIM_Base_Start_IT)
    i.HAL_TIM_Base_Stop                      0x08001682   Section        0  stm32f4xx_hal_tim.o(i.HAL_TIM_Base_Stop)
    i.HAL_TIM_ConfigClockSource              0x080016ae   Section        0  stm32f4xx_hal_tim.o(i.HAL_TIM_ConfigClockSource)
    i.HAL_TIM_IC_CaptureCallback             0x08001784   Section        0  stm32f4xx_hal_tim.o(i.HAL_TIM_IC_CaptureCallback)
    i.HAL_TIM_IRQHandler                     0x08001786   Section        0  stm32f4xx_hal_tim.o(i.HAL_TIM_IRQHandler)
    i.HAL_TIM_OC_DelayElapsedCallback        0x080018ec   Section        0  stm32f4xx_hal_tim.o(i.HAL_TIM_OC_DelayElapsedCallback)
    i.HAL_TIM_PWM_PulseFinishedCallback      0x080018ee   Section        0  stm32f4xx_hal_tim.o(i.HAL_TIM_PWM_PulseFinishedCallback)
    i.HAL_TIM_PeriodElapsedCallback          0x080018f0   Section        0  main.o(i.HAL_TIM_PeriodElapsedCallback)
    i.HAL_TIM_TriggerCallback                0x08001904   Section        0  stm32f4xx_hal_tim.o(i.HAL_TIM_TriggerCallback)
    i.HAL_UART_ErrorCallback                 0x08001906   Section        0  stm32f4xx_hal_uart.o(i.HAL_UART_ErrorCallback)
    i.HAL_UART_IRQHandler                    0x08001908   Section        0  stm32f4xx_hal_uart.o(i.HAL_UART_IRQHandler)
    i.HAL_UART_Init                          0x08001a1c   Section        0  stm32f4xx_hal_uart.o(i.HAL_UART_Init)
    i.HAL_UART_MspInit                       0x08001a80   Section        0  usart.o(i.HAL_UART_MspInit)
    i.HAL_UART_Receive_DMA                   0x08001af8   Section        0  stm32f4xx_hal_uart.o(i.HAL_UART_Receive_DMA)
    i.HAL_UART_RxCpltCallback                0x08001b90   Section        0  stm32f4xx_hal_uart.o(i.HAL_UART_RxCpltCallback)
    i.HAL_UART_RxHalfCpltCallback            0x08001b92   Section        0  stm32f4xx_hal_uart.o(i.HAL_UART_RxHalfCpltCallback)
    i.HAL_UART_TxCpltCallback                0x08001b94   Section        0  stm32f4xx_hal_uart.o(i.HAL_UART_TxCpltCallback)
    i.HardFault_Handler                      0x08001b96   Section        0  stm32f4xx_it.o(i.HardFault_Handler)
    i.Led_reset                              0x08001b98   Section        0  ws2812.o(i.Led_reset)
    i.MX_CAN1_Init                           0x08001bb8   Section        0  can.o(i.MX_CAN1_Init)
    i.MX_FREERTOS_Init                       0x08001bf4   Section        0  freertos.o(i.MX_FREERTOS_Init)
    i.MX_GPIO_Init                           0x08001c5c   Section        0  gpio.o(i.MX_GPIO_Init)
    i.MX_TIM3_Init                           0x08001d7c   Section        0  tim.o(i.MX_TIM3_Init)
    i.MX_USART2_UART_Init                    0x08001de4   Section        0  usart.o(i.MX_USART2_UART_Init)
    i.MemManage_Handler                      0x08001e1c   Section        0  stm32f4xx_it.o(i.MemManage_Handler)
    i.NMI_Handler                            0x08001e1e   Section        0  stm32f4xx_it.o(i.NMI_Handler)
    i.RGB_LED_Write0                         0x08001e20   Section        0  ws2812.o(i.RGB_LED_Write0)
    i.RGB_LED_Write1                         0x08001e4c   Section        0  ws2812.o(i.RGB_LED_Write1)
    i.RGB_LED_Write_24Bits                   0x08001e78   Section        0  ws2812.o(i.RGB_LED_Write_24Bits)
    i.RGB_LED_Write_Byte                     0x08001e92   Section        0  ws2812.o(i.RGB_LED_Write_Byte)
    i.RemoteDataMsg_Process                  0x08001eb4   Section        0  dr16.o(i.RemoteDataMsg_Process)
    i.Run_led                                0x08001f80   Section        0  windmill.o(i.Run_led)
    i.SysTick_Handler                        0x08002044   Section        0  port.o(i.SysTick_Handler)
    i.SystemClock_Config                     0x08002070   Section        0  main.o(i.SystemClock_Config)
    i.SystemInit                             0x080020f8   Section        0  system_stm32f4xx.o(i.SystemInit)
    i.TIM6_DAC_IRQHandler                    0x08002114   Section        0  stm32f4xx_it.o(i.TIM6_DAC_IRQHandler)
    i.TIM_Base_SetConfig                     0x08002120   Section        0  stm32f4xx_hal_tim.o(i.TIM_Base_SetConfig)
    i.TIM_ETR_SetConfig                      0x080021e8   Section        0  stm32f4xx_hal_tim.o(i.TIM_ETR_SetConfig)
    i.TIM_ITRx_SetConfig                     0x080021fc   Section        0  stm32f4xx_hal_tim.o(i.TIM_ITRx_SetConfig)
    TIM_ITRx_SetConfig                       0x080021fd   Thumb Code    16  stm32f4xx_hal_tim.o(i.TIM_ITRx_SetConfig)
    i.TIM_TI1_ConfigInputStage               0x0800220c   Section        0  stm32f4xx_hal_tim.o(i.TIM_TI1_ConfigInputStage)
    TIM_TI1_ConfigInputStage                 0x0800220d   Thumb Code    34  stm32f4xx_hal_tim.o(i.TIM_TI1_ConfigInputStage)
    i.TIM_TI2_ConfigInputStage               0x0800222e   Section        0  stm32f4xx_hal_tim.o(i.TIM_TI2_ConfigInputStage)
    TIM_TI2_ConfigInputStage                 0x0800222f   Thumb Code    36  stm32f4xx_hal_tim.o(i.TIM_TI2_ConfigInputStage)
    i.TaskMSG                                0x08002254   Section        0  freertos.o(i.TaskMSG)
    i.TaskRUN                                0x0800227c   Section        0  freertos.o(i.TaskRUN)
    i.UART2_DMARxStart                       0x08002298   Section        0  usart.o(i.UART2_DMARxStart)
    i.UART_DMAAbortOnError                   0x080022a8   Section        0  stm32f4xx_hal_uart.o(i.UART_DMAAbortOnError)
    UART_DMAAbortOnError                     0x080022a9   Thumb Code    16  stm32f4xx_hal_uart.o(i.UART_DMAAbortOnError)
    i.UART_DMAError                          0x080022b8   Section        0  stm32f4xx_hal_uart.o(i.UART_DMAError)
    UART_DMAError                            0x080022b9   Thumb Code    74  stm32f4xx_hal_uart.o(i.UART_DMAError)
    i.UART_DMAReceiveCplt                    0x08002302   Section        0  stm32f4xx_hal_uart.o(i.UART_DMAReceiveCplt)
    UART_DMAReceiveCplt                      0x08002303   Thumb Code    60  stm32f4xx_hal_uart.o(i.UART_DMAReceiveCplt)
    i.UART_DMARxHalfCplt                     0x0800233e   Section        0  stm32f4xx_hal_uart.o(i.UART_DMARxHalfCplt)
    UART_DMARxHalfCplt                       0x0800233f   Thumb Code    10  stm32f4xx_hal_uart.o(i.UART_DMARxHalfCplt)
    i.UART_EndRxTransfer                     0x08002348   Section        0  stm32f4xx_hal_uart.o(i.UART_EndRxTransfer)
    UART_EndRxTransfer                       0x08002349   Thumb Code    28  stm32f4xx_hal_uart.o(i.UART_EndRxTransfer)
    i.UART_EndTxTransfer                     0x08002364   Section        0  stm32f4xx_hal_uart.o(i.UART_EndTxTransfer)
    UART_EndTxTransfer                       0x08002365   Thumb Code    18  stm32f4xx_hal_uart.o(i.UART_EndTxTransfer)
    i.UART_Receive_IT                        0x08002376   Section        0  stm32f4xx_hal_uart.o(i.UART_Receive_IT)
    UART_Receive_IT                          0x08002377   Thumb Code   150  stm32f4xx_hal_uart.o(i.UART_Receive_IT)
    i.UART_SetConfig                         0x0800240c   Section        0  stm32f4xx_hal_uart.o(i.UART_SetConfig)
    UART_SetConfig                           0x0800240d   Thumb Code   286  stm32f4xx_hal_uart.o(i.UART_SetConfig)
    i.UART_Transmit_IT                       0x08002534   Section        0  stm32f4xx_hal_uart.o(i.UART_Transmit_IT)
    UART_Transmit_IT                         0x08002535   Thumb Code    98  stm32f4xx_hal_uart.o(i.UART_Transmit_IT)
    i.USART2_IRQHandler                      0x08002598   Section        0  stm32f4xx_it.o(i.USART2_IRQHandler)
    i.UsageFault_Handler                     0x080025a4   Section        0  stm32f4xx_it.o(i.UsageFault_Handler)
    i.WS2812_reset                           0x080025a8   Section        0  windmill.o(i.WS2812_reset)
    i.__NVIC_SetPriority                     0x0800262c   Section        0  stm32f4xx_hal_cortex.o(i.__NVIC_SetPriority)
    __NVIC_SetPriority                       0x0800262d   Thumb Code    32  stm32f4xx_hal_cortex.o(i.__NVIC_SetPriority)
    i.__scatterload_copy                     0x0800264c   Section       14  handlers.o(i.__scatterload_copy)
    i.__scatterload_null                     0x0800265a   Section        2  handlers.o(i.__scatterload_null)
    i.__scatterload_zeroinit                 0x0800265c   Section       14  handlers.o(i.__scatterload_zeroinit)
    i.delay_us                               0x0800266a   Section        0  ws2812.o(i.delay_us)
    i.fortest                                0x08002678   Section        0  windmill.o(i.fortest)
    i.inHandlerMode                          0x080026b8   Section        0  cmsis_os.o(i.inHandlerMode)
    inHandlerMode                            0x080026b9   Thumb Code    12  cmsis_os.o(i.inHandlerMode)
    i.main                                   0x080026c4   Section        0  main.o(i.main)
    i.makeFreeRtosPriority                   0x080026fa   Section        0  cmsis_os.o(i.makeFreeRtosPriority)
    makeFreeRtosPriority                     0x080026fb   Thumb Code    12  cmsis_os.o(i.makeFreeRtosPriority)
    i.osDelay                                0x08002706   Section        0  cmsis_os.o(i.osDelay)
    i.osKernelStart                          0x08002714   Section        0  cmsis_os.o(i.osKernelStart)
    i.osMessageCreate                        0x0800271e   Section        0  cmsis_os.o(i.osMessageCreate)
    i.osMessagePut                           0x08002744   Section        0  cmsis_os.o(i.osMessagePut)
    i.osPoolAlloc                            0x080027a0   Section        0  cmsis_os.o(i.osPoolAlloc)
    i.osPoolCreate                           0x0800280a   Section        0  cmsis_os.o(i.osPoolCreate)
    i.osThreadCreate                         0x08002868   Section        0  cmsis_os.o(i.osThreadCreate)
    i.param_init                             0x080028bc   Section        0  windmill.o(i.param_init)
    i.prvAddCurrentTaskToDelayedList         0x080028e8   Section        0  tasks.o(i.prvAddCurrentTaskToDelayedList)
    prvAddCurrentTaskToDelayedList           0x080028e9   Thumb Code   102  tasks.o(i.prvAddCurrentTaskToDelayedList)
    i.prvAddNewTaskToReadyList               0x08002958   Section        0  tasks.o(i.prvAddNewTaskToReadyList)
    prvAddNewTaskToReadyList                 0x08002959   Thumb Code   194  tasks.o(i.prvAddNewTaskToReadyList)
    i.prvCopyDataToQueue                     0x08002a28   Section        0  queue.o(i.prvCopyDataToQueue)
    prvCopyDataToQueue                       0x08002a29   Thumb Code   108  queue.o(i.prvCopyDataToQueue)
    i.prvDeleteTCB                           0x08002a94   Section        0  tasks.o(i.prvDeleteTCB)
    prvDeleteTCB                             0x08002a95   Thumb Code    52  tasks.o(i.prvDeleteTCB)
    i.prvHeapInit                            0x08002ac8   Section        0  heap_4.o(i.prvHeapInit)
    prvHeapInit                              0x08002ac9   Thumb Code    66  heap_4.o(i.prvHeapInit)
    i.prvIdleTask                            0x08002b14   Section        0  tasks.o(i.prvIdleTask)
    prvIdleTask                              0x08002b15   Thumb Code    82  tasks.o(i.prvIdleTask)
    i.prvInitialiseNewQueue                  0x08002b74   Section        0  queue.o(i.prvInitialiseNewQueue)
    prvInitialiseNewQueue                    0x08002b75   Thumb Code    22  queue.o(i.prvInitialiseNewQueue)
    i.prvInitialiseNewTask                   0x08002b8a   Section        0  tasks.o(i.prvInitialiseNewTask)
    prvInitialiseNewTask                     0x08002b8b   Thumb Code   152  tasks.o(i.prvInitialiseNewTask)
    i.prvInsertBlockIntoFreeList             0x08002c24   Section        0  heap_4.o(i.prvInsertBlockIntoFreeList)
    prvInsertBlockIntoFreeList               0x08002c25   Thumb Code    72  heap_4.o(i.prvInsertBlockIntoFreeList)
    i.prvResetNextTaskUnblockTime            0x08002c70   Section        0  tasks.o(i.prvResetNextTaskUnblockTime)
    prvResetNextTaskUnblockTime              0x08002c71   Thumb Code    26  tasks.o(i.prvResetNextTaskUnblockTime)
    i.prvTaskExitError                       0x08002c90   Section        0  port.o(i.prvTaskExitError)
    prvTaskExitError                         0x08002c91   Thumb Code    36  port.o(i.prvTaskExitError)
    i.prvUnlockQueue                         0x08002cb8   Section        0  queue.o(i.prvUnlockQueue)
    prvUnlockQueue                           0x08002cb9   Thumb Code   106  queue.o(i.prvUnlockQueue)
    i.pvPortMalloc                           0x08002d24   Section        0  heap_4.o(i.pvPortMalloc)
    i.pxPortInitialiseStack                  0x08002dfc   Section        0  port.o(i.pxPortInitialiseStack)
    i.queue_get                              0x08002e28   Section        0  windmill.o(i.queue_get)
    i.queue_insert                           0x08002e54   Section        0  windmill.o(i.queue_insert)
    i.user_delay_us                          0x08002e7c   Section        0  tim.o(i.user_delay_us)
    i.uxListRemove                           0x08002eac   Section        0  list.o(i.uxListRemove)
    i.vApplicationGetIdleTaskMemory          0x08002ed4   Section        0  freertos.o(i.vApplicationGetIdleTaskMemory)
    i.vListInitialise                        0x08002ee8   Section        0  list.o(i.vListInitialise)
    i.vListInitialiseItem                    0x08002efe   Section        0  list.o(i.vListInitialiseItem)
    i.vListInsert                            0x08002f04   Section        0  list.o(i.vListInsert)
    i.vListInsertEnd                         0x08002f34   Section        0  list.o(i.vListInsertEnd)
    i.vPortEnterCritical                     0x08002f4c   Section        0  port.o(i.vPortEnterCritical)
    i.vPortExitCritical                      0x08002f8c   Section        0  port.o(i.vPortExitCritical)
    i.vPortFree                              0x08002fb4   Section        0  heap_4.o(i.vPortFree)
    i.vPortSetupTimerInterrupt               0x08003010   Section        0  port.o(i.vPortSetupTimerInterrupt)
    i.vPortValidateInterruptPriority         0x08003034   Section        0  port.o(i.vPortValidateInterruptPriority)
    i.vTaskDelay                             0x08003088   Section        0  tasks.o(i.vTaskDelay)
    i.vTaskInternalSetTimeOutState           0x080030d4   Section        0  tasks.o(i.vTaskInternalSetTimeOutState)
    i.vTaskMissedYield                       0x080030e4   Section        0  tasks.o(i.vTaskMissedYield)
    i.vTaskPlaceOnEventList                  0x080030f0   Section        0  tasks.o(i.vTaskPlaceOnEventList)
    i.vTaskStartScheduler                    0x08003120   Section        0  tasks.o(i.vTaskStartScheduler)
    i.vTaskSuspendAll                        0x0800318c   Section        0  tasks.o(i.vTaskSuspendAll)
    i.vTaskSwitchContext                     0x0800319c   Section        0  tasks.o(i.vTaskSwitchContext)
    i.windmill_Process                       0x080031f8   Section        0  windmill.o(i.windmill_Process)
    i.xPortStartScheduler                    0x08003254   Section        0  port.o(i.xPortStartScheduler)
    i.xQueueGenericCreate                    0x08003348   Section        0  queue.o(i.xQueueGenericCreate)
    i.xQueueGenericCreateStatic              0x08003390   Section        0  queue.o(i.xQueueGenericCreateStatic)
    i.xQueueGenericReset                     0x080033f8   Section        0  queue.o(i.xQueueGenericReset)
    i.xQueueGenericSend                      0x08003480   Section        0  queue.o(i.xQueueGenericSend)
    i.xQueueGenericSendFromISR               0x080035e0   Section        0  queue.o(i.xQueueGenericSendFromISR)
    i.xTaskCheckForTimeOut                   0x0800369c   Section        0  tasks.o(i.xTaskCheckForTimeOut)
    i.xTaskCreate                            0x08003710   Section        0  tasks.o(i.xTaskCreate)
    i.xTaskCreateStatic                      0x0800376a   Section        0  tasks.o(i.xTaskCreateStatic)
    i.xTaskGetSchedulerState                 0x080037c0   Section        0  tasks.o(i.xTaskGetSchedulerState)
    i.xTaskIncrementTick                     0x080037dc   Section        0  tasks.o(i.xTaskIncrementTick)
    i.xTaskPriorityDisinherit                0x080038a4   Section        0  tasks.o(i.xTaskPriorityDisinherit)
    i.xTaskRemoveFromEventList               0x0800393c   Section        0  tasks.o(i.xTaskRemoveFromEventList)
    i.xTaskResumeAll                         0x080039b0   Section        0  tasks.o(i.xTaskResumeAll)
    .constdata                               0x08003a74   Section       84  freertos.o(.constdata)
    .constdata                               0x08003ac8   Section       16  system_stm32f4xx.o(.constdata)
    .constdata                               0x08003ad8   Section        8  system_stm32f4xx.o(.constdata)
    .conststring                             0x08003ae0   Section        8  freertos.o(.conststring)
    .data                                    0x20000000   Section       16  freertos.o(.data)
    .data                                    0x20000010   Section       12  stm32f4xx_hal.o(.data)
    .data                                    0x2000001c   Section        4  system_stm32f4xx.o(.data)
    .data                                    0x20000020   Section       28  windmill.o(.data)
    .data                                    0x2000003c   Section        4  ws2812.o(.data)
    .data                                    0x20000040   Section        8  ws2812.o(.data)
    .data                                    0x20000048   Section        4  ws2812.o(.data)
    .data                                    0x2000004c   Section        2  ws2812.o(.data)
    .data                                    0x2000004e   Section        2  ws2812.o(.data)
    .data                                    0x20000050   Section        2  m6020_motor.o(.data)
    .data                                    0x20000054   Section       60  tasks.o(.data)
    pxDelayedTaskList                        0x20000058   Data           4  tasks.o(.data)
    pxOverflowDelayedTaskList                0x2000005c   Data           4  tasks.o(.data)
    uxDeletedTasksWaitingCleanUp             0x20000060   Data           4  tasks.o(.data)
    uxCurrentNumberOfTasks                   0x20000064   Data           4  tasks.o(.data)
    xTickCount                               0x20000068   Data           4  tasks.o(.data)
    uxTopReadyPriority                       0x2000006c   Data           4  tasks.o(.data)
    xSchedulerRunning                        0x20000070   Data           4  tasks.o(.data)
    uxPendedTicks                            0x20000074   Data           4  tasks.o(.data)
    xYieldPending                            0x20000078   Data           4  tasks.o(.data)
    xNumOfOverflows                          0x2000007c   Data           4  tasks.o(.data)
    uxTaskNumber                             0x20000080   Data           4  tasks.o(.data)
    xNextTaskUnblockTime                     0x20000084   Data           4  tasks.o(.data)
    xIdleTaskHandle                          0x20000088   Data           4  tasks.o(.data)
    uxSchedulerSuspended                     0x2000008c   Data           4  tasks.o(.data)
    .data                                    0x20000090   Section       24  heap_4.o(.data)
    pxEnd                                    0x20000090   Data           4  heap_4.o(.data)
    xFreeBytesRemaining                      0x20000094   Data           4  heap_4.o(.data)
    xMinimumEverFreeBytesRemaining           0x20000098   Data           4  heap_4.o(.data)
    xBlockAllocatedBit                       0x2000009c   Data           4  heap_4.o(.data)
    xStart                                   0x200000a0   Data           8  heap_4.o(.data)
    .data                                    0x200000a8   Section       12  port.o(.data)
    ucMaxSysCallPriority                     0x200000a8   Data           1  port.o(.data)
    uxCriticalNesting                        0x200000ac   Data           4  port.o(.data)
    ulMaxPRIGROUPValue                       0x200000b0   Data           4  port.o(.data)
    .bss                                     0x200000b4   Section      596  freertos.o(.bss)
    xIdleTaskTCBBuffer                       0x200000b4   Data          84  freertos.o(.bss)
    xIdleStack                               0x20000108   Data         512  freertos.o(.bss)
    .bss                                     0x20000308   Section       40  can.o(.bss)
    .bss                                     0x20000330   Section       64  tim.o(.bss)
    .bss                                     0x20000370   Section       84  usart.o(.bss)
    .bss                                     0x200003c4   Section       64  stm32f4xx_hal_timebase_tim.o(.bss)
    .bss                                     0x20000404   Section       20  windmill.o(.bss)
    .bss                                     0x20000418   Section      240  tasks.o(.bss)
    pxReadyTasksLists                        0x20000418   Data         140  tasks.o(.bss)
    xDelayedTaskList1                        0x200004a4   Data          20  tasks.o(.bss)
    xDelayedTaskList2                        0x200004b8   Data          20  tasks.o(.bss)
    xPendingReadyList                        0x200004cc   Data          20  tasks.o(.bss)
    xTasksWaitingTermination                 0x200004e0   Data          20  tasks.o(.bss)
    xSuspendedTaskList                       0x200004f4   Data          20  tasks.o(.bss)
    .bss                                     0x20000508   Section    15360  heap_4.o(.bss)
    ucHeap                                   0x20000508   Data       15360  heap_4.o(.bss)
    STACK                                    0x20004108   Section     1024  startup_stm32f407xx.o(STACK)

    Global Symbols

    Symbol Name                              Value     Ov Type        Size  Object(Section)

    BuildAttributes$$THM_ISAv4$E$P$D$K$B$S$7EM$VFPi3$EXTD16$VFPS$VFMA$PE$A:L22UL41UL21$X:L11$S22US41US21$IEEE1$IW$USESV6$~STKCKD$USESV7$~SHL$OSPACE$ROPI$EBA8$MICROLIB$REQ8$PRES8$EABIv2 0x00000000   Number         0  anon$$obj.o ABSOLUTE
    __ARM_use_no_argv                        0x00000000   Number         0  main.o ABSOLUTE
    __cpp_initialize__aeabi_                  - Undefined Weak Reference
    __cxa_finalize                            - Undefined Weak Reference
    __decompress                              - Undefined Weak Reference
    _clock_init                               - Undefined Weak Reference
    _microlib_exit                            - Undefined Weak Reference
    __Vectors_Size                           0x00000188   Number         0  startup_stm32f407xx.o ABSOLUTE
    __Vectors                                0x08000000   Data           4  startup_stm32f407xx.o(RESET)
    __Vectors_End                            0x08000188   Data           0  startup_stm32f407xx.o(RESET)
    __main                                   0x08000189   Thumb Code     0  entry.o(.ARM.Collect$$$$00000000)
    _main_stk                                0x08000189   Thumb Code     0  entry2.o(.ARM.Collect$$$$00000001)
    _main_scatterload                        0x0800018d   Thumb Code     0  entry5.o(.ARM.Collect$$$$00000004)
    __main_after_scatterload                 0x08000191   Thumb Code     0  entry5.o(.ARM.Collect$$$$00000004)
    _main_clock                              0x08000191   Thumb Code     0  entry7b.o(.ARM.Collect$$$$00000008)
    _main_cpp_init                           0x08000191   Thumb Code     0  entry8b.o(.ARM.Collect$$$$0000000A)
    _main_init                               0x08000191   Thumb Code     0  entry9a.o(.ARM.Collect$$$$0000000B)
    __rt_final_cpp                           0x08000199   Thumb Code     0  entry10a.o(.ARM.Collect$$$$0000000D)
    __rt_final_exit                          0x08000199   Thumb Code     0  entry11a.o(.ARM.Collect$$$$0000000F)
    SVC_Handler                              0x0800019d   Thumb Code    28  port.o(.emb_text)
    __asm___6_port_c_39a90d8d__prvStartFirstTask 0x080001bd   Thumb Code    36  port.o(.emb_text)
    __asm___6_port_c_39a90d8d__prvEnableVFP  0x080001e5   Thumb Code    16  port.o(.emb_text)
    PendSV_Handler                           0x080001f9   Thumb Code    88  port.o(.emb_text)
    vPortGetIPSR                             0x08000255   Thumb Code     6  port.o(.emb_text)
    Reset_Handler                            0x0800025d   Thumb Code     8  startup_stm32f407xx.o(.text)
    ADC_IRQHandler                           0x08000277   Thumb Code     0  startup_stm32f407xx.o(.text)
    CAN1_RX1_IRQHandler                      0x08000277   Thumb Code     0  startup_stm32f407xx.o(.text)
    CAN1_SCE_IRQHandler                      0x08000277   Thumb Code     0  startup_stm32f407xx.o(.text)
    CAN2_RX0_IRQHandler                      0x08000277   Thumb Code     0  startup_stm32f407xx.o(.text)
    CAN2_RX1_IRQHandler                      0x08000277   Thumb Code     0  startup_stm32f407xx.o(.text)
    CAN2_SCE_IRQHandler                      0x08000277   Thumb Code     0  startup_stm32f407xx.o(.text)
    CAN2_TX_IRQHandler                       0x08000277   Thumb Code     0  startup_stm32f407xx.o(.text)
    DCMI_IRQHandler                          0x08000277   Thumb Code     0  startup_stm32f407xx.o(.text)
    DMA1_Stream0_IRQHandler                  0x08000277   Thumb Code     0  startup_stm32f407xx.o(.text)
    DMA1_Stream1_IRQHandler                  0x08000277   Thumb Code     0  startup_stm32f407xx.o(.text)
    DMA1_Stream2_IRQHandler                  0x08000277   Thumb Code     0  startup_stm32f407xx.o(.text)
    DMA1_Stream3_IRQHandler                  0x08000277   Thumb Code     0  startup_stm32f407xx.o(.text)
    DMA1_Stream4_IRQHandler                  0x08000277   Thumb Code     0  startup_stm32f407xx.o(.text)
    DMA1_Stream5_IRQHandler                  0x08000277   Thumb Code     0  startup_stm32f407xx.o(.text)
    DMA1_Stream6_IRQHandler                  0x08000277   Thumb Code     0  startup_stm32f407xx.o(.text)
    DMA1_Stream7_IRQHandler                  0x08000277   Thumb Code     0  startup_stm32f407xx.o(.text)
    DMA2_Stream0_IRQHandler                  0x08000277   Thumb Code     0  startup_stm32f407xx.o(.text)
    DMA2_Stream1_IRQHandler                  0x08000277   Thumb Code     0  startup_stm32f407xx.o(.text)
    DMA2_Stream2_IRQHandler                  0x08000277   Thumb Code     0  startup_stm32f407xx.o(.text)
    DMA2_Stream3_IRQHandler                  0x08000277   Thumb Code     0  startup_stm32f407xx.o(.text)
    DMA2_Stream4_IRQHandler                  0x08000277   Thumb Code     0  startup_stm32f407xx.o(.text)
    DMA2_Stream5_IRQHandler                  0x08000277   Thumb Code     0  startup_stm32f407xx.o(.text)
    DMA2_Stream6_IRQHandler                  0x08000277   Thumb Code     0  startup_stm32f407xx.o(.text)
    DMA2_Stream7_IRQHandler                  0x08000277   Thumb Code     0  startup_stm32f407xx.o(.text)
    ETH_IRQHandler                           0x08000277   Thumb Code     0  startup_stm32f407xx.o(.text)
    ETH_WKUP_IRQHandler                      0x08000277   Thumb Code     0  startup_stm32f407xx.o(.text)
    EXTI0_IRQHandler                         0x08000277   Thumb Code     0  startup_stm32f407xx.o(.text)
    EXTI15_10_IRQHandler                     0x08000277   Thumb Code     0  startup_stm32f407xx.o(.text)
    EXTI1_IRQHandler                         0x08000277   Thumb Code     0  startup_stm32f407xx.o(.text)
    EXTI2_IRQHandler                         0x08000277   Thumb Code     0  startup_stm32f407xx.o(.text)
    EXTI3_IRQHandler                         0x08000277   Thumb Code     0  startup_stm32f407xx.o(.text)
    EXTI4_IRQHandler                         0x08000277   Thumb Code     0  startup_stm32f407xx.o(.text)
    EXTI9_5_IRQHandler                       0x08000277   Thumb Code     0  startup_stm32f407xx.o(.text)
    FLASH_IRQHandler                         0x08000277   Thumb Code     0  startup_stm32f407xx.o(.text)
    FMC_IRQHandler                           0x08000277   Thumb Code     0  startup_stm32f407xx.o(.text)
    FPU_IRQHandler                           0x08000277   Thumb Code     0  startup_stm32f407xx.o(.text)
    HASH_RNG_IRQHandler                      0x08000277   Thumb Code     0  startup_stm32f407xx.o(.text)
    I2C1_ER_IRQHandler                       0x08000277   Thumb Code     0  startup_stm32f407xx.o(.text)
    I2C1_EV_IRQHandler                       0x08000277   Thumb Code     0  startup_stm32f407xx.o(.text)
    I2C2_ER_IRQHandler                       0x08000277   Thumb Code     0  startup_stm32f407xx.o(.text)
    I2C2_EV_IRQHandler                       0x08000277   Thumb Code     0  startup_stm32f407xx.o(.text)
    I2C3_ER_IRQHandler                       0x08000277   Thumb Code     0  startup_stm32f407xx.o(.text)
    I2C3_EV_IRQHandler                       0x08000277   Thumb Code     0  startup_stm32f407xx.o(.text)
    OTG_FS_IRQHandler                        0x08000277   Thumb Code     0  startup_stm32f407xx.o(.text)
    OTG_FS_WKUP_IRQHandler                   0x08000277   Thumb Code     0  startup_stm32f407xx.o(.text)
    OTG_HS_EP1_IN_IRQHandler                 0x08000277   Thumb Code     0  startup_stm32f407xx.o(.text)
    OTG_HS_EP1_OUT_IRQHandler                0x08000277   Thumb Code     0  startup_stm32f407xx.o(.text)
    OTG_HS_IRQHandler                        0x08000277   Thumb Code     0  startup_stm32f407xx.o(.text)
    OTG_HS_WKUP_IRQHandler                   0x08000277   Thumb Code     0  startup_stm32f407xx.o(.text)
    PVD_IRQHandler                           0x08000277   Thumb Code     0  startup_stm32f407xx.o(.text)
    RCC_IRQHandler                           0x08000277   Thumb Code     0  startup_stm32f407xx.o(.text)
    RTC_Alarm_IRQHandler                     0x08000277   Thumb Code     0  startup_stm32f407xx.o(.text)
    RTC_WKUP_IRQHandler                      0x08000277   Thumb Code     0  startup_stm32f407xx.o(.text)
    SDIO_IRQHandler                          0x08000277   Thumb Code     0  startup_stm32f407xx.o(.text)
    SPI1_IRQHandler                          0x08000277   Thumb Code     0  startup_stm32f407xx.o(.text)
    SPI2_IRQHandler                          0x08000277   Thumb Code     0  startup_stm32f407xx.o(.text)
    SPI3_IRQHandler                          0x08000277   Thumb Code     0  startup_stm32f407xx.o(.text)
    TAMP_STAMP_IRQHandler                    0x08000277   Thumb Code     0  startup_stm32f407xx.o(.text)
    TIM1_BRK_TIM9_IRQHandler                 0x08000277   Thumb Code     0  startup_stm32f407xx.o(.text)
    TIM1_CC_IRQHandler                       0x08000277   Thumb Code     0  startup_stm32f407xx.o(.text)
    TIM1_TRG_COM_TIM11_IRQHandler            0x08000277   Thumb Code     0  startup_stm32f407xx.o(.text)
    TIM1_UP_TIM10_IRQHandler                 0x08000277   Thumb Code     0  startup_stm32f407xx.o(.text)
    TIM2_IRQHandler                          0x08000277   Thumb Code     0  startup_stm32f407xx.o(.text)
    TIM3_IRQHandler                          0x08000277   Thumb Code     0  startup_stm32f407xx.o(.text)
    TIM4_IRQHandler                          0x08000277   Thumb Code     0  startup_stm32f407xx.o(.text)
    TIM5_IRQHandler                          0x08000277   Thumb Code     0  startup_stm32f407xx.o(.text)
    TIM7_IRQHandler                          0x08000277   Thumb Code     0  startup_stm32f407xx.o(.text)
    TIM8_BRK_TIM12_IRQHandler                0x08000277   Thumb Code     0  startup_stm32f407xx.o(.text)
    TIM8_CC_IRQHandler                       0x08000277   Thumb Code     0  startup_stm32f407xx.o(.text)
    TIM8_TRG_COM_TIM14_IRQHandler            0x08000277   Thumb Code     0  startup_stm32f407xx.o(.text)
    TIM8_UP_TIM13_IRQHandler                 0x08000277   Thumb Code     0  startup_stm32f407xx.o(.text)
    UART4_IRQHandler                         0x08000277   Thumb Code     0  startup_stm32f407xx.o(.text)
    UART5_IRQHandler                         0x08000277   Thumb Code     0  startup_stm32f407xx.o(.text)
    USART1_IRQHandler                        0x08000277   Thumb Code     0  startup_stm32f407xx.o(.text)
    USART3_IRQHandler                        0x08000277   Thumb Code     0  startup_stm32f407xx.o(.text)
    USART6_IRQHandler                        0x08000277   Thumb Code     0  startup_stm32f407xx.o(.text)
    WWDG_IRQHandler                          0x08000277   Thumb Code     0  startup_stm32f407xx.o(.text)
    __aeabi_uldivmod                         0x08000281   Thumb Code    98  uldiv.o(.text)
    __aeabi_memcpy                           0x080002e3   Thumb Code    36  memcpya.o(.text)
    __aeabi_memcpy4                          0x080002e3   Thumb Code     0  memcpya.o(.text)
    __aeabi_memcpy8                          0x080002e3   Thumb Code     0  memcpya.o(.text)
    __aeabi_memset                           0x08000307   Thumb Code    14  memseta.o(.text)
    __aeabi_memset4                          0x08000307   Thumb Code     0  memseta.o(.text)
    __aeabi_memset8                          0x08000307   Thumb Code     0  memseta.o(.text)
    __aeabi_memclr                           0x08000315   Thumb Code     4  memseta.o(.text)
    __aeabi_memclr4                          0x08000315   Thumb Code     0  memseta.o(.text)
    __aeabi_memclr8                          0x08000315   Thumb Code     0  memseta.o(.text)
    memset                                   0x08000319   Thumb Code    18  memseta.o(.text)
    __aeabi_llsl                             0x0800032b   Thumb Code    30  llshl.o(.text)
    _ll_shift_l                              0x0800032b   Thumb Code     0  llshl.o(.text)
    __aeabi_llsr                             0x08000349   Thumb Code    32  llushr.o(.text)
    _ll_ushift_r                             0x08000349   Thumb Code     0  llushr.o(.text)
    __scatterload                            0x08000369   Thumb Code    28  init.o(.text)
    __scatterload_rt2                        0x08000369   Thumb Code     0  init.o(.text)
    BusFault_Handler                         0x0800038d   Thumb Code     2  stm32f4xx_it.o(i.BusFault_Handler)
    CAN1_FilterInit                          0x08000391   Thumb Code    54  can.o(i.CAN1_FilterInit)
    CAN1_RX0_IRQHandler                      0x080003cd   Thumb Code     6  stm32f4xx_it.o(i.CAN1_RX0_IRQHandler)
    CAN1_TX_IRQHandler                       0x080003d9   Thumb Code     6  stm32f4xx_it.o(i.CAN1_TX_IRQHandler)
    DebugMon_Handler                         0x0800040d   Thumb Code     2  stm32f4xx_it.o(i.DebugMon_Handler)
    Error_Handler                            0x0800040f   Thumb Code     2  main.o(i.Error_Handler)
    Finish_target                            0x08000411   Thumb Code   150  windmill.o(i.Finish_target)
    Get_next_lamp                            0x080004c5   Thumb Code   168  windmill.o(i.Get_next_lamp)
    HAL_CAN_ActivateNotification             0x08000599   Thumb Code    36  stm32f4xx_hal_can.o(i.HAL_CAN_ActivateNotification)
    HAL_CAN_ConfigFilter                     0x080005bd   Thumb Code   262  stm32f4xx_hal_can.o(i.HAL_CAN_ConfigFilter)
    HAL_CAN_ErrorCallback                    0x080006c9   Thumb Code     2  stm32f4xx_hal_can.o(i.HAL_CAN_ErrorCallback)
    HAL_CAN_GetRxMessage                     0x080006cb   Thumb Code   232  stm32f4xx_hal_can.o(i.HAL_CAN_GetRxMessage)
    HAL_CAN_IRQHandler                       0x080007b3   Thumb Code   508  stm32f4xx_hal_can.o(i.HAL_CAN_IRQHandler)
    HAL_CAN_Init                             0x080009af   Thumb Code   282  stm32f4xx_hal_can.o(i.HAL_CAN_Init)
    HAL_CAN_MspInit                          0x08000ac9   Thumb Code   126  can.o(i.HAL_CAN_MspInit)
    HAL_CAN_RxFifo0FullCallback              0x08000b55   Thumb Code     2  stm32f4xx_hal_can.o(i.HAL_CAN_RxFifo0FullCallback)
    HAL_CAN_RxFifo0MsgPendingCallback        0x08000b59   Thumb Code    26  can.o(i.HAL_CAN_RxFifo0MsgPendingCallback)
    HAL_CAN_RxFifo1FullCallback              0x08000b79   Thumb Code     2  stm32f4xx_hal_can.o(i.HAL_CAN_RxFifo1FullCallback)
    HAL_CAN_RxFifo1MsgPendingCallback        0x08000b7b   Thumb Code     2  stm32f4xx_hal_can.o(i.HAL_CAN_RxFifo1MsgPendingCallback)
    HAL_CAN_SleepCallback                    0x08000b7d   Thumb Code     2  stm32f4xx_hal_can.o(i.HAL_CAN_SleepCallback)
    HAL_CAN_Start                            0x08000b81   Thumb Code    88  stm32f4xx_hal_can.o(i.HAL_CAN_Start)
    HAL_CAN_TxMailbox0AbortCallback          0x08000bd9   Thumb Code     2  stm32f4xx_hal_can.o(i.HAL_CAN_TxMailbox0AbortCallback)
    HAL_CAN_TxMailbox0CompleteCallback       0x08000bdb   Thumb Code     2  stm32f4xx_hal_can.o(i.HAL_CAN_TxMailbox0CompleteCallback)
    HAL_CAN_TxMailbox1AbortCallback          0x08000bdd   Thumb Code     2  stm32f4xx_hal_can.o(i.HAL_CAN_TxMailbox1AbortCallback)
    HAL_CAN_TxMailbox1CompleteCallback       0x08000bdf   Thumb Code     2  stm32f4xx_hal_can.o(i.HAL_CAN_TxMailbox1CompleteCallback)
    HAL_CAN_TxMailbox2AbortCallback          0x08000be1   Thumb Code     2  stm32f4xx_hal_can.o(i.HAL_CAN_TxMailbox2AbortCallback)
    HAL_CAN_TxMailbox2CompleteCallback       0x08000be3   Thumb Code     2  stm32f4xx_hal_can.o(i.HAL_CAN_TxMailbox2CompleteCallback)
    HAL_CAN_WakeUpFromRxMsgCallback          0x08000be5   Thumb Code     2  stm32f4xx_hal_can.o(i.HAL_CAN_WakeUpFromRxMsgCallback)
    HAL_DMA_Abort_IT                         0x08000be7   Thumb Code    36  stm32f4xx_hal_dma.o(i.HAL_DMA_Abort_IT)
    HAL_DMA_Start_IT                         0x08000c0b   Thumb Code   110  stm32f4xx_hal_dma.o(i.HAL_DMA_Start_IT)
    HAL_Delay                                0x08000c79   Thumb Code    32  stm32f4xx_hal.o(i.HAL_Delay)
    HAL_GPIO_Init                            0x08000c9d   Thumb Code   394  stm32f4xx_hal_gpio.o(i.HAL_GPIO_Init)
    HAL_GPIO_WritePin                        0x08000e55   Thumb Code    10  stm32f4xx_hal_gpio.o(i.HAL_GPIO_WritePin)
    HAL_GetTick                              0x08000e61   Thumb Code     6  stm32f4xx_hal.o(i.HAL_GetTick)
    HAL_IncTick                              0x08000e6d   Thumb Code    12  stm32f4xx_hal.o(i.HAL_IncTick)
    HAL_Init                                 0x08000e7d   Thumb Code    48  stm32f4xx_hal.o(i.HAL_Init)
    HAL_InitTick                             0x08000eb1   Thumb Code   100  stm32f4xx_hal_timebase_tim.o(i.HAL_InitTick)
    HAL_MspInit                              0x08000f25   Thumb Code    42  stm32f4xx_hal_msp.o(i.HAL_MspInit)
    HAL_NVIC_EnableIRQ                       0x08000f55   Thumb Code    26  stm32f4xx_hal_cortex.o(i.HAL_NVIC_EnableIRQ)
    HAL_NVIC_SetPriority                     0x08000f71   Thumb Code    60  stm32f4xx_hal_cortex.o(i.HAL_NVIC_SetPriority)
    HAL_NVIC_SetPriorityGrouping             0x08000fb1   Thumb Code    26  stm32f4xx_hal_cortex.o(i.HAL_NVIC_SetPriorityGrouping)
    HAL_RCC_ClockConfig                      0x08000fd5   Thumb Code   288  stm32f4xx_hal_rcc.o(i.HAL_RCC_ClockConfig)
    HAL_RCC_GetClockConfig                   0x08001109   Thumb Code    54  stm32f4xx_hal_rcc.o(i.HAL_RCC_GetClockConfig)
    HAL_RCC_GetPCLK1Freq                     0x08001149   Thumb Code    20  stm32f4xx_hal_rcc.o(i.HAL_RCC_GetPCLK1Freq)
    HAL_RCC_GetPCLK2Freq                     0x08001169   Thumb Code    20  stm32f4xx_hal_rcc.o(i.HAL_RCC_GetPCLK2Freq)
    HAL_RCC_GetSysClockFreq                  0x08001189   Thumb Code    88  stm32f4xx_hal_rcc.o(i.HAL_RCC_GetSysClockFreq)
    HAL_RCC_OscConfig                        0x080011ed   Thumb Code   840  stm32f4xx_hal_rcc.o(i.HAL_RCC_OscConfig)
    HAL_TIMEx_BreakCallback                  0x08001549   Thumb Code     2  stm32f4xx_hal_tim_ex.o(i.HAL_TIMEx_BreakCallback)
    HAL_TIMEx_CommutCallback                 0x0800154b   Thumb Code     2  stm32f4xx_hal_tim_ex.o(i.HAL_TIMEx_CommutCallback)
    HAL_TIMEx_MasterConfigSynchronization    0x0800154d   Thumb Code   116  stm32f4xx_hal_tim_ex.o(i.HAL_TIMEx_MasterConfigSynchronization)
    HAL_TIM_Base_Init                        0x080015dd   Thumb Code    54  stm32f4xx_hal_tim.o(i.HAL_TIM_Base_Init)
    HAL_TIM_Base_MspInit                     0x08001615   Thumb Code    30  tim.o(i.HAL_TIM_Base_MspInit)
    HAL_TIM_Base_Start                       0x0800163d   Thumb Code    36  stm32f4xx_hal_tim.o(i.HAL_TIM_Base_Start)
    HAL_TIM_Base_Start_IT                    0x08001661   Thumb Code    34  stm32f4xx_hal_tim.o(i.HAL_TIM_Base_Start_IT)
    HAL_TIM_Base_Stop                        0x08001683   Thumb Code    44  stm32f4xx_hal_tim.o(i.HAL_TIM_Base_Stop)
    HAL_TIM_ConfigClockSource                0x080016af   Thumb Code   214  stm32f4xx_hal_tim.o(i.HAL_TIM_ConfigClockSource)
    HAL_TIM_IC_CaptureCallback               0x08001785   Thumb Code     2  stm32f4xx_hal_tim.o(i.HAL_TIM_IC_CaptureCallback)
    HAL_TIM_IRQHandler                       0x08001787   Thumb Code   358  stm32f4xx_hal_tim.o(i.HAL_TIM_IRQHandler)
    HAL_TIM_OC_DelayElapsedCallback          0x080018ed   Thumb Code     2  stm32f4xx_hal_tim.o(i.HAL_TIM_OC_DelayElapsedCallback)
    HAL_TIM_PWM_PulseFinishedCallback        0x080018ef   Thumb Code     2  stm32f4xx_hal_tim.o(i.HAL_TIM_PWM_PulseFinishedCallback)
    HAL_TIM_PeriodElapsedCallback            0x080018f1   Thumb Code    14  main.o(i.HAL_TIM_PeriodElapsedCallback)
    HAL_TIM_TriggerCallback                  0x08001905   Thumb Code     2  stm32f4xx_hal_tim.o(i.HAL_TIM_TriggerCallback)
    HAL_UART_ErrorCallback                   0x08001907   Thumb Code     2  stm32f4xx_hal_uart.o(i.HAL_UART_ErrorCallback)
    HAL_UART_IRQHandler                      0x08001909   Thumb Code   270  stm32f4xx_hal_uart.o(i.HAL_UART_IRQHandler)
    HAL_UART_Init                            0x08001a1d   Thumb Code    98  stm32f4xx_hal_uart.o(i.HAL_UART_Init)
    HAL_UART_MspInit                         0x08001a81   Thumb Code   108  usart.o(i.HAL_UART_MspInit)
    HAL_UART_Receive_DMA                     0x08001af9   Thumb Code   138  stm32f4xx_hal_uart.o(i.HAL_UART_Receive_DMA)
    HAL_UART_RxCpltCallback                  0x08001b91   Thumb Code     2  stm32f4xx_hal_uart.o(i.HAL_UART_RxCpltCallback)
    HAL_UART_RxHalfCpltCallback              0x08001b93   Thumb Code     2  stm32f4xx_hal_uart.o(i.HAL_UART_RxHalfCpltCallback)
    HAL_UART_TxCpltCallback                  0x08001b95   Thumb Code     2  stm32f4xx_hal_uart.o(i.HAL_UART_TxCpltCallback)
    HardFault_Handler                        0x08001b97   Thumb Code     2  stm32f4xx_it.o(i.HardFault_Handler)
    Led_reset                                0x08001b99   Thumb Code    26  ws2812.o(i.Led_reset)
    MX_CAN1_Init                             0x08001bb9   Thumb Code    52  can.o(i.MX_CAN1_Init)
    MX_FREERTOS_Init                         0x08001bf5   Thumb Code    96  freertos.o(i.MX_FREERTOS_Init)
    MX_GPIO_Init                             0x08001c5d   Thumb Code   268  gpio.o(i.MX_GPIO_Init)
    MX_TIM3_Init                             0x08001d7d   Thumb Code    94  tim.o(i.MX_TIM3_Init)
    MX_USART2_UART_Init                      0x08001de5   Thumb Code    48  usart.o(i.MX_USART2_UART_Init)
    MemManage_Handler                        0x08001e1d   Thumb Code     2  stm32f4xx_it.o(i.MemManage_Handler)
    NMI_Handler                              0x08001e1f   Thumb Code     2  stm32f4xx_it.o(i.NMI_Handler)
    RGB_LED_Write0                           0x08001e21   Thumb Code    40  ws2812.o(i.RGB_LED_Write0)
    RGB_LED_Write1                           0x08001e4d   Thumb Code    40  ws2812.o(i.RGB_LED_Write1)
    RGB_LED_Write_24Bits                     0x08001e79   Thumb Code    26  ws2812.o(i.RGB_LED_Write_24Bits)
    RGB_LED_Write_Byte                       0x08001e93   Thumb Code    34  ws2812.o(i.RGB_LED_Write_Byte)
    RemoteDataMsg_Process                    0x08001eb5   Thumb Code   198  dr16.o(i.RemoteDataMsg_Process)
    Run_led                                  0x08001f81   Thumb Code   192  windmill.o(i.Run_led)
    SysTick_Handler                          0x08002045   Thumb Code    38  port.o(i.SysTick_Handler)
    SystemClock_Config                       0x08002071   Thumb Code   126  main.o(i.SystemClock_Config)
    SystemInit                               0x080020f9   Thumb Code    22  system_stm32f4xx.o(i.SystemInit)
    TIM6_DAC_IRQHandler                      0x08002115   Thumb Code     6  stm32f4xx_it.o(i.TIM6_DAC_IRQHandler)
    TIM_Base_SetConfig                       0x08002121   Thumb Code   156  stm32f4xx_hal_tim.o(i.TIM_Base_SetConfig)
    TIM_ETR_SetConfig                        0x080021e9   Thumb Code    20  stm32f4xx_hal_tim.o(i.TIM_ETR_SetConfig)
    TaskMSG                                  0x08002255   Thumb Code    34  freertos.o(i.TaskMSG)
    TaskRUN                                  0x0800227d   Thumb Code    26  freertos.o(i.TaskRUN)
    UART2_DMARxStart                         0x08002299   Thumb Code    12  usart.o(i.UART2_DMARxStart)
    USART2_IRQHandler                        0x08002599   Thumb Code     6  stm32f4xx_it.o(i.USART2_IRQHandler)
    UsageFault_Handler                       0x080025a5   Thumb Code     2  stm32f4xx_it.o(i.UsageFault_Handler)
    WS2812_reset                             0x080025a9   Thumb Code   102  windmill.o(i.WS2812_reset)
    __scatterload_copy                       0x0800264d   Thumb Code    14  handlers.o(i.__scatterload_copy)
    __scatterload_null                       0x0800265b   Thumb Code     2  handlers.o(i.__scatterload_null)
    __scatterload_zeroinit                   0x0800265d   Thumb Code    14  handlers.o(i.__scatterload_zeroinit)
    delay_us                                 0x0800266b   Thumb Code    12  ws2812.o(i.delay_us)
    fortest                                  0x08002679   Thumb Code    34  windmill.o(i.fortest)
    main                                     0x080026c5   Thumb Code    54  main.o(i.main)
    osDelay                                  0x08002707   Thumb Code    14  cmsis_os.o(i.osDelay)
    osKernelStart                            0x08002715   Thumb Code    10  cmsis_os.o(i.osKernelStart)
    osMessageCreate                          0x0800271f   Thumb Code    38  cmsis_os.o(i.osMessageCreate)
    osMessagePut                             0x08002745   Thumb Code    86  cmsis_os.o(i.osMessagePut)
    osPoolAlloc                              0x080027a1   Thumb Code   106  cmsis_os.o(i.osPoolAlloc)
    osPoolCreate                             0x0800280b   Thumb Code    94  cmsis_os.o(i.osPoolCreate)
    osThreadCreate                           0x08002869   Thumb Code    84  cmsis_os.o(i.osThreadCreate)
    param_init                               0x080028bd   Thumb Code    34  windmill.o(i.param_init)
    pvPortMalloc                             0x08002d25   Thumb Code   210  heap_4.o(i.pvPortMalloc)
    pxPortInitialiseStack                    0x08002dfd   Thumb Code    40  port.o(i.pxPortInitialiseStack)
    queue_get                                0x08002e29   Thumb Code    36  windmill.o(i.queue_get)
    queue_insert                             0x08002e55   Thumb Code    30  windmill.o(i.queue_insert)
    user_delay_us                            0x08002e7d   Thumb Code    44  tim.o(i.user_delay_us)
    uxListRemove                             0x08002ead   Thumb Code    38  list.o(i.uxListRemove)
    vApplicationGetIdleTaskMemory            0x08002ed5   Thumb Code    16  freertos.o(i.vApplicationGetIdleTaskMemory)
    vListInitialise                          0x08002ee9   Thumb Code    22  list.o(i.vListInitialise)
    vListInitialiseItem                      0x08002eff   Thumb Code     6  list.o(i.vListInitialiseItem)
    vListInsert                              0x08002f05   Thumb Code    48  list.o(i.vListInsert)
    vListInsertEnd                           0x08002f35   Thumb Code    24  list.o(i.vListInsertEnd)
    vPortEnterCritical                       0x08002f4d   Thumb Code    54  port.o(i.vPortEnterCritical)
    vPortExitCritical                        0x08002f8d   Thumb Code    34  port.o(i.vPortExitCritical)
    vPortFree                                0x08002fb5   Thumb Code    88  heap_4.o(i.vPortFree)
    vPortSetupTimerInterrupt                 0x08003011   Thumb Code    32  port.o(i.vPortSetupTimerInterrupt)
    vPortValidateInterruptPriority           0x08003035   Thumb Code    74  port.o(i.vPortValidateInterruptPriority)
    vTaskDelay                               0x08003089   Thumb Code    66  tasks.o(i.vTaskDelay)
    vTaskInternalSetTimeOutState             0x080030d5   Thumb Code    12  tasks.o(i.vTaskInternalSetTimeOutState)
    vTaskMissedYield                         0x080030e5   Thumb Code     8  tasks.o(i.vTaskMissedYield)
    vTaskPlaceOnEventList                    0x080030f1   Thumb Code    44  tasks.o(i.vTaskPlaceOnEventList)
    vTaskStartScheduler                      0x08003121   Thumb Code    90  tasks.o(i.vTaskStartScheduler)
    vTaskSuspendAll                          0x0800318d   Thumb Code    10  tasks.o(i.vTaskSuspendAll)
    vTaskSwitchContext                       0x0800319d   Thumb Code    82  tasks.o(i.vTaskSwitchContext)
    windmill_Process                         0x080031f9   Thumb Code    84  windmill.o(i.windmill_Process)
    xPortStartScheduler                      0x08003255   Thumb Code   222  port.o(i.xPortStartScheduler)
    xQueueGenericCreate                      0x08003349   Thumb Code    72  queue.o(i.xQueueGenericCreate)
    xQueueGenericCreateStatic                0x08003391   Thumb Code   102  queue.o(i.xQueueGenericCreateStatic)
    xQueueGenericReset                       0x080033f9   Thumb Code   132  queue.o(i.xQueueGenericReset)
    xQueueGenericSend                        0x08003481   Thumb Code   346  queue.o(i.xQueueGenericSend)
    xQueueGenericSendFromISR                 0x080035e1   Thumb Code   188  queue.o(i.xQueueGenericSendFromISR)
    xTaskCheckForTimeOut                     0x0800369d   Thumb Code   112  tasks.o(i.xTaskCheckForTimeOut)
    xTaskCreate                              0x08003711   Thumb Code    90  tasks.o(i.xTaskCreate)
    xTaskCreateStatic                        0x0800376b   Thumb Code    86  tasks.o(i.xTaskCreateStatic)
    xTaskGetSchedulerState                   0x080037c1   Thumb Code    22  tasks.o(i.xTaskGetSchedulerState)
    xTaskIncrementTick                       0x080037dd   Thumb Code   192  tasks.o(i.xTaskIncrementTick)
    xTaskPriorityDisinherit                  0x080038a5   Thumb Code   144  tasks.o(i.xTaskPriorityDisinherit)
    xTaskRemoveFromEventList                 0x0800393d   Thumb Code   108  tasks.o(i.xTaskRemoveFromEventList)
    xTaskResumeAll                           0x080039b1   Thumb Code   182  tasks.o(i.xTaskResumeAll)
    AHBPrescTable                            0x08003ac8   Data          16  system_stm32f4xx.o(.constdata)
    APBPrescTable                            0x08003ad8   Data           8  system_stm32f4xx.o(.constdata)
    Region$$Table$$Base                      0x08003ae8   Number         0  anon$$obj.o(Region$$Table)
    Region$$Table$$Limit                     0x08003b08   Number         0  anon$$obj.o(Region$$Table)
    RDmemHandle                              0x20000000   Data           4  freertos.o(.data)
    RUNHandle                                0x20000004   Data           4  freertos.o(.data)
    MSGHandle                                0x20000008   Data           4  freertos.o(.data)
    RDHandle                                 0x2000000c   Data           4  freertos.o(.data)
    uwTickFreq                               0x20000010   Data           1  stm32f4xx_hal.o(.data)
    uwTickPrio                               0x20000014   Data           4  stm32f4xx_hal.o(.data)
    uwTick                                   0x20000018   Data           4  stm32f4xx_hal.o(.data)
    SystemCoreClock                          0x2000001c   Data           4  system_stm32f4xx.o(.data)
    target                                   0x20000020   Data           1  windmill.o(.data)
    success_count                            0x20000021   Data           1  windmill.o(.data)
    Random_Num                               0x20000022   Data           1  windmill.o(.data)
    st                                       0x20000023   Data           1  windmill.o(.data)
    ed                                       0x20000024   Data           1  windmill.o(.data)
    queue_num                                0x20000025   Data           1  windmill.o(.data)
    color_id                                 0x20000026   Data           1  windmill.o(.data)
    Start                                    0x20000028   Data           2  windmill.o(.data)
    run_time_num                             0x2000002a   Data           2  windmill.o(.data)
    flow_num                                 0x2000002c   Data           2  windmill.o(.data)
    start0                                   0x20000030   Data           4  windmill.o(.data)
    count                                    0x20000034   Data           4  windmill.o(.data)
    period_count                             0x20000038   Data           4  windmill.o(.data)
    LED_PORT_1                               0x2000003c   Data           4  ws2812.o(.data)
    LED_Pin_2                                0x20000040   Data           2  ws2812.o(.data)
    LED_PORT_2                               0x20000044   Data           4  ws2812.o(.data)
    LED_PORT_3                               0x20000048   Data           4  ws2812.o(.data)
    LED_Pin_1                                0x2000004c   Data           2  ws2812.o(.data)
    LED_Pin_3                                0x2000004e   Data           2  ws2812.o(.data)
    Tar_speed                                0x20000050   Data           2  m6020_motor.o(.data)
    pxCurrentTCB                             0x20000054   Data           4  tasks.o(.data)
    hcan1                                    0x20000308   Data          40  can.o(.bss)
    htim3                                    0x20000330   Data          64  tim.o(.bss)
    uart1_buf                                0x20000370   Data          18  usart.o(.bss)
    huart2                                   0x20000384   Data          64  usart.o(.bss)
    htim6                                    0x200003c4   Data          64  stm32f4xx_hal_timebase_tim.o(.bss)
    queue                                    0x20000404   Data          20  windmill.o(.bss)
    __initial_sp                             0x20004508   Data           0  startup_stm32f407xx.o(STACK)



==============================================================================

Memory Map of the image

  Image Entry point : 0x08000189

  Load Region LR_IROM1 (Base: 0x08000000, Size: 0x00003bbc, Max: 0x00100000, ABSOLUTE)

    Execution Region ER_IROM1 (Exec base: 0x08000000, Load base: 0x08000000, Size: 0x00003b08, Max: 0x00100000, ABSOLUTE)

    Exec Addr    Load Addr    Size         Type   Attr      Idx    E Section Name        Object

    0x08000000   0x08000000   0x00000188   Data   RO            3    RESET               startup_stm32f407xx.o
    0x08000188   0x08000188   0x00000000   Code   RO         4845  * .ARM.Collect$$$$00000000  mc_w.l(entry.o)
    0x08000188   0x08000188   0x00000004   Code   RO         4866    .ARM.Collect$$$$00000001  mc_w.l(entry2.o)
    0x0800018c   0x0800018c   0x00000004   Code   RO         4869    .ARM.Collect$$$$00000004  mc_w.l(entry5.o)
    0x08000190   0x08000190   0x00000000   Code   RO         4871    .ARM.Collect$$$$00000008  mc_w.l(entry7b.o)
    0x08000190   0x08000190   0x00000000   Code   RO         4873    .ARM.Collect$$$$0000000A  mc_w.l(entry8b.o)
    0x08000190   0x08000190   0x00000008   Code   RO         4874    .ARM.Collect$$$$0000000B  mc_w.l(entry9a.o)
    0x08000198   0x08000198   0x00000000   Code   RO         4876    .ARM.Collect$$$$0000000D  mc_w.l(entry10a.o)
    0x08000198   0x08000198   0x00000000   Code   RO         4878    .ARM.Collect$$$$0000000F  mc_w.l(entry11a.o)
    0x08000198   0x08000198   0x00000004   Code   RO         4867    .ARM.Collect$$$$00002712  mc_w.l(entry2.o)
    0x0800019c   0x0800019c   0x000000be   Code   RO         4768    .emb_text           port.o
    0x0800025a   0x0800025a   0x00000002   PAD
    0x0800025c   0x0800025c   0x00000024   Code   RO            4    .text               startup_stm32f407xx.o
    0x08000280   0x08000280   0x00000062   Code   RO         4848    .text               mc_w.l(uldiv.o)
    0x080002e2   0x080002e2   0x00000024   Code   RO         4850    .text               mc_w.l(memcpya.o)
    0x08000306   0x08000306   0x00000024   Code   RO         4854    .text               mc_w.l(memseta.o)
    0x0800032a   0x0800032a   0x0000001e   Code   RO         4880    .text               mc_w.l(llshl.o)
    0x08000348   0x08000348   0x00000020   Code   RO         4882    .text               mc_w.l(llushr.o)
    0x08000368   0x08000368   0x00000024   Code   RO         4889    .text               mc_w.l(init.o)
    0x0800038c   0x0800038c   0x00000002   Code   RO          489    i.BusFault_Handler  stm32f4xx_it.o
    0x0800038e   0x0800038e   0x00000002   PAD
    0x08000390   0x08000390   0x0000003c   Code   RO          326    i.CAN1_FilterInit   can.o
    0x080003cc   0x080003cc   0x0000000c   Code   RO          490    i.CAN1_RX0_IRQHandler  stm32f4xx_it.o
    0x080003d8   0x080003d8   0x0000000c   Code   RO          491    i.CAN1_TX_IRQHandler  stm32f4xx_it.o
    0x080003e4   0x080003e4   0x00000028   Code   RO         1329    i.DMA_SetConfig     stm32f4xx_hal_dma.o
    0x0800040c   0x0800040c   0x00000002   Code   RO          492    i.DebugMon_Handler  stm32f4xx_it.o
    0x0800040e   0x0800040e   0x00000002   Code   RO           13    i.Error_Handler     main.o
    0x08000410   0x08000410   0x000000b4   Code   RO         3362    i.Finish_target     windmill.o
    0x080004c4   0x080004c4   0x000000d4   Code   RO         3363    i.Get_next_lamp     windmill.o
    0x08000598   0x08000598   0x00000024   Code   RO          635    i.HAL_CAN_ActivateNotification  stm32f4xx_hal_can.o
    0x080005bc   0x080005bc   0x0000010c   Code   RO          637    i.HAL_CAN_ConfigFilter  stm32f4xx_hal_can.o
    0x080006c8   0x080006c8   0x00000002   Code   RO          640    i.HAL_CAN_ErrorCallback  stm32f4xx_hal_can.o
    0x080006ca   0x080006ca   0x000000e8   Code   RO          643    i.HAL_CAN_GetRxMessage  stm32f4xx_hal_can.o
    0x080007b2   0x080007b2   0x000001fc   Code   RO          647    i.HAL_CAN_IRQHandler  stm32f4xx_hal_can.o
    0x080009ae   0x080009ae   0x0000011a   Code   RO          648    i.HAL_CAN_Init      stm32f4xx_hal_can.o
    0x08000ac8   0x08000ac8   0x0000008c   Code   RO          329    i.HAL_CAN_MspInit   can.o
    0x08000b54   0x08000b54   0x00000002   Code   RO          655    i.HAL_CAN_RxFifo0FullCallback  stm32f4xx_hal_can.o
    0x08000b56   0x08000b56   0x00000002   PAD
    0x08000b58   0x08000b58   0x00000020   Code   RO          330    i.HAL_CAN_RxFifo0MsgPendingCallback  can.o
    0x08000b78   0x08000b78   0x00000002   Code   RO          657    i.HAL_CAN_RxFifo1FullCallback  stm32f4xx_hal_can.o
    0x08000b7a   0x08000b7a   0x00000002   Code   RO          658    i.HAL_CAN_RxFifo1MsgPendingCallback  stm32f4xx_hal_can.o
    0x08000b7c   0x08000b7c   0x00000002   Code   RO          659    i.HAL_CAN_SleepCallback  stm32f4xx_hal_can.o
    0x08000b7e   0x08000b7e   0x00000002   PAD
    0x08000b80   0x08000b80   0x00000058   Code   RO          660    i.HAL_CAN_Start     stm32f4xx_hal_can.o
    0x08000bd8   0x08000bd8   0x00000002   Code   RO          662    i.HAL_CAN_TxMailbox0AbortCallback  stm32f4xx_hal_can.o
    0x08000bda   0x08000bda   0x00000002   Code   RO          663    i.HAL_CAN_TxMailbox0CompleteCallback  stm32f4xx_hal_can.o
    0x08000bdc   0x08000bdc   0x00000002   Code   RO          664    i.HAL_CAN_TxMailbox1AbortCallback  stm32f4xx_hal_can.o
    0x08000bde   0x08000bde   0x00000002   Code   RO          665    i.HAL_CAN_TxMailbox1CompleteCallback  stm32f4xx_hal_can.o
    0x08000be0   0x08000be0   0x00000002   Code   RO          666    i.HAL_CAN_TxMailbox2AbortCallback  stm32f4xx_hal_can.o
    0x08000be2   0x08000be2   0x00000002   Code   RO          667    i.HAL_CAN_TxMailbox2CompleteCallback  stm32f4xx_hal_can.o
    0x08000be4   0x08000be4   0x00000002   Code   RO          669    i.HAL_CAN_WakeUpFromRxMsgCallback  stm32f4xx_hal_can.o
    0x08000be6   0x08000be6   0x00000024   Code   RO         1331    i.HAL_DMA_Abort_IT  stm32f4xx_hal_dma.o
    0x08000c0a   0x08000c0a   0x0000006e   Code   RO         1340    i.HAL_DMA_Start_IT  stm32f4xx_hal_dma.o
    0x08000c78   0x08000c78   0x00000024   Code   RO         1749    i.HAL_Delay         stm32f4xx_hal.o
    0x08000c9c   0x08000c9c   0x000001b8   Code   RO         1223    i.HAL_GPIO_Init     stm32f4xx_hal_gpio.o
    0x08000e54   0x08000e54   0x0000000a   Code   RO         1227    i.HAL_GPIO_WritePin  stm32f4xx_hal_gpio.o
    0x08000e5e   0x08000e5e   0x00000002   PAD
    0x08000e60   0x08000e60   0x0000000c   Code   RO         1755    i.HAL_GetTick       stm32f4xx_hal.o
    0x08000e6c   0x08000e6c   0x00000010   Code   RO         1761    i.HAL_IncTick       stm32f4xx_hal.o
    0x08000e7c   0x08000e7c   0x00000034   Code   RO         1762    i.HAL_Init          stm32f4xx_hal.o
    0x08000eb0   0x08000eb0   0x00000074   Code   RO          595    i.HAL_InitTick      stm32f4xx_hal_timebase_tim.o
    0x08000f24   0x08000f24   0x00000030   Code   RO          571    i.HAL_MspInit       stm32f4xx_hal_msp.o
    0x08000f54   0x08000f54   0x0000001a   Code   RO         1612    i.HAL_NVIC_EnableIRQ  stm32f4xx_hal_cortex.o
    0x08000f6e   0x08000f6e   0x00000002   PAD
    0x08000f70   0x08000f70   0x00000040   Code   RO         1618    i.HAL_NVIC_SetPriority  stm32f4xx_hal_cortex.o
    0x08000fb0   0x08000fb0   0x00000024   Code   RO         1619    i.HAL_NVIC_SetPriorityGrouping  stm32f4xx_hal_cortex.o
    0x08000fd4   0x08000fd4   0x00000134   Code   RO          869    i.HAL_RCC_ClockConfig  stm32f4xx_hal_rcc.o
    0x08001108   0x08001108   0x00000040   Code   RO          873    i.HAL_RCC_GetClockConfig  stm32f4xx_hal_rcc.o
    0x08001148   0x08001148   0x00000020   Code   RO          876    i.HAL_RCC_GetPCLK1Freq  stm32f4xx_hal_rcc.o
    0x08001168   0x08001168   0x00000020   Code   RO          877    i.HAL_RCC_GetPCLK2Freq  stm32f4xx_hal_rcc.o
    0x08001188   0x08001188   0x00000064   Code   RO          878    i.HAL_RCC_GetSysClockFreq  stm32f4xx_hal_rcc.o
    0x080011ec   0x080011ec   0x0000035c   Code   RO          881    i.HAL_RCC_OscConfig  stm32f4xx_hal_rcc.o
    0x08001548   0x08001548   0x00000002   Code   RO         2677    i.HAL_TIMEx_BreakCallback  stm32f4xx_hal_tim_ex.o
    0x0800154a   0x0800154a   0x00000002   Code   RO         2678    i.HAL_TIMEx_CommutCallback  stm32f4xx_hal_tim_ex.o
    0x0800154c   0x0800154c   0x00000090   Code   RO         2695    i.HAL_TIMEx_MasterConfigSynchronization  stm32f4xx_hal_tim_ex.o
    0x080015dc   0x080015dc   0x00000036   Code   RO         2002    i.HAL_TIM_Base_Init  stm32f4xx_hal_tim.o
    0x08001612   0x08001612   0x00000002   PAD
    0x08001614   0x08001614   0x00000028   Code   RO          387    i.HAL_TIM_Base_MspInit  tim.o
    0x0800163c   0x0800163c   0x00000024   Code   RO         2005    i.HAL_TIM_Base_Start  stm32f4xx_hal_tim.o
    0x08001660   0x08001660   0x00000022   Code   RO         2007    i.HAL_TIM_Base_Start_IT  stm32f4xx_hal_tim.o
    0x08001682   0x08001682   0x0000002c   Code   RO         2008    i.HAL_TIM_Base_Stop  stm32f4xx_hal_tim.o
    0x080016ae   0x080016ae   0x000000d6   Code   RO         2011    i.HAL_TIM_ConfigClockSource  stm32f4xx_hal_tim.o
    0x08001784   0x08001784   0x00000002   Code   RO         2031    i.HAL_TIM_IC_CaptureCallback  stm32f4xx_hal_tim.o
    0x08001786   0x08001786   0x00000166   Code   RO         2045    i.HAL_TIM_IRQHandler  stm32f4xx_hal_tim.o
    0x080018ec   0x080018ec   0x00000002   Code   RO         2048    i.HAL_TIM_OC_DelayElapsedCallback  stm32f4xx_hal_tim.o
    0x080018ee   0x080018ee   0x00000002   Code   RO         2075    i.HAL_TIM_PWM_PulseFinishedCallback  stm32f4xx_hal_tim.o
    0x080018f0   0x080018f0   0x00000014   Code   RO           14    i.HAL_TIM_PeriodElapsedCallback  main.o
    0x08001904   0x08001904   0x00000002   Code   RO         2088    i.HAL_TIM_TriggerCallback  stm32f4xx_hal_tim.o
    0x08001906   0x08001906   0x00000002   Code   RO         2949    i.HAL_UART_ErrorCallback  stm32f4xx_hal_uart.o
    0x08001908   0x08001908   0x00000114   Code   RO         2952    i.HAL_UART_IRQHandler  stm32f4xx_hal_uart.o
    0x08001a1c   0x08001a1c   0x00000062   Code   RO         2953    i.HAL_UART_Init     stm32f4xx_hal_uart.o
    0x08001a7e   0x08001a7e   0x00000002   PAD
    0x08001a80   0x08001a80   0x00000078   Code   RO          435    i.HAL_UART_MspInit  usart.o
    0x08001af8   0x08001af8   0x00000098   Code   RO         2957    i.HAL_UART_Receive_DMA  stm32f4xx_hal_uart.o
    0x08001b90   0x08001b90   0x00000002   Code   RO         2959    i.HAL_UART_RxCpltCallback  stm32f4xx_hal_uart.o
    0x08001b92   0x08001b92   0x00000002   Code   RO         2960    i.HAL_UART_RxHalfCpltCallback  stm32f4xx_hal_uart.o
    0x08001b94   0x08001b94   0x00000002   Code   RO         2964    i.HAL_UART_TxCpltCallback  stm32f4xx_hal_uart.o
    0x08001b96   0x08001b96   0x00000002   Code   RO          493    i.HardFault_Handler  stm32f4xx_it.o
    0x08001b98   0x08001b98   0x00000020   Code   RO         3451    i.Led_reset         ws2812.o
    0x08001bb8   0x08001bb8   0x0000003c   Code   RO          331    i.MX_CAN1_Init      can.o
    0x08001bf4   0x08001bf4   0x00000068   Code   RO          270    i.MX_FREERTOS_Init  freertos.o
    0x08001c5c   0x08001c5c   0x00000120   Code   RO          246    i.MX_GPIO_Init      gpio.o
    0x08001d7c   0x08001d7c   0x00000068   Code   RO          388    i.MX_TIM3_Init      tim.o
    0x08001de4   0x08001de4   0x00000038   Code   RO          437    i.MX_USART2_UART_Init  usart.o
    0x08001e1c   0x08001e1c   0x00000002   Code   RO          494    i.MemManage_Handler  stm32f4xx_it.o
    0x08001e1e   0x08001e1e   0x00000002   Code   RO          495    i.NMI_Handler       stm32f4xx_it.o
    0x08001e20   0x08001e20   0x0000002c   Code   RO         3452    i.RGB_LED_Write0    ws2812.o
    0x08001e4c   0x08001e4c   0x0000002c   Code   RO         3453    i.RGB_LED_Write1    ws2812.o
    0x08001e78   0x08001e78   0x0000001a   Code   RO         3454    i.RGB_LED_Write_24Bits  ws2812.o
    0x08001e92   0x08001e92   0x00000022   Code   RO         3455    i.RGB_LED_Write_Byte  ws2812.o
    0x08001eb4   0x08001eb4   0x000000cc   Code   RO         3292    i.RemoteDataMsg_Process  dr16.o
    0x08001f80   0x08001f80   0x000000c4   Code   RO         3365    i.Run_led           windmill.o
    0x08002044   0x08002044   0x0000002c   Code   RO         4769    i.SysTick_Handler   port.o
    0x08002070   0x08002070   0x00000088   Code   RO           15    i.SystemClock_Config  main.o
    0x080020f8   0x080020f8   0x0000001c   Code   RO         3255    i.SystemInit        system_stm32f4xx.o
    0x08002114   0x08002114   0x0000000c   Code   RO          496    i.TIM6_DAC_IRQHandler  stm32f4xx_it.o
    0x08002120   0x08002120   0x000000c8   Code   RO         2090    i.TIM_Base_SetConfig  stm32f4xx_hal_tim.o
    0x080021e8   0x080021e8   0x00000014   Code   RO         2101    i.TIM_ETR_SetConfig  stm32f4xx_hal_tim.o
    0x080021fc   0x080021fc   0x00000010   Code   RO         2102    i.TIM_ITRx_SetConfig  stm32f4xx_hal_tim.o
    0x0800220c   0x0800220c   0x00000022   Code   RO         2108    i.TIM_TI1_ConfigInputStage  stm32f4xx_hal_tim.o
    0x0800222e   0x0800222e   0x00000024   Code   RO         2110    i.TIM_TI2_ConfigInputStage  stm32f4xx_hal_tim.o
    0x08002252   0x08002252   0x00000002   PAD
    0x08002254   0x08002254   0x00000028   Code   RO          271    i.TaskMSG           freertos.o
    0x0800227c   0x0800227c   0x0000001a   Code   RO          272    i.TaskRUN           freertos.o
    0x08002296   0x08002296   0x00000002   PAD
    0x08002298   0x08002298   0x00000010   Code   RO          438    i.UART2_DMARxStart  usart.o
    0x080022a8   0x080022a8   0x00000010   Code   RO         2966    i.UART_DMAAbortOnError  stm32f4xx_hal_uart.o
    0x080022b8   0x080022b8   0x0000004a   Code   RO         2967    i.UART_DMAError     stm32f4xx_hal_uart.o
    0x08002302   0x08002302   0x0000003c   Code   RO         2968    i.UART_DMAReceiveCplt  stm32f4xx_hal_uart.o
    0x0800233e   0x0800233e   0x0000000a   Code   RO         2970    i.UART_DMARxHalfCplt  stm32f4xx_hal_uart.o
    0x08002348   0x08002348   0x0000001c   Code   RO         2976    i.UART_EndRxTransfer  stm32f4xx_hal_uart.o
    0x08002364   0x08002364   0x00000012   Code   RO         2977    i.UART_EndTxTransfer  stm32f4xx_hal_uart.o
    0x08002376   0x08002376   0x00000096   Code   RO         2978    i.UART_Receive_IT   stm32f4xx_hal_uart.o
    0x0800240c   0x0800240c   0x00000128   Code   RO         2979    i.UART_SetConfig    stm32f4xx_hal_uart.o
    0x08002534   0x08002534   0x00000062   Code   RO         2980    i.UART_Transmit_IT  stm32f4xx_hal_uart.o
    0x08002596   0x08002596   0x00000002   PAD
    0x08002598   0x08002598   0x0000000c   Code   RO          497    i.USART2_IRQHandler  stm32f4xx_it.o
    0x080025a4   0x080025a4   0x00000002   Code   RO          498    i.UsageFault_Handler  stm32f4xx_it.o
    0x080025a6   0x080025a6   0x00000002   PAD
    0x080025a8   0x080025a8   0x00000084   Code   RO         3366    i.WS2812_reset      windmill.o
    0x0800262c   0x0800262c   0x00000020   Code   RO         1625    i.__NVIC_SetPriority  stm32f4xx_hal_cortex.o
    0x0800264c   0x0800264c   0x0000000e   Code   RO         4893    i.__scatterload_copy  mc_w.l(handlers.o)
    0x0800265a   0x0800265a   0x00000002   Code   RO         4894    i.__scatterload_null  mc_w.l(handlers.o)
    0x0800265c   0x0800265c   0x0000000e   Code   RO         4895    i.__scatterload_zeroinit  mc_w.l(handlers.o)
    0x0800266a   0x0800266a   0x0000000c   Code   RO         3456    i.delay_us          ws2812.o
    0x08002676   0x08002676   0x00000002   PAD
    0x08002678   0x08002678   0x00000040   Code   RO         3367    i.fortest           windmill.o
    0x080026b8   0x080026b8   0x0000000c   Code   RO         4338    i.inHandlerMode     cmsis_os.o
    0x080026c4   0x080026c4   0x00000036   Code   RO           16    i.main              main.o
    0x080026fa   0x080026fa   0x0000000c   Code   RO         4340    i.makeFreeRtosPriority  cmsis_os.o
    0x08002706   0x08002706   0x0000000e   Code   RO         4342    i.osDelay           cmsis_os.o
    0x08002714   0x08002714   0x0000000a   Code   RO         4345    i.osKernelStart     cmsis_os.o
    0x0800271e   0x0800271e   0x00000026   Code   RO         4354    i.osMessageCreate   cmsis_os.o
    0x08002744   0x08002744   0x0000005c   Code   RO         4358    i.osMessagePut      cmsis_os.o
    0x080027a0   0x080027a0   0x0000006a   Code   RO         4364    i.osPoolAlloc       cmsis_os.o
    0x0800280a   0x0800280a   0x0000005e   Code   RO         4366    i.osPoolCreate      cmsis_os.o
    0x08002868   0x08002868   0x00000054   Code   RO         4379    i.osThreadCreate    cmsis_os.o
    0x080028bc   0x080028bc   0x0000002c   Code   RO         3368    i.param_init        windmill.o
    0x080028e8   0x080028e8   0x00000070   Code   RO         4034    i.prvAddCurrentTaskToDelayedList  tasks.o
    0x08002958   0x08002958   0x000000d0   Code   RO         4035    i.prvAddNewTaskToReadyList  tasks.o
    0x08002a28   0x08002a28   0x0000006c   Code   RO         3711    i.prvCopyDataToQueue  queue.o
    0x08002a94   0x08002a94   0x00000034   Code   RO         4036    i.prvDeleteTCB      tasks.o
    0x08002ac8   0x08002ac8   0x0000004c   Code   RO         4707    i.prvHeapInit       heap_4.o
    0x08002b14   0x08002b14   0x00000060   Code   RO         4037    i.prvIdleTask       tasks.o
    0x08002b74   0x08002b74   0x00000016   Code   RO         3713    i.prvInitialiseNewQueue  queue.o
    0x08002b8a   0x08002b8a   0x00000098   Code   RO         4038    i.prvInitialiseNewTask  tasks.o
    0x08002c22   0x08002c22   0x00000002   PAD
    0x08002c24   0x08002c24   0x0000004c   Code   RO         4708    i.prvInsertBlockIntoFreeList  heap_4.o
    0x08002c70   0x08002c70   0x00000020   Code   RO         4039    i.prvResetNextTaskUnblockTime  tasks.o
    0x08002c90   0x08002c90   0x00000028   Code   RO         4770    i.prvTaskExitError  port.o
    0x08002cb8   0x08002cb8   0x0000006a   Code   RO         3715    i.prvUnlockQueue    queue.o
    0x08002d22   0x08002d22   0x00000002   PAD
    0x08002d24   0x08002d24   0x000000d8   Code   RO         4709    i.pvPortMalloc      heap_4.o
    0x08002dfc   0x08002dfc   0x0000002c   Code   RO         4771    i.pxPortInitialiseStack  port.o
    0x08002e28   0x08002e28   0x0000002c   Code   RO         3370    i.queue_get         windmill.o
    0x08002e54   0x08002e54   0x00000028   Code   RO         3371    i.queue_insert      windmill.o
    0x08002e7c   0x08002e7c   0x00000030   Code   RO          389    i.user_delay_us     tim.o
    0x08002eac   0x08002eac   0x00000026   Code   RO         3670    i.uxListRemove      list.o
    0x08002ed2   0x08002ed2   0x00000002   PAD
    0x08002ed4   0x08002ed4   0x00000014   Code   RO          273    i.vApplicationGetIdleTaskMemory  freertos.o
    0x08002ee8   0x08002ee8   0x00000016   Code   RO         3671    i.vListInitialise   list.o
    0x08002efe   0x08002efe   0x00000006   Code   RO         3672    i.vListInitialiseItem  list.o
    0x08002f04   0x08002f04   0x00000030   Code   RO         3673    i.vListInsert       list.o
    0x08002f34   0x08002f34   0x00000018   Code   RO         3674    i.vListInsertEnd    list.o
    0x08002f4c   0x08002f4c   0x00000040   Code   RO         4773    i.vPortEnterCritical  port.o
    0x08002f8c   0x08002f8c   0x00000028   Code   RO         4774    i.vPortExitCritical  port.o
    0x08002fb4   0x08002fb4   0x0000005c   Code   RO         4710    i.vPortFree         heap_4.o
    0x08003010   0x08003010   0x00000024   Code   RO         4775    i.vPortSetupTimerInterrupt  port.o
    0x08003034   0x08003034   0x00000054   Code   RO         4776    i.vPortValidateInterruptPriority  port.o
    0x08003088   0x08003088   0x0000004c   Code   RO         4047    i.vTaskDelay        tasks.o
    0x080030d4   0x080030d4   0x00000010   Code   RO         4050    i.vTaskInternalSetTimeOutState  tasks.o
    0x080030e4   0x080030e4   0x0000000c   Code   RO         4051    i.vTaskMissedYield  tasks.o
    0x080030f0   0x080030f0   0x00000030   Code   RO         4053    i.vTaskPlaceOnEventList  tasks.o
    0x08003120   0x08003120   0x0000006c   Code   RO         4060    i.vTaskStartScheduler  tasks.o
    0x0800318c   0x0800318c   0x00000010   Code   RO         4062    i.vTaskSuspendAll   tasks.o
    0x0800319c   0x0800319c   0x0000005c   Code   RO         4063    i.vTaskSwitchContext  tasks.o
    0x080031f8   0x080031f8   0x0000005c   Code   RO         3372    i.windmill_Process  windmill.o
    0x08003254   0x08003254   0x000000f4   Code   RO         4777    i.xPortStartScheduler  port.o
    0x08003348   0x08003348   0x00000048   Code   RO         3724    i.xQueueGenericCreate  queue.o
    0x08003390   0x08003390   0x00000066   Code   RO         3725    i.xQueueGenericCreateStatic  queue.o
    0x080033f6   0x080033f6   0x00000002   PAD
    0x080033f8   0x080033f8   0x00000088   Code   RO         3726    i.xQueueGenericReset  queue.o
    0x08003480   0x08003480   0x00000160   Code   RO         3727    i.xQueueGenericSend  queue.o
    0x080035e0   0x080035e0   0x000000bc   Code   RO         3728    i.xQueueGenericSendFromISR  queue.o
    0x0800369c   0x0800369c   0x00000074   Code   RO         4064    i.xTaskCheckForTimeOut  tasks.o
    0x08003710   0x08003710   0x0000005a   Code   RO         4065    i.xTaskCreate       tasks.o
    0x0800376a   0x0800376a   0x00000056   Code   RO         4066    i.xTaskCreateStatic  tasks.o
    0x080037c0   0x080037c0   0x0000001c   Code   RO         4070    i.xTaskGetSchedulerState  tasks.o
    0x080037dc   0x080037dc   0x000000c8   Code   RO         4073    i.xTaskIncrementTick  tasks.o
    0x080038a4   0x080038a4   0x00000098   Code   RO         4076    i.xTaskPriorityDisinherit  tasks.o
    0x0800393c   0x0800393c   0x00000074   Code   RO         4078    i.xTaskRemoveFromEventList  tasks.o
    0x080039b0   0x080039b0   0x000000c4   Code   RO         4079    i.xTaskResumeAll    tasks.o
    0x08003a74   0x08003a74   0x00000054   Data   RO          275    .constdata          freertos.o
    0x08003ac8   0x08003ac8   0x00000010   Data   RO         3256    .constdata          system_stm32f4xx.o
    0x08003ad8   0x08003ad8   0x00000008   Data   RO         3257    .constdata          system_stm32f4xx.o
    0x08003ae0   0x08003ae0   0x00000008   Data   RO          276    .conststring        freertos.o
    0x08003ae8   0x08003ae8   0x00000020   Data   RO         4891    Region$$Table       anon$$obj.o


    Execution Region RW_IRAM2 (Exec base: 0x10000000, Load base: 0x08003bbc, Size: 0x00000000, Max: 0x00010000, ABSOLUTE)

    **** No section assigned to this execution region ****


    Execution Region RW_IRAM1 (Exec base: 0x20000000, Load base: 0x08003b08, Size: 0x00004508, Max: 0x00020000, ABSOLUTE)

    Exec Addr    Load Addr    Size         Type   Attr      Idx    E Section Name        Object

    0x20000000   0x08003b08   0x00000010   Data   RW          277    .data               freertos.o
    0x20000010   0x08003b18   0x0000000c   Data   RW         1769    .data               stm32f4xx_hal.o
    0x2000001c   0x08003b24   0x00000004   Data   RW         3258    .data               system_stm32f4xx.o
    0x20000020   0x08003b28   0x0000001c   Data   RW         3375    .data               windmill.o
    0x2000003c   0x08003b44   0x00000004   Data   RW         3457    .data               ws2812.o
    0x20000040   0x08003b48   0x00000008   Data   RW         3458    .data               ws2812.o
    0x20000048   0x08003b50   0x00000004   Data   RW         3459    .data               ws2812.o
    0x2000004c   0x08003b54   0x00000002   Data   RW         3460    .data               ws2812.o
    0x2000004e   0x08003b56   0x00000002   Data   RW         3461    .data               ws2812.o
    0x20000050   0x08003b58   0x00000002   Data   RW         3520    .data               m6020_motor.o
    0x20000052   0x08003b5a   0x00000002   PAD
    0x20000054   0x08003b5c   0x0000003c   Data   RW         4082    .data               tasks.o
    0x20000090   0x08003b98   0x00000018   Data   RW         4715    .data               heap_4.o
    0x200000a8   0x08003bb0   0x0000000c   Data   RW         4778    .data               port.o
    0x200000b4        -       0x00000254   Zero   RW          274    .bss                freertos.o
    0x20000308        -       0x00000028   Zero   RW          332    .bss                can.o
    0x20000330        -       0x00000040   Zero   RW          390    .bss                tim.o
    0x20000370        -       0x00000054   Zero   RW          439    .bss                usart.o
    0x200003c4        -       0x00000040   Zero   RW          598    .bss                stm32f4xx_hal_timebase_tim.o
    0x20000404        -       0x00000014   Zero   RW         3373    .bss                windmill.o
    0x20000418        -       0x000000f0   Zero   RW         4081    .bss                tasks.o
    0x20000508        -       0x00003c00   Zero   RW         4714    .bss                heap_4.o
    0x20004108        -       0x00000400   Zero   RW            1    STACK               startup_stm32f407xx.o


==============================================================================

Image component sizes


      Code (inc. data)   RO Data    RW Data    ZI Data      Debug   Object Name

       292         34          0          0         40       2879   can.o
       462          6          0          0          0      32263   cmsis_os.o
       204          6          0          0          0        852   dr16.o
         0          0          0          0          0      18864   event_groups.o
       190         18         92         16        596       3262   freertos.o
       288         20          0          0          0       1043   gpio.o
       460         24          0         24      15360       7291   heap_4.o
       138          0          0          0          0       3518   list.o
         0          0          0          2          0        577   m6020_motor.o
       212         16          0          0          0     732064   main.o
       786         82          0         12          0      11873   port.o
      1086         10          0          0          0      13746   queue.o
        36          8        392          0       1024        832   startup_stm32f407xx.o
       116         18          0         12          0       8682   stm32f4xx_hal.o
      1438          6          0          0          0      13036   stm32f4xx_hal_can.o
       158         14          0          0          0      33134   stm32f4xx_hal_cortex.o
       186          0          0          0          0       2922   stm32f4xx_hal_dma.o
       450         46          0          0          0       2384   stm32f4xx_hal_gpio.o
        48          6          0          0          0        846   stm32f4xx_hal_msp.o
      1396         86          0          0          0       5849   stm32f4xx_hal_rcc.o
      1054         44          0          0          0      11178   stm32f4xx_hal_tim.o
       148         28          0          0          0       2433   stm32f4xx_hal_tim_ex.o
       116         16          0          0         64       1407   stm32f4xx_hal_timebase_tim.o
      1284         30          0          0          0      11212   stm32f4xx_hal_uart.o
        60         24          0          0          0       4614   stm32f4xx_it.o
         0          0          0          0          0        408   stream_buffer.o
        28          6         24          4          0       1143   system_stm32f4xx.o
      2004        148          0         60        240      24998   tasks.o
       192         24          0          0         64       2206   tim.o
       192         24          0          0         84       2224   usart.o
      1004        190          0         28         20       6260   windmill.o
       192         14          0         20          0       4032   ws2812.o

    ----------------------------------------------------------------------
     14254        948        540        180      17492     968032   Object Totals
         0          0         32          0          0          0   (incl. Generated)
        34          0          0          2          0          0   (incl. Padding)

    ----------------------------------------------------------------------

      Code (inc. data)   RO Data    RW Data    ZI Data      Debug   Library Member Name

         0          0          0          0          0          0   entry.o
         0          0          0          0          0          0   entry10a.o
         0          0          0          0          0          0   entry11a.o
         8          4          0          0          0          0   entry2.o
         4          0          0          0          0          0   entry5.o
         0          0          0          0          0          0   entry7b.o
         0          0          0          0          0          0   entry8b.o
         8          4          0          0          0          0   entry9a.o
        30          0          0          0          0          0   handlers.o
        36          8          0          0          0         68   init.o
        30          0          0          0          0         68   llshl.o
        32          0          0          0          0         68   llushr.o
        36          0          0          0          0         68   memcpya.o
        36          0          0          0          0        108   memseta.o
        98          0          0          0          0         92   uldiv.o

    ----------------------------------------------------------------------
       318         16          0          0          0        472   Library Totals
         0          0          0          0          0          0   (incl. Padding)

    ----------------------------------------------------------------------

      Code (inc. data)   RO Data    RW Data    ZI Data      Debug   Library Name

       318         16          0          0          0        472   mc_w.l

    ----------------------------------------------------------------------
       318         16          0          0          0        472   Library Totals

    ----------------------------------------------------------------------

==============================================================================


      Code (inc. data)   RO Data    RW Data    ZI Data      Debug   

     14572        964        540        180      17492     951852   Grand Totals
     14572        964        540        180      17492     951852   ELF Image Totals
     14572        964        540        180          0          0   ROM Totals

==============================================================================

    Total RO  Size (Code + RO Data)                15112 (  14.76kB)
    Total RW  Size (RW Data + ZI Data)             17672 (  17.26kB)
    Total ROM Size (Code + RO Data + RW Data)      15292 (  14.93kB)

==============================================================================

